Archive member included to satisfy reference by file (symbol)

/usr/local/Caskroom/gcc-arm-embedded/8-2018-q4-major/gcc-arm-none-eabi-8-2018-q4-major/bin/../lib/gcc/arm-none-eabi/8.2.1/thumb/v7-m/nofp/libgcc.a(_arm_addsubdf3.o)
                              CMakeFiles/Oplink.elf.dir/Src/RFM69.c.obj (__aeabi_ui2d)
/usr/local/Caskroom/gcc-arm-embedded/8-2018-q4-major/gcc-arm-none-eabi-8-2018-q4-major/bin/../lib/gcc/arm-none-eabi/8.2.1/thumb/v7-m/nofp/libgcc.a(_arm_muldivdf3.o)
                              CMakeFiles/Oplink.elf.dir/Src/RFM69.c.obj (__aeabi_dmul)
/usr/local/Caskroom/gcc-arm-embedded/8-2018-q4-major/gcc-arm-none-eabi-8-2018-q4-major/bin/../lib/gcc/arm-none-eabi/8.2.1/thumb/v7-m/nofp/libgcc.a(_arm_fixunsdfsi.o)
                              CMakeFiles/Oplink.elf.dir/Src/RFM69.c.obj (__aeabi_d2uiz)
/usr/local/Caskroom/gcc-arm-embedded/8-2018-q4-major/gcc-arm-none-eabi-8-2018-q4-major/bin/../lib/gcc/arm-none-eabi/8.2.1/../../../../arm-none-eabi/lib/thumb/v7-m/nofp/libg_nano.a(lib_a-exit.o)
                              /usr/local/Caskroom/gcc-arm-embedded/8-2018-q4-major/gcc-arm-none-eabi-8-2018-q4-major/bin/../lib/gcc/arm-none-eabi/8.2.1/../../../../arm-none-eabi/lib/thumb/v7-m/nofp/crt0.o (exit)
/usr/local/Caskroom/gcc-arm-embedded/8-2018-q4-major/gcc-arm-none-eabi-8-2018-q4-major/bin/../lib/gcc/arm-none-eabi/8.2.1/../../../../arm-none-eabi/lib/thumb/v7-m/nofp/libg_nano.a(lib_a-impure.o)
                              /usr/local/Caskroom/gcc-arm-embedded/8-2018-q4-major/gcc-arm-none-eabi-8-2018-q4-major/bin/../lib/gcc/arm-none-eabi/8.2.1/../../../../arm-none-eabi/lib/thumb/v7-m/nofp/libg_nano.a(lib_a-exit.o) (_global_impure_ptr)
/usr/local/Caskroom/gcc-arm-embedded/8-2018-q4-major/gcc-arm-none-eabi-8-2018-q4-major/bin/../lib/gcc/arm-none-eabi/8.2.1/../../../../arm-none-eabi/lib/thumb/v7-m/nofp/libg_nano.a(lib_a-init.o)
                              /usr/local/Caskroom/gcc-arm-embedded/8-2018-q4-major/gcc-arm-none-eabi-8-2018-q4-major/bin/../lib/gcc/arm-none-eabi/8.2.1/../../../../arm-none-eabi/lib/thumb/v7-m/nofp/crt0.o (__libc_init_array)
/usr/local/Caskroom/gcc-arm-embedded/8-2018-q4-major/gcc-arm-none-eabi-8-2018-q4-major/bin/../lib/gcc/arm-none-eabi/8.2.1/../../../../arm-none-eabi/lib/thumb/v7-m/nofp/libg_nano.a(lib_a-memcpy-stub.o)
                              CMakeFiles/Oplink.elf.dir/Src/usbd_cdc_if.c.obj (memcpy)
/usr/local/Caskroom/gcc-arm-embedded/8-2018-q4-major/gcc-arm-none-eabi-8-2018-q4-major/bin/../lib/gcc/arm-none-eabi/8.2.1/../../../../arm-none-eabi/lib/thumb/v7-m/nofp/libg_nano.a(lib_a-memset.o)
                              /usr/local/Caskroom/gcc-arm-embedded/8-2018-q4-major/gcc-arm-none-eabi-8-2018-q4-major/bin/../lib/gcc/arm-none-eabi/8.2.1/../../../../arm-none-eabi/lib/thumb/v7-m/nofp/crt0.o (memset)
/usr/local/Caskroom/gcc-arm-embedded/8-2018-q4-major/gcc-arm-none-eabi-8-2018-q4-major/bin/../lib/gcc/arm-none-eabi/8.2.1/../../../../arm-none-eabi/lib/thumb/v7-m/nofp/libg_nano.a(lib_a-nano-vfprintf_float.o)
                              (_printf_float)
/usr/local/Caskroom/gcc-arm-embedded/8-2018-q4-major/gcc-arm-none-eabi-8-2018-q4-major/bin/../lib/gcc/arm-none-eabi/8.2.1/../../../../arm-none-eabi/lib/thumb/v7-m/nofp/libg_nano.a(lib_a-nano-vfprintf_i.o)
                              /usr/local/Caskroom/gcc-arm-embedded/8-2018-q4-major/gcc-arm-none-eabi-8-2018-q4-major/bin/../lib/gcc/arm-none-eabi/8.2.1/../../../../arm-none-eabi/lib/thumb/v7-m/nofp/libg_nano.a(lib_a-nano-vfprintf_float.o) (_printf_common)
/usr/local/Caskroom/gcc-arm-embedded/8-2018-q4-major/gcc-arm-none-eabi-8-2018-q4-major/bin/../lib/gcc/arm-none-eabi/8.2.1/../../../../arm-none-eabi/lib/thumb/v7-m/nofp/libg_nano.a(lib_a-sprintf.o)
                              CMakeFiles/Oplink.elf.dir/Src/RFM69.c.obj (sprintf)
/usr/local/Caskroom/gcc-arm-embedded/8-2018-q4-major/gcc-arm-none-eabi-8-2018-q4-major/bin/../lib/gcc/arm-none-eabi/8.2.1/../../../../arm-none-eabi/lib/thumb/v7-m/nofp/libg_nano.a(lib_a-strlen.o)
                              CMakeFiles/Oplink.elf.dir/Src/main.c.obj (strlen)
/usr/local/Caskroom/gcc-arm-embedded/8-2018-q4-major/gcc-arm-none-eabi-8-2018-q4-major/bin/../lib/gcc/arm-none-eabi/8.2.1/../../../../arm-none-eabi/lib/thumb/v7-m/nofp/libg_nano.a(lib_a-strncat.o)
                              CMakeFiles/Oplink.elf.dir/Src/usbd_cdc_if.c.obj (strncat)
/usr/local/Caskroom/gcc-arm-embedded/8-2018-q4-major/gcc-arm-none-eabi-8-2018-q4-major/bin/../lib/gcc/arm-none-eabi/8.2.1/../../../../arm-none-eabi/lib/thumb/v7-m/nofp/libg_nano.a(lib_a-dtoa.o)
                              /usr/local/Caskroom/gcc-arm-embedded/8-2018-q4-major/gcc-arm-none-eabi-8-2018-q4-major/bin/../lib/gcc/arm-none-eabi/8.2.1/../../../../arm-none-eabi/lib/thumb/v7-m/nofp/libg_nano.a(lib_a-nano-vfprintf_float.o) (_dtoa_r)
/usr/local/Caskroom/gcc-arm-embedded/8-2018-q4-major/gcc-arm-none-eabi-8-2018-q4-major/bin/../lib/gcc/arm-none-eabi/8.2.1/../../../../arm-none-eabi/lib/thumb/v7-m/nofp/libg_nano.a(lib_a-localeconv.o)
[...]
Memory Configuration

Name             Origin             Length             Attributes
RAM              0x0000000020000000 0x0000000000005000 xrw
FLASH            0x0000000008000000 0x0000000000020000 xr
*default*        0x0000000000000000 0xffffffffffffffff

Linker script and memory map

LOAD /usr/local/Caskroom/gcc-arm-embedded/8-2018-q4-major/gcc-arm-none-eabi-8-2018-q4-major/bin/../lib/gcc/arm-none-eabi/8.2.1/thumb/v7-m/nofp/crti.o
LOAD /usr/local/Caskroom/gcc-arm-embedded/8-2018-q4-major/gcc-arm-none-eabi-8-2018-q4-major/bin/../lib/gcc/arm-none-eabi/8.2.1/thumb/v7-m/nofp/crtbegin.o
LOAD /usr/local/Caskroom/gcc-arm-embedded/8-2018-q4-major/gcc-arm-none-eabi-8-2018-q4-major/bin/../lib/gcc/arm-none-eabi/8.2.1/../../../../arm-none-eabi/lib/thumb/v7-m/nofp/crt0.o
LOAD CMakeFiles/Oplink.elf.dir/Drivers/STM32F1xx_HAL_Driver/Src/stm32f1xx_hal.c.obj
LOAD CMakeFiles/Oplink.elf.dir/Drivers/STM32F1xx_HAL_Driver/Src/stm32f1xx_hal_cortex.c.obj
LOAD CMakeFiles/Oplink.elf.dir/Drivers/STM32F1xx_HAL_Driver/Src/stm32f1xx_hal_dma.c.obj
LOAD CMakeFiles/Oplink.elf.dir/Drivers/STM32F1xx_HAL_Driver/Src/stm32f1xx_hal_flash.c.obj
LOAD CMakeFiles/Oplink.elf.dir/Drivers/STM32F1xx_HAL_Driver/Src/stm32f1xx_hal_flash_ex.c.obj
LOAD CMakeFiles/Oplink.elf.dir/Drivers/STM32F1xx_HAL_Driver/Src/stm32f1xx_hal_gpio.c.obj
LOAD CMakeFiles/Oplink.elf.dir/Drivers/STM32F1xx_HAL_Driver/Src/stm32f1xx_hal_gpio_ex.c.obj
LOAD CMakeFiles/Oplink.elf.dir/Drivers/STM32F1xx_HAL_Driver/Src/stm32f1xx_hal_pcd.c.obj
LOAD CMakeFiles/Oplink.elf.dir/Drivers/STM32F1xx_HAL_Driver/Src/stm32f1xx_hal_pcd_ex.c.obj
LOAD CMakeFiles/Oplink.elf.dir/Drivers/STM32F1xx_HAL_Driver/Src/stm32f1xx_hal_pwr.c.obj
LOAD CMakeFiles/Oplink.elf.dir/Drivers/STM32F1xx_HAL_Driver/Src/stm32f1xx_hal_rcc.c.obj
LOAD CMakeFiles/Oplink.elf.dir/Drivers/STM32F1xx_HAL_Driver/Src/stm32f1xx_hal_rcc_ex.c.obj
LOAD CMakeFiles/Oplink.elf.dir/Drivers/STM32F1xx_HAL_Driver/Src/stm32f1xx_hal_spi.c.obj
LOAD CMakeFiles/Oplink.elf.dir/Drivers/STM32F1xx_HAL_Driver/Src/stm32f1xx_hal_spi_ex.c.obj
LOAD CMakeFiles/Oplink.elf.dir/Drivers/STM32F1xx_HAL_Driver/Src/stm32f1xx_hal_tim.c.obj
LOAD CMakeFiles/Oplink.elf.dir/Drivers/STM32F1xx_HAL_Driver/Src/stm32f1xx_hal_tim_ex.c.obj
LOAD CMakeFiles/Oplink.elf.dir/Drivers/STM32F1xx_HAL_Driver/Src/stm32f1xx_hal_uart.c.obj
LOAD CMakeFiles/Oplink.elf.dir/Drivers/STM32F1xx_HAL_Driver/Src/stm32f1xx_ll_usb.c.obj
LOAD CMakeFiles/Oplink.elf.dir/Middlewares/ST/STM32_USB_Device_Library/Class/CDC/Src/usbd_cdc.c.obj
LOAD CMakeFiles/Oplink.elf.dir/Middlewares/ST/STM32_USB_Device_Library/Core/Src/usbd_core.c.obj
LOAD CMakeFiles/Oplink.elf.dir/Middlewares/ST/STM32_USB_Device_Library/Core/Src/usbd_ctlreq.c.obj
LOAD CMakeFiles/Oplink.elf.dir/Middlewares/ST/STM32_USB_Device_Library/Core/Src/usbd_ioreq.c.obj
LOAD CMakeFiles/Oplink.elf.dir/Src/RFM69.c.obj
LOAD CMakeFiles/Oplink.elf.dir/Src/control_rf69.c.obj
LOAD CMakeFiles/Oplink.elf.dir/Src/main.c.obj
LOAD CMakeFiles/Oplink.elf.dir/Src/stm32f1xx_hal_msp.c.obj
LOAD CMakeFiles/Oplink.elf.dir/Src/stm32f1xx_it.c.obj
LOAD CMakeFiles/Oplink.elf.dir/Src/system_stm32f1xx.c.obj
LOAD CMakeFiles/Oplink.elf.dir/Src/usb_device.c.obj
LOAD CMakeFiles/Oplink.elf.dir/Src/usbd_cdc_if.c.obj
LOAD CMakeFiles/Oplink.elf.dir/Src/usbd_conf.c.obj
LOAD CMakeFiles/Oplink.elf.dir/Src/usbd_desc.c.obj
LOAD CMakeFiles/Oplink.elf.dir/startup/startup_stm32f103xb.s.obj
START GROUP
LOAD /usr/local/Caskroom/gcc-arm-embedded/8-2018-q4-major/gcc-arm-none-eabi-8-2018-q4-major/bin/../lib/gcc/arm-none-eabi/8.2.1/thumb/v7-m/nofp/libgcc.a
LOAD /usr/local/Caskroom/gcc-arm-embedded/8-2018-q4-major/gcc-arm-none-eabi-8-2018-q4-major/bin/../lib/gcc/arm-none-eabi/8.2.1/../../../../arm-none-eabi/lib/thumb/v7-m/nofp/libg_nano.a
LOAD /usr/local/Caskroom/gcc-arm-embedded/8-2018-q4-major/gcc-arm-none-eabi-8-2018-q4-major/bin/../lib/gcc/arm-none-eabi/8.2.1/../../../../arm-none-eabi/lib/thumb/v7-m/nofp/libc_nano.a
END GROUP
START GROUP
LOAD /usr/local/Caskroom/gcc-arm-embedded/8-2018-q4-major/gcc-arm-none-eabi-8-2018-q4-major/bin/../lib/gcc/arm-none-eabi/8.2.1/thumb/v7-m/nofp/libgcc.a
LOAD /usr/local/Caskroom/gcc-arm-embedded/8-2018-q4-major/gcc-arm-none-eabi-8-2018-q4-major/bin/../lib/gcc/arm-none-eabi/8.2.1/../../../../arm-none-eabi/lib/thumb/v7-m/nofp/libc_nano.a
LOAD /usr/local/Caskroom/gcc-arm-embedded/8-2018-q4-major/gcc-arm-none-eabi-8-2018-q4-major/bin/../lib/gcc/arm-none-eabi/8.2.1/../../../../arm-none-eabi/lib/thumb/v7-m/nofp/libnosys.a
END GROUP
START GROUP
LOAD /usr/local/Caskroom/gcc-arm-embedded/8-2018-q4-major/gcc-arm-none-eabi-8-2018-q4-major/bin/../lib/gcc/arm-none-eabi/8.2.1/thumb/v7-m/nofp/libgcc.a
LOAD /usr/local/Caskroom/gcc-arm-embedded/8-2018-q4-major/gcc-arm-none-eabi-8-2018-q4-major/bin/../lib/gcc/arm-none-eabi/8.2.1/../../../../arm-none-eabi/lib/thumb/v7-m/nofp/libc_nano.a
LOAD /usr/local/Caskroom/gcc-arm-embedded/8-2018-q4-major/gcc-arm-none-eabi-8-2018-q4-major/bin/../lib/gcc/arm-none-eabi/8.2.1/../../../../arm-none-eabi/lib/thumb/v7-m/nofp/libnosys.a
END GROUP
LOAD /usr/local/Caskroom/gcc-arm-embedded/8-2018-q4-major/gcc-arm-none-eabi-8-2018-q4-major/bin/../lib/gcc/arm-none-eabi/8.2.1/thumb/v7-m/nofp/crtend.o
LOAD /usr/local/Caskroom/gcc-arm-embedded/8-2018-q4-major/gcc-arm-none-eabi-8-2018-q4-major/bin/../lib/gcc/arm-none-eabi/8.2.1/thumb/v7-m/nofp/crtn.o
                0x0000000020005000                _estack = 0x20005000
                0x0000000000000200                _Min_Heap_Size = 0x200
                0x0000000000000400                _Min_Stack_Size = 0x400

.isr_vector     0x0000000008000000      0x10c
                0x0000000008000000                . = ALIGN (0x4)
 *(.isr_vector)
 .isr_vector    0x0000000008000000      0x10c CMakeFiles/Oplink.elf.dir/startup/startup_stm32f103xb.s.obj
                0x0000000008000000                g_pfnVectors
                0x000000000800010c                . = ALIGN (0x4)

.text           0x0000000008000110     0x77c8
                0x0000000008000110                . = ALIGN (0x4)
 *(.text)
 .text          0x0000000008000110       0x40 /usr/local/Caskroom/gcc-arm-embedded/8-2018-q4-major/gcc-arm-none-eabi-8-2018-q4-major/bin/../lib/gcc/arm-none-eabi/8.2.1/thumb/v7-m/nofp/crtbegin.o
 .text          0x0000000008000150      0x378 /usr/local/Caskroom/gcc-arm-embedded/8-2018-q4-major/gcc-arm-none-eabi-8-2018-q4-major/bin/../lib/gcc/arm-none-eabi/8.2.1/thumb/v7-m/nofp/libgcc.a(_arm_addsubdf3.o)
                0x0000000008000150                __aeabi_drsub
                0x0000000008000158                __subdf3
                0x0000000008000158                __aeabi_dsub
                0x000000000800015c                __aeabi_dadd
                0x000000000800015c                __adddf3
                0x00000000080003d4                __aeabi_ui2d
                0x00000000080003d4                __floatunsidf
                0x00000000080003f4                __floatsidf
                0x00000000080003f4                __aeabi_i2d
                0x0000000008000418                __extendsfdf2
                0x0000000008000418                __aeabi_f2d
                0x000000000800045c                __aeabi_ul2d
                0x000000000800045c                __floatundidf
                0x000000000800046c                __aeabi_l2d
                0x000000000800046c                __floatdidf
 .text          0x00000000080004c8      0x424 /usr/local/Caskroom/gcc-arm-embedded/8-2018-q4-major/gcc-arm-none-eabi-8-2018-q4-major/bin/../lib/gcc/arm-none-eabi/8.2.1/thumb/v7-m/nofp/libgcc.a(_arm_muldivdf3.o)
                0x00000000080004c8                __aeabi_dmul
                0x00000000080004c8                __muldf3
                0x000000000800071c                __aeabi_ddiv
                0x000000000800071c                __divdf3
 .text          0x00000000080008ec       0x10 /usr/local/Caskroom/gcc-arm-embedded/8-2018-q4-major/gcc-arm-none-eabi-8-2018-q4-major/bin/../lib/gcc/arm-none-eabi/8.2.1/../../../../arm-none-eabi/lib/thumb/v7-m/nofp/libg_nano.a(lib_a-strlen.o)
                0x00000000080008ec                strlen
 .text          0x00000000080008fc      0x110 /usr/local/Caskroom/gcc-arm-embedded/8-2018-q4-major/gcc-arm-none-eabi-8-2018-q4-major/bin/../lib/gcc/arm-none-eabi/8.2.1/thumb/v7-m/nofp/libgcc.a(_arm_cmpdf2.o)
                0x00000000080008fc                __gedf2
                0x00000000080008fc                __gtdf2
                0x0000000008000904                __ledf2
                0x0000000008000904                __ltdf2
                0x000000000800090c                __cmpdf2
                0x000000000800090c                __eqdf2
                0x000000000800090c                __nedf2
                0x0000000008000988                __aeabi_cdrcmple
                0x0000000008000998                __aeabi_cdcmple
                0x0000000008000998                __aeabi_cdcmpeq
                0x00000000080009a8                __aeabi_dcmpeq
                0x00000000080009bc                __aeabi_dcmplt
                0x00000000080009d0                __aeabi_dcmple
                0x00000000080009e4                __aeabi_dcmpge
                0x00000000080009f8                __aeabi_dcmpgt
 .text          0x0000000008000a0c       0x2c /usr/local/Caskroom/gcc-arm-embedded/8-2018-q4-major/gcc-arm-none-eabi-8-2018-q4-major/bin/../lib/gcc/arm-none-eabi/8.2.1/thumb/v7-m/nofp/libgcc.a(_arm_unorddf2.o)
                0x0000000008000a0c                __aeabi_dcmpun
                0x0000000008000a0c                __unorddf2
 .text          0x0000000008000a38       0x50 /usr/local/Caskroom/gcc-arm-embedded/8-2018-q4-major/gcc-arm-none-eabi-8-2018-q4-major/bin/../lib/gcc/arm-none-eabi/8.2.1/thumb/v7-m/nofp/libgcc.a(_arm_fixdfsi.o)
                0x0000000008000a38                __fixdfsi
                0x0000000008000a38                __aeabi_d2iz
 *(.text*)
 .text.HAL_InitTick
                0x0000000008000a88       0x48 CMakeFiles/Oplink.elf.dir/Drivers/STM32F1xx_HAL_Driver/Src/stm32f1xx_hal.c.obj
                0x0000000008000a88                HAL_InitTick
 .text.HAL_Init
                0x0000000008000ad0       0x24 CMakeFiles/Oplink.elf.dir/Drivers/STM32F1xx_HAL_Driver/Src/stm32f1xx_hal.c.obj
                0x0000000008000ad0                HAL_Init
 .text.HAL_IncTick
                0x0000000008000af4       0x18 CMakeFiles/Oplink.elf.dir/Drivers/STM32F1xx_HAL_Driver/Src/stm32f1xx_hal.c.obj
                0x0000000008000af4                HAL_IncTick
 .text.HAL_GetTick
                0x0000000008000b0c        0xc CMakeFiles/Oplink.elf.dir/Drivers/STM32F1xx_HAL_Driver/Src/stm32f1xx_hal.c.obj
                0x0000000008000b0c                HAL_GetTick
 .text.HAL_Delay
                0x0000000008000b18       0x24 CMakeFiles/Oplink.elf.dir/Drivers/STM32F1xx_HAL_Driver/Src/stm32f1xx_hal.c.obj
                0x0000000008000b18                HAL_Delay
 .text.HAL_NVIC_SetPriorityGrouping
                0x0000000008000b3c       0x24 CMakeFiles/Oplink.elf.dir/Drivers/STM32F1xx_HAL_Driver/Src/stm32f1xx_hal_cortex.c.obj
                0x0000000008000b3c                HAL_NVIC_SetPriorityGrouping
 .text.HAL_NVIC_SetPriority
                0x0000000008000b60       0x6c CMakeFiles/Oplink.elf.dir/Drivers/STM32F1xx_HAL_Driver/Src/stm32f1xx_hal_cortex.c.obj
                0x0000000008000b60                HAL_NVIC_SetPriority
 .text.HAL_NVIC_EnableIRQ
                0x0000000008000bcc       0x18 CMakeFiles/Oplink.elf.dir/Drivers/STM32F1xx_HAL_Driver/Src/stm32f1xx_hal_cortex.c.obj
                0x0000000008000bcc                HAL_NVIC_EnableIRQ
 .text.HAL_NVIC_DisableIRQ
                0x0000000008000be4       0x1c CMakeFiles/Oplink.elf.dir/Drivers/STM32F1xx_HAL_Driver/Src/stm32f1xx_hal_cortex.c.obj
                0x0000000008000be4                HAL_NVIC_DisableIRQ
 .text.HAL_SYSTICK_Config
                0x0000000008000c00       0x30 CMakeFiles/Oplink.elf.dir/Drivers/STM32F1xx_HAL_Driver/Src/stm32f1xx_hal_cortex.c.obj
                0x0000000008000c00                HAL_SYSTICK_Config
 .text.HAL_SYSTICK_CLKSourceConfig
                0x0000000008000c30       0x18 CMakeFiles/Oplink.elf.dir/Drivers/STM32F1xx_HAL_Driver/Src/stm32f1xx_hal_cortex.c.obj
                0x0000000008000c30                HAL_SYSTICK_CLKSourceConfig
 .text.HAL_SYSTICK_Callback
                0x0000000008000c48        0x4 CMakeFiles/Oplink.elf.dir/Drivers/STM32F1xx_HAL_Driver/Src/stm32f1xx_hal_cortex.c.obj
                0x0000000008000c48                HAL_SYSTICK_Callback
 .text.HAL_SYSTICK_IRQHandler
                0x0000000008000c4c        0x8 CMakeFiles/Oplink.elf.dir/Drivers/STM32F1xx_HAL_Driver/Src/stm32f1xx_hal_cortex.c.obj
                0x0000000008000c4c                HAL_SYSTICK_IRQHandler
 .text.HAL_DMA_Abort_IT
                0x0000000008000c54       0x94 CMakeFiles/Oplink.elf.dir/Drivers/STM32F1xx_HAL_Driver/Src/stm32f1xx_hal_dma.c.obj
                0x0000000008000c54                HAL_DMA_Abort_IT
 .text.HAL_GPIO_Init
                0x0000000008000ce8      0x1dc CMakeFiles/Oplink.elf.dir/Drivers/STM32F1xx_HAL_Driver/Src/stm32f1xx_hal_gpio.c.obj
                0x0000000008000ce8                HAL_GPIO_Init
 .text.HAL_GPIO_ReadPin
                0x0000000008000ec4        0xc CMakeFiles/Oplink.elf.dir/Drivers/STM32F1xx_HAL_Driver/Src/stm32f1xx_hal_gpio.c.obj
                0x0000000008000ec4                HAL_GPIO_ReadPin
 .text.HAL_GPIO_WritePin
                0x0000000008000ed0        0x8 CMakeFiles/Oplink.elf.dir/Drivers/STM32F1xx_HAL_Driver/Src/stm32f1xx_hal_gpio.c.obj
                0x0000000008000ed0                HAL_GPIO_WritePin
 .text.HAL_GPIO_TogglePin
                0x0000000008000ed8        0x8 CMakeFiles/Oplink.elf.dir/Drivers/STM32F1xx_HAL_Driver/Src/stm32f1xx_hal_gpio.c.obj
                0x0000000008000ed8                HAL_GPIO_TogglePin
 .text.HAL_GPIO_EXTI_Callback
                0x0000000008000ee0        0x4 CMakeFiles/Oplink.elf.dir/Drivers/STM32F1xx_HAL_Driver/Src/stm32f1xx_hal_gpio.c.obj
                0x0000000008000ee0                HAL_GPIO_EXTI_Callback
 .text.HAL_GPIO_EXTI_IRQHandler
                0x0000000008000ee4       0x18 CMakeFiles/Oplink.elf.dir/Drivers/STM32F1xx_HAL_Driver/Src/stm32f1xx_hal_gpio.c.obj
                0x0000000008000ee4                HAL_GPIO_EXTI_IRQHandler
 .text.HAL_PCD_Init
                0x0000000008000efc      0x314 CMakeFiles/Oplink.elf.dir/Drivers/STM32F1xx_HAL_Driver/Src/stm32f1xx_hal_pcd.c.obj
                0x0000000008000efc                HAL_PCD_Init
 .text.HAL_PCD_Start
                0x0000000008001210       0x30 CMakeFiles/Oplink.elf.dir/Drivers/STM32F1xx_HAL_Driver/Src/stm32f1xx_hal_pcd.c.obj
                0x0000000008001210                HAL_PCD_Start
 .text.HAL_PCD_IRQHandler
                0x0000000008001240      0x5a4 CMakeFiles/Oplink.elf.dir/Drivers/STM32F1xx_HAL_Driver/Src/stm32f1xx_hal_pcd.c.obj
                0x0000000008001240                HAL_PCD_IRQHandler
 .text.HAL_PCD_SetAddress
                0x00000000080017e4       0x28 CMakeFiles/Oplink.elf.dir/Drivers/STM32F1xx_HAL_Driver/Src/stm32f1xx_hal_pcd.c.obj
                0x00000000080017e4                HAL_PCD_SetAddress
 .text.HAL_PCD_EP_Open
                0x000000000800180c       0x48 CMakeFiles/Oplink.elf.dir/Drivers/STM32F1xx_HAL_Driver/Src/stm32f1xx_hal_pcd.c.obj
                0x000000000800180c                HAL_PCD_EP_Open
 .text.HAL_PCD_EP_Close
                0x0000000008001854       0x44 CMakeFiles/Oplink.elf.dir/Drivers/STM32F1xx_HAL_Driver/Src/stm32f1xx_hal_pcd.c.obj
                0x0000000008001854                HAL_PCD_EP_Close
 .text.HAL_PCD_EP_Receive
                0x0000000008001898       0x2c CMakeFiles/Oplink.elf.dir/Drivers/STM32F1xx_HAL_Driver/Src/stm32f1xx_hal_pcd.c.obj
                0x0000000008001898                HAL_PCD_EP_Receive
 .text.HAL_PCD_EP_GetRxCount
                0x00000000080018c4       0x10 CMakeFiles/Oplink.elf.dir/Drivers/STM32F1xx_HAL_Driver/Src/stm32f1xx_hal_pcd.c.obj
                0x00000000080018c4                HAL_PCD_EP_GetRxCount
 .text.HAL_PCD_EP_Transmit
                0x00000000080018d4       0x2c CMakeFiles/Oplink.elf.dir/Drivers/STM32F1xx_HAL_Driver/Src/stm32f1xx_hal_pcd.c.obj
                0x00000000080018d4                HAL_PCD_EP_Transmit
 .text.HAL_PCD_EP_SetStall
                0x0000000008001900       0x54 CMakeFiles/Oplink.elf.dir/Drivers/STM32F1xx_HAL_Driver/Src/stm32f1xx_hal_pcd.c.obj
                0x0000000008001900                HAL_PCD_EP_SetStall
 .text.HAL_PCD_EP_ClrStall
                0x0000000008001954       0x48 CMakeFiles/Oplink.elf.dir/Drivers/STM32F1xx_HAL_Driver/Src/stm32f1xx_hal_pcd.c.obj
                0x0000000008001954                HAL_PCD_EP_ClrStall
 .text.HAL_PCDEx_PMAConfig
                0x000000000800199c       0x34 CMakeFiles/Oplink.elf.dir/Drivers/STM32F1xx_HAL_Driver/Src/stm32f1xx_hal_pcd_ex.c.obj
                0x000000000800199c                HAL_PCDEx_PMAConfig
 .text.HAL_RCC_OscConfig
                0x00000000080019d0      0x3d0 CMakeFiles/Oplink.elf.dir/Drivers/STM32F1xx_HAL_Driver/Src/stm32f1xx_hal_rcc.c.obj
                0x00000000080019d0                HAL_RCC_OscConfig
 .text.HAL_RCC_ClockConfig
                0x0000000008001da0      0x1b0 CMakeFiles/Oplink.elf.dir/Drivers/STM32F1xx_HAL_Driver/Src/stm32f1xx_hal_rcc.c.obj
                0x0000000008001da0                HAL_RCC_ClockConfig
 .text.HAL_RCC_GetHCLKFreq
                0x0000000008001f50        0xc CMakeFiles/Oplink.elf.dir/Drivers/STM32F1xx_HAL_Driver/Src/stm32f1xx_hal_rcc.c.obj
                0x0000000008001f50                HAL_RCC_GetHCLKFreq
 .text.HAL_RCC_GetPCLK1Freq
                0x0000000008001f5c       0x20 CMakeFiles/Oplink.elf.dir/Drivers/STM32F1xx_HAL_Driver/Src/stm32f1xx_hal_rcc.c.obj
                0x0000000008001f5c                HAL_RCC_GetPCLK1Freq
 .text.HAL_RCC_GetPCLK2Freq
                0x0000000008001f7c       0x20 CMakeFiles/Oplink.elf.dir/Drivers/STM32F1xx_HAL_Driver/Src/stm32f1xx_hal_rcc.c.obj
                0x0000000008001f7c                HAL_RCC_GetPCLK2Freq
 .text.HAL_RCCEx_PeriphCLKConfig
                0x0000000008001f9c      0x10c CMakeFiles/Oplink.elf.dir/Drivers/STM32F1xx_HAL_Driver/Src/stm32f1xx_hal_rcc_ex.c.obj
                0x0000000008001f9c                HAL_RCCEx_PeriphCLKConfig
 .text.SPI_WaitFlagStateUntilTimeout
                0x00000000080020a8       0x98 CMakeFiles/Oplink.elf.dir/Drivers/STM32F1xx_HAL_Driver/Src/stm32f1xx_hal_spi.c.obj
 .text.HAL_SPI_TransmitReceive
                0x0000000008002140      0x2b4 CMakeFiles/Oplink.elf.dir/Drivers/STM32F1xx_HAL_Driver/Src/stm32f1xx_hal_spi.c.obj
                0x0000000008002140                HAL_SPI_TransmitReceive
 .text.HAL_SPI_Init
                0x00000000080023f4       0x7c CMakeFiles/Oplink.elf.dir/Drivers/STM32F1xx_HAL_Driver/Src/stm32f1xx_hal_spi_ex.c.obj
                0x00000000080023f4                HAL_SPI_Init
 .text.UART_SetConfig
                0x0000000008002470      0x170 CMakeFiles/Oplink.elf.dir/Drivers/STM32F1xx_HAL_Driver/Src/stm32f1xx_hal_uart.c.obj
 .text.HAL_UART_Init
                0x00000000080025e0       0x60 CMakeFiles/Oplink.elf.dir/Drivers/STM32F1xx_HAL_Driver/Src/stm32f1xx_hal_uart.c.obj
                0x00000000080025e0                HAL_UART_Init
 .text.HAL_UART_TxCpltCallback
                0x0000000008002640        0x4 CMakeFiles/Oplink.elf.dir/Drivers/STM32F1xx_HAL_Driver/Src/stm32f1xx_hal_uart.c.obj
                0x0000000008002640                HAL_UART_TxCpltCallback
 .text.HAL_UART_RxCpltCallback
                0x0000000008002644        0x4 CMakeFiles/Oplink.elf.dir/Drivers/STM32F1xx_HAL_Driver/Src/stm32f1xx_hal_uart.c.obj
                0x0000000008002644                HAL_UART_RxCpltCallback
 .text.UART_Receive_IT.part.1
                0x0000000008002648       0x70 CMakeFiles/Oplink.elf.dir/Drivers/STM32F1xx_HAL_Driver/Src/stm32f1xx_hal_uart.c.obj
 .text.HAL_UART_ErrorCallback
                0x00000000080026b8        0x4 CMakeFiles/Oplink.elf.dir/Drivers/STM32F1xx_HAL_Driver/Src/stm32f1xx_hal_uart.c.obj
                0x00000000080026b8                HAL_UART_ErrorCallback
 .text.HAL_UART_IRQHandler
                0x00000000080026bc      0x188 CMakeFiles/Oplink.elf.dir/Drivers/STM32F1xx_HAL_Driver/Src/stm32f1xx_hal_uart.c.obj
                0x00000000080026bc                HAL_UART_IRQHandler
 .text.UART_DMAAbortOnError
                0x0000000008002844       0x14 CMakeFiles/Oplink.elf.dir/Drivers/STM32F1xx_HAL_Driver/Src/stm32f1xx_hal_uart.c.obj
 .text.USB_CoreInit
                0x0000000008002858       0x10 CMakeFiles/Oplink.elf.dir/Drivers/STM32F1xx_HAL_Driver/Src/stm32f1xx_ll_usb.c.obj
                0x0000000008002858                USB_CoreInit
 .text.USB_EnableGlobalInt
                0x0000000008002868       0x14 CMakeFiles/Oplink.elf.dir/Drivers/STM32F1xx_HAL_Driver/Src/stm32f1xx_ll_usb.c.obj
                0x0000000008002868                USB_EnableGlobalInt
 .text.USB_DisableGlobalInt
                0x000000000800287c       0x14 CMakeFiles/Oplink.elf.dir/Drivers/STM32F1xx_HAL_Driver/Src/stm32f1xx_ll_usb.c.obj
                0x000000000800287c                USB_DisableGlobalInt
 .text.USB_SetCurrentMode
                0x0000000008002890        0x4 CMakeFiles/Oplink.elf.dir/Drivers/STM32F1xx_HAL_Driver/Src/stm32f1xx_ll_usb.c.obj
                0x0000000008002890                USB_SetCurrentMode
 .text.USB_DevInit
                0x0000000008002894       0x34 CMakeFiles/Oplink.elf.dir/Drivers/STM32F1xx_HAL_Driver/Src/stm32f1xx_ll_usb.c.obj
                0x0000000008002894                USB_DevInit
 .text.USB_ActivateEndpoint
                0x00000000080028c8      0x2d4 CMakeFiles/Oplink.elf.dir/Drivers/STM32F1xx_HAL_Driver/Src/stm32f1xx_ll_usb.c.obj
                0x00000000080028c8                USB_ActivateEndpoint
 .text.USB_DeactivateEndpoint
                0x0000000008002b9c      0x190 CMakeFiles/Oplink.elf.dir/Drivers/STM32F1xx_HAL_Driver/Src/stm32f1xx_ll_usb.c.obj
                0x0000000008002b9c                USB_DeactivateEndpoint
 .text.USB_EPStartXfer
                0x0000000008002d2c      0x1f4 CMakeFiles/Oplink.elf.dir/Drivers/STM32F1xx_HAL_Driver/Src/stm32f1xx_ll_usb.c.obj
                0x0000000008002d2c                USB_EPStartXfer
 .text.USB_EPSetStall
                0x0000000008002f20       0x64 CMakeFiles/Oplink.elf.dir/Drivers/STM32F1xx_HAL_Driver/Src/stm32f1xx_ll_usb.c.obj
                0x0000000008002f20                USB_EPSetStall
 .text.USB_EPClearStall
                0x0000000008002f84       0x94 CMakeFiles/Oplink.elf.dir/Drivers/STM32F1xx_HAL_Driver/Src/stm32f1xx_ll_usb.c.obj
                0x0000000008002f84                USB_EPClearStall
 .text.USB_SetDevAddress
                0x0000000008003018        0xc CMakeFiles/Oplink.elf.dir/Drivers/STM32F1xx_HAL_Driver/Src/stm32f1xx_ll_usb.c.obj
                0x0000000008003018                USB_SetDevAddress
 .text.USB_DevConnect
                0x0000000008003024        0x4 CMakeFiles/Oplink.elf.dir/Drivers/STM32F1xx_HAL_Driver/Src/stm32f1xx_ll_usb.c.obj
                0x0000000008003024                USB_DevConnect
 .text.USB_DevDisconnect
                0x0000000008003028        0x4 CMakeFiles/Oplink.elf.dir/Drivers/STM32F1xx_HAL_Driver/Src/stm32f1xx_ll_usb.c.obj
                0x0000000008003028                USB_DevDisconnect
 .text.USB_ReadInterrupts
                0x000000000800302c        0x8 CMakeFiles/Oplink.elf.dir/Drivers/STM32F1xx_HAL_Driver/Src/stm32f1xx_ll_usb.c.obj
                0x000000000800302c                USB_ReadInterrupts
 .text.USB_EP0_OutStart
                0x0000000008003034        0x4 CMakeFiles/Oplink.elf.dir/Drivers/STM32F1xx_HAL_Driver/Src/stm32f1xx_ll_usb.c.obj
                0x0000000008003034                USB_EP0_OutStart
 .text.USB_WritePMA
                0x0000000008003038       0x1c CMakeFiles/Oplink.elf.dir/Drivers/STM32F1xx_HAL_Driver/Src/stm32f1xx_ll_usb.c.obj
                0x0000000008003038                USB_WritePMA
 .text.USB_ReadPMA
                0x0000000008003054       0x1c CMakeFiles/Oplink.elf.dir/Drivers/STM32F1xx_HAL_Driver/Src/stm32f1xx_ll_usb.c.obj
                0x0000000008003054                USB_ReadPMA
 .text.USBD_CDC_DataIn
                0x0000000008003070       0x14 CMakeFiles/Oplink.elf.dir/Middlewares/ST/STM32_USB_Device_Library/Class/CDC/Src/usbd_cdc.c.obj
 .text.USBD_CDC_EP0_RxReady
                0x0000000008003084       0x2c CMakeFiles/Oplink.elf.dir/Middlewares/ST/STM32_USB_Device_Library/Class/CDC/Src/usbd_cdc.c.obj
 .text.USBD_CDC_GetFSCfgDesc
                0x00000000080030b0        0xc CMakeFiles/Oplink.elf.dir/Middlewares/ST/STM32_USB_Device_Library/Class/CDC/Src/usbd_cdc.c.obj
 .text.USBD_CDC_GetHSCfgDesc
                0x00000000080030bc        0xc CMakeFiles/Oplink.elf.dir/Middlewares/ST/STM32_USB_Device_Library/Class/CDC/Src/usbd_cdc.c.obj
 .text.USBD_CDC_GetOtherSpeedCfgDesc
                0x00000000080030c8        0xc CMakeFiles/Oplink.elf.dir/Middlewares/ST/STM32_USB_Device_Library/Class/CDC/Src/usbd_cdc.c.obj
 .text.USBD_CDC_GetDeviceQualifierDescriptor
                0x00000000080030d4        0xc CMakeFiles/Oplink.elf.dir/Middlewares/ST/STM32_USB_Device_Library/Class/CDC/Src/usbd_cdc.c.obj
                0x00000000080030d4                USBD_CDC_GetDeviceQualifierDescriptor
 .text.USBD_CDC_DataOut
                0x00000000080030e0       0x30 CMakeFiles/Oplink.elf.dir/Middlewares/ST/STM32_USB_Device_Library/Class/CDC/Src/usbd_cdc.c.obj
 .text.USBD_CDC_Setup
                0x0000000008003110       0x6c CMakeFiles/Oplink.elf.dir/Middlewares/ST/STM32_USB_Device_Library/Class/CDC/Src/usbd_cdc.c.obj
 .text.USBD_CDC_DeInit
                0x000000000800317c       0x3c CMakeFiles/Oplink.elf.dir/Middlewares/ST/STM32_USB_Device_Library/Class/CDC/Src/usbd_cdc.c.obj
 .text.USBD_CDC_Init
                0x00000000080031b8       0x90 CMakeFiles/Oplink.elf.dir/Middlewares/ST/STM32_USB_Device_Library/Class/CDC/Src/usbd_cdc.c.obj
 .text.USBD_CDC_RegisterInterface
                0x0000000008003248       0x10 CMakeFiles/Oplink.elf.dir/Middlewares/ST/STM32_USB_Device_Library/Class/CDC/Src/usbd_cdc.c.obj
                0x0000000008003248                USBD_CDC_RegisterInterface
 .text.USBD_CDC_SetTxBuffer
                0x0000000008003258       0x10 CMakeFiles/Oplink.elf.dir/Middlewares/ST/STM32_USB_Device_Library/Class/CDC/Src/usbd_cdc.c.obj
                0x0000000008003258                USBD_CDC_SetTxBuffer
 .text.USBD_CDC_SetRxBuffer
                0x0000000008003268        0xc CMakeFiles/Oplink.elf.dir/Middlewares/ST/STM32_USB_Device_Library/Class/CDC/Src/usbd_cdc.c.obj
                0x0000000008003268                USBD_CDC_SetRxBuffer
 .text.USBD_CDC_TransmitPacket
                0x0000000008003274       0x30 CMakeFiles/Oplink.elf.dir/Middlewares/ST/STM32_USB_Device_Library/Class/CDC/Src/usbd_cdc.c.obj
                0x0000000008003274                USBD_CDC_TransmitPacket
 .text.USBD_CDC_ReceivePacket
                0x00000000080032a4       0x30 CMakeFiles/Oplink.elf.dir/Middlewares/ST/STM32_USB_Device_Library/Class/CDC/Src/usbd_cdc.c.obj
                0x00000000080032a4                USBD_CDC_ReceivePacket
 .text.USBD_Init
                0x00000000080032d4       0x2c CMakeFiles/Oplink.elf.dir/Middlewares/ST/STM32_USB_Device_Library/Core/Src/usbd_core.c.obj
                0x00000000080032d4                USBD_Init
 .text.USBD_RegisterClass
                0x0000000008003300       0x10 CMakeFiles/Oplink.elf.dir/Middlewares/ST/STM32_USB_Device_Library/Core/Src/usbd_core.c.obj
                0x0000000008003300                USBD_RegisterClass
 .text.USBD_Start
                0x0000000008003310        0xc CMakeFiles/Oplink.elf.dir/Middlewares/ST/STM32_USB_Device_Library/Core/Src/usbd_core.c.obj
                0x0000000008003310                USBD_Start
 .text.USBD_SetClassConfig
                0x000000000800331c       0x14 CMakeFiles/Oplink.elf.dir/Middlewares/ST/STM32_USB_Device_Library/Core/Src/usbd_core.c.obj
                0x000000000800331c                USBD_SetClassConfig
 .text.USBD_ClrClassConfig
                0x0000000008003330       0x10 CMakeFiles/Oplink.elf.dir/Middlewares/ST/STM32_USB_Device_Library/Core/Src/usbd_core.c.obj
                0x0000000008003330                USBD_ClrClassConfig
 .text.USBD_LL_SetupStage
                0x0000000008003340       0x5c CMakeFiles/Oplink.elf.dir/Middlewares/ST/STM32_USB_Device_Library/Core/Src/usbd_core.c.obj
                0x0000000008003340                USBD_LL_SetupStage
 .text.USBD_LL_DataOutStage
                0x000000000800339c       0x68 CMakeFiles/Oplink.elf.dir/Middlewares/ST/STM32_USB_Device_Library/Core/Src/usbd_core.c.obj
                0x000000000800339c                USBD_LL_DataOutStage
 .text.USBD_LL_DataInStage
                0x0000000008003404       0xa0 CMakeFiles/Oplink.elf.dir/Middlewares/ST/STM32_USB_Device_Library/Core/Src/usbd_core.c.obj
                0x0000000008003404                USBD_LL_DataInStage
 .text.USBD_LL_Reset
                0x00000000080034a4       0x40 CMakeFiles/Oplink.elf.dir/Middlewares/ST/STM32_USB_Device_Library/Core/Src/usbd_core.c.obj
                0x00000000080034a4                USBD_LL_Reset
 .text.USBD_LL_SetSpeed
                0x00000000080034e4        0x8 CMakeFiles/Oplink.elf.dir/Middlewares/ST/STM32_USB_Device_Library/Core/Src/usbd_core.c.obj
                0x00000000080034e4                USBD_LL_SetSpeed
 .text.USBD_LL_Suspend
                0x00000000080034ec       0x14 CMakeFiles/Oplink.elf.dir/Middlewares/ST/STM32_USB_Device_Library/Core/Src/usbd_core.c.obj
                0x00000000080034ec                USBD_LL_Suspend
 .text.USBD_LL_Resume
                0x0000000008003500       0x10 CMakeFiles/Oplink.elf.dir/Middlewares/ST/STM32_USB_Device_Library/Core/Src/usbd_core.c.obj
                0x0000000008003500                USBD_LL_Resume
 .text.USBD_LL_SOF
                0x0000000008003510       0x1c CMakeFiles/Oplink.elf.dir/Middlewares/ST/STM32_USB_Device_Library/Core/Src/usbd_core.c.obj
                0x0000000008003510                USBD_LL_SOF
 .text.USBD_StdDevReq
                0x000000000800352c      0x294 CMakeFiles/Oplink.elf.dir/Middlewares/ST/STM32_USB_Device_Library/Core/Src/usbd_ctlreq.c.obj
                0x000000000800352c                USBD_StdDevReq
 .text.USBD_StdItfReq
                0x00000000080037c0       0x3c CMakeFiles/Oplink.elf.dir/Middlewares/ST/STM32_USB_Device_Library/Core/Src/usbd_ctlreq.c.obj
                0x00000000080037c0                USBD_StdItfReq
 .text.USBD_StdEPReq
                0x00000000080037fc       0xd4 CMakeFiles/Oplink.elf.dir/Middlewares/ST/STM32_USB_Device_Library/Core/Src/usbd_ctlreq.c.obj
                0x00000000080037fc                USBD_StdEPReq
 .text.USBD_ParseSetupRequest
                0x00000000080038d0       0x28 CMakeFiles/Oplink.elf.dir/Middlewares/ST/STM32_USB_Device_Library/Core/Src/usbd_ctlreq.c.obj
                0x00000000080038d0                USBD_ParseSetupRequest
 .text.USBD_GetString
                0x00000000080038f8       0x50 CMakeFiles/Oplink.elf.dir/Middlewares/ST/STM32_USB_Device_Library/Core/Src/usbd_ctlreq.c.obj
                0x00000000080038f8                USBD_GetString
 .text.USBD_CtlSendData
                0x0000000008003948       0x1c CMakeFiles/Oplink.elf.dir/Middlewares/ST/STM32_USB_Device_Library/Core/Src/usbd_ioreq.c.obj
                0x0000000008003948                USBD_CtlSendData
 .text.USBD_CtlContinueSendData
                0x0000000008003964       0x10 CMakeFiles/Oplink.elf.dir/Middlewares/ST/STM32_USB_Device_Library/Core/Src/usbd_ioreq.c.obj
                0x0000000008003964                USBD_CtlContinueSendData
 .text.USBD_CtlPrepareRx
                0x0000000008003974       0x1c CMakeFiles/Oplink.elf.dir/Middlewares/ST/STM32_USB_Device_Library/Core/Src/usbd_ioreq.c.obj
                0x0000000008003974                USBD_CtlPrepareRx
 .text.USBD_CtlContinueRx
                0x0000000008003990       0x10 CMakeFiles/Oplink.elf.dir/Middlewares/ST/STM32_USB_Device_Library/Core/Src/usbd_ioreq.c.obj
                0x0000000008003990                USBD_CtlContinueRx
 .text.USBD_CtlSendStatus
                0x00000000080039a0       0x18 CMakeFiles/Oplink.elf.dir/Middlewares/ST/STM32_USB_Device_Library/Core/Src/usbd_ioreq.c.obj
                0x00000000080039a0                USBD_CtlSendStatus
 .text.USBD_CtlReceiveStatus
                0x00000000080039b8       0x18 CMakeFiles/Oplink.elf.dir/Middlewares/ST/STM32_USB_Device_Library/Core/Src/usbd_ioreq.c.obj
                0x00000000080039b8                USBD_CtlReceiveStatus
 .text.RFM69_setMode.constprop.4
                0x00000000080039d0       0x8c CMakeFiles/Oplink.elf.dir/Src/RFM69.c.obj
 .text.RFM69_setMode
                0x0000000008003a5c      0x23c CMakeFiles/Oplink.elf.dir/Src/RFM69.c.obj
                0x0000000008003a5c                RFM69_setMode
 .text.RFM69_sendFrame
                0x0000000008003c98      0x1f0 CMakeFiles/Oplink.elf.dir/Src/RFM69.c.obj
 .text.RFM69_initialize
                0x0000000008003e88      0x320 CMakeFiles/Oplink.elf.dir/Src/RFM69.c.obj
                0x0000000008003e88                RFM69_initialize
 .text.RFM69_setPowerLevel
                0x00000000080041a8       0x60 CMakeFiles/Oplink.elf.dir/Src/RFM69.c.obj
                0x00000000080041a8                RFM69_setPowerLevel
 .text.RFM69_send
                0x0000000008004208      0x25c CMakeFiles/Oplink.elf.dir/Src/RFM69.c.obj
                0x0000000008004208                RFM69_send
 .text.RFM69_receiveBegin
                0x0000000008004464       0xe0 CMakeFiles/Oplink.elf.dir/Src/RFM69.c.obj
                0x0000000008004464                RFM69_receiveBegin
 .text.RFM69_interruptHandler
                0x0000000008004544      0x178 CMakeFiles/Oplink.elf.dir/Src/RFM69.c.obj
                0x0000000008004544                RFM69_interruptHandler
 .text.RFM69_receiveDone
                0x00000000080046bc      0x188 CMakeFiles/Oplink.elf.dir/Src/RFM69.c.obj
                0x00000000080046bc                RFM69_receiveDone
 .text.RFM69_encrypt
                0x0000000008004844      0x10c CMakeFiles/Oplink.elf.dir/Src/RFM69.c.obj
                0x0000000008004844                RFM69_encrypt
 .text.RFM69_readRSSI2
                0x0000000008004950        0xc CMakeFiles/Oplink.elf.dir/Src/RFM69.c.obj
                0x0000000008004950                RFM69_readRSSI2
 .text.RFM69_promiscuous
                0x000000000800495c        0xc CMakeFiles/Oplink.elf.dir/Src/RFM69.c.obj
                0x000000000800495c                RFM69_promiscuous
 .text.RFM69_receive
                0x0000000008004968       0x14 CMakeFiles/Oplink.elf.dir/Src/RFM69.c.obj
                0x0000000008004968                RFM69_receive
 .text.RFM69_listen
                0x000000000800497c       0x9c CMakeFiles/Oplink.elf.dir/Src/RFM69.c.obj
                0x000000000800497c                RFM69_listen
 .text.RFM69_initialize_listen
                0x0000000008004a18       0x88 CMakeFiles/Oplink.elf.dir/Src/RFM69.c.obj
                0x0000000008004a18                RFM69_initialize_listen
 .text.noInterrupts
                0x0000000008004aa0        0x8 CMakeFiles/Oplink.elf.dir/Src/control_rf69.c.obj
                0x0000000008004aa0                noInterrupts
 .text.interrupts
                0x0000000008004aa8        0x8 CMakeFiles/Oplink.elf.dir/Src/control_rf69.c.obj
                0x0000000008004aa8                interrupts
 .text.RFM69_SetCSPin
                0x0000000008004ab0       0x1c CMakeFiles/Oplink.elf.dir/Src/control_rf69.c.obj
                0x0000000008004ab0                RFM69_SetCSPin
 .text.RFM69_ReadDIO0Pin
                0x0000000008004acc       0x18 CMakeFiles/Oplink.elf.dir/Src/control_rf69.c.obj
                0x0000000008004acc                RFM69_ReadDIO0Pin
 .text.SPI_transfer8
                0x0000000008004ae4       0x34 CMakeFiles/Oplink.elf.dir/Src/control_rf69.c.obj
                0x0000000008004ae4                SPI_transfer8
 .text.Timeout_IsTimeout1
                0x0000000008004b18       0x24 CMakeFiles/Oplink.elf.dir/Src/control_rf69.c.obj
                0x0000000008004b18                Timeout_IsTimeout1
 .text.Timeout_SetTimeout1
                0x0000000008004b3c       0x18 CMakeFiles/Oplink.elf.dir/Src/control_rf69.c.obj
                0x0000000008004b3c                Timeout_SetTimeout1
 .text.SystemClock_Config
                0x0000000008004b54       0x90 CMakeFiles/Oplink.elf.dir/Src/main.c.obj
                0x0000000008004b54                SystemClock_Config
 .text.LED_INIT
                0x0000000008004be4       0x74 CMakeFiles/Oplink.elf.dir/Src/main.c.obj
                0x0000000008004be4                LED_INIT
 .text.startup.main
                0x0000000008004c58      0x434 CMakeFiles/Oplink.elf.dir/Src/main.c.obj
                0x0000000008004c58                main
 .text._Error_Handler
                0x000000000800508c        0x4 CMakeFiles/Oplink.elf.dir/Src/main.c.obj
                0x000000000800508c                _Error_Handler
 .text.HAL_MspInit
                0x0000000008005090       0xb0 CMakeFiles/Oplink.elf.dir/Src/stm32f1xx_hal_msp.c.obj
                0x0000000008005090                HAL_MspInit
 .text.HAL_SPI_MspInit
                0x0000000008005140       0x58 CMakeFiles/Oplink.elf.dir/Src/stm32f1xx_hal_msp.c.obj
                0x0000000008005140                HAL_SPI_MspInit
 .text.HAL_UART_MspInit
                0x0000000008005198       0xd4 CMakeFiles/Oplink.elf.dir/Src/stm32f1xx_hal_msp.c.obj
                0x0000000008005198                HAL_UART_MspInit
 .text.NMI_Handler
                0x000000000800526c        0x4 CMakeFiles/Oplink.elf.dir/Src/stm32f1xx_it.c.obj
                0x000000000800526c                NMI_Handler
 .text.HardFault_Handler
                0x0000000008005270        0x4 CMakeFiles/Oplink.elf.dir/Src/stm32f1xx_it.c.obj
                0x0000000008005270                HardFault_Handler
 .text.MemManage_Handler
                0x0000000008005274        0x4 CMakeFiles/Oplink.elf.dir/Src/stm32f1xx_it.c.obj
                0x0000000008005274                MemManage_Handler
 .text.BusFault_Handler
                0x0000000008005278        0x4 CMakeFiles/Oplink.elf.dir/Src/stm32f1xx_it.c.obj
                0x0000000008005278                BusFault_Handler
 .text.UsageFault_Handler
                0x000000000800527c        0x4 CMakeFiles/Oplink.elf.dir/Src/stm32f1xx_it.c.obj
                0x000000000800527c                UsageFault_Handler
 .text.SVC_Handler
                0x0000000008005280        0x4 CMakeFiles/Oplink.elf.dir/Src/stm32f1xx_it.c.obj
                0x0000000008005280                SVC_Handler
 .text.DebugMon_Handler
                0x0000000008005284        0x4 CMakeFiles/Oplink.elf.dir/Src/stm32f1xx_it.c.obj
                0x0000000008005284                DebugMon_Handler
 .text.PendSV_Handler
                0x0000000008005288        0x4 CMakeFiles/Oplink.elf.dir/Src/stm32f1xx_it.c.obj
                0x0000000008005288                PendSV_Handler
 .text.SysTick_Handler
                0x000000000800528c       0x10 CMakeFiles/Oplink.elf.dir/Src/stm32f1xx_it.c.obj
                0x000000000800528c                SysTick_Handler
 .text.RCC_IRQHandler
                0x000000000800529c        0x4 CMakeFiles/Oplink.elf.dir/Src/stm32f1xx_it.c.obj
                0x000000000800529c                RCC_IRQHandler
 .text.EXTI0_IRQHandler
                0x00000000080052a0       0x10 CMakeFiles/Oplink.elf.dir/Src/stm32f1xx_it.c.obj
                0x00000000080052a0                EXTI0_IRQHandler
 .text.USB_LP_CAN1_RX0_IRQHandler
                0x00000000080052b0        0xc CMakeFiles/Oplink.elf.dir/Src/stm32f1xx_it.c.obj
                0x00000000080052b0                USB_LP_CAN1_RX0_IRQHandler
 .text.USART1_IRQHandler
                0x00000000080052bc        0xc CMakeFiles/Oplink.elf.dir/Src/stm32f1xx_it.c.obj
                0x00000000080052bc                USART1_IRQHandler
 .text.USART3_IRQHandler
                0x00000000080052c8        0xc CMakeFiles/Oplink.elf.dir/Src/stm32f1xx_it.c.obj
                0x00000000080052c8                USART3_IRQHandler
 .text.SystemInit
                0x00000000080052d4       0x50 CMakeFiles/Oplink.elf.dir/Src/system_stm32f1xx.c.obj
                0x00000000080052d4                SystemInit
 .text.MX_USB_DEVICE_Init
                0x0000000008005324       0x38 CMakeFiles/Oplink.elf.dir/Src/usb_device.c.obj
                0x0000000008005324                MX_USB_DEVICE_Init
 .text.CDC_DeInit_FS
                0x000000000800535c        0x4 CMakeFiles/Oplink.elf.dir/Src/usbd_cdc_if.c.obj
 .text.CDC_Control_FS
                0x0000000008005360        0x4 CMakeFiles/Oplink.elf.dir/Src/usbd_cdc_if.c.obj
 .text.CDC_Init_FS
                0x0000000008005364       0x28 CMakeFiles/Oplink.elf.dir/Src/usbd_cdc_if.c.obj
 .text.CDC_Receive_FS
                0x000000000800538c       0xb8 CMakeFiles/Oplink.elf.dir/Src/usbd_cdc_if.c.obj
 .text.CDC_Transmit_FS
                0x0000000008005444       0x2c CMakeFiles/Oplink.elf.dir/Src/usbd_cdc_if.c.obj
                0x0000000008005444                CDC_Transmit_FS
 .text.HAL_PCD_MspInit
                0x0000000008005470       0x40 CMakeFiles/Oplink.elf.dir/Src/usbd_conf.c.obj
                0x0000000008005470                HAL_PCD_MspInit
 .text.HAL_PCD_SetupStageCallback
                0x00000000080054b0        0xc CMakeFiles/Oplink.elf.dir/Src/usbd_conf.c.obj
                0x00000000080054b0                HAL_PCD_SetupStageCallback
 .text.HAL_PCD_DataOutStageCallback
                0x00000000080054bc       0x10 CMakeFiles/Oplink.elf.dir/Src/usbd_conf.c.obj
                0x00000000080054bc                HAL_PCD_DataOutStageCallback
 .text.HAL_PCD_DataInStageCallback
                0x00000000080054cc       0x10 CMakeFiles/Oplink.elf.dir/Src/usbd_conf.c.obj
                0x00000000080054cc                HAL_PCD_DataInStageCallback
 .text.HAL_PCD_SOFCallback
                0x00000000080054dc        0x8 CMakeFiles/Oplink.elf.dir/Src/usbd_conf.c.obj
                0x00000000080054dc                HAL_PCD_SOFCallback
 .text.HAL_PCD_ResetCallback
                0x00000000080054e4       0x1c CMakeFiles/Oplink.elf.dir/Src/usbd_conf.c.obj
                0x00000000080054e4                HAL_PCD_ResetCallback
 .text.HAL_PCD_SuspendCallback
                0x0000000008005500       0x20 CMakeFiles/Oplink.elf.dir/Src/usbd_conf.c.obj
                0x0000000008005500                HAL_PCD_SuspendCallback
 .text.HAL_PCD_ResumeCallback
                0x0000000008005520        0x8 CMakeFiles/Oplink.elf.dir/Src/usbd_conf.c.obj
                0x0000000008005520                HAL_PCD_ResumeCallback
 .text.USBD_LL_Init
                0x0000000008005528       0x9c CMakeFiles/Oplink.elf.dir/Src/usbd_conf.c.obj
                0x0000000008005528                USBD_LL_Init
 .text.USBD_LL_Start
                0x00000000080055c4       0x1c CMakeFiles/Oplink.elf.dir/Src/usbd_conf.c.obj
                0x00000000080055c4                USBD_LL_Start
 .text.USBD_LL_OpenEP
                0x00000000080055e0       0x20 CMakeFiles/Oplink.elf.dir/Src/usbd_conf.c.obj
                0x00000000080055e0                USBD_LL_OpenEP
 .text.USBD_LL_CloseEP
                0x0000000008005600       0x1c CMakeFiles/Oplink.elf.dir/Src/usbd_conf.c.obj
                0x0000000008005600                USBD_LL_CloseEP
 .text.USBD_LL_StallEP
                0x000000000800561c       0x1c CMakeFiles/Oplink.elf.dir/Src/usbd_conf.c.obj
                0x000000000800561c                USBD_LL_StallEP
 .text.USBD_LL_ClearStallEP
                0x0000000008005638       0x1c CMakeFiles/Oplink.elf.dir/Src/usbd_conf.c.obj
                0x0000000008005638                USBD_LL_ClearStallEP
 .text.USBD_LL_IsStallEP
                0x0000000008005654       0x20 CMakeFiles/Oplink.elf.dir/Src/usbd_conf.c.obj
                0x0000000008005654                USBD_LL_IsStallEP
 .text.USBD_LL_SetUSBAddress
                0x0000000008005674       0x1c CMakeFiles/Oplink.elf.dir/Src/usbd_conf.c.obj
                0x0000000008005674                USBD_LL_SetUSBAddress
 .text.USBD_LL_Transmit
                0x0000000008005690       0x1c CMakeFiles/Oplink.elf.dir/Src/usbd_conf.c.obj
                0x0000000008005690                USBD_LL_Transmit
 .text.USBD_LL_PrepareReceive
                0x00000000080056ac       0x1c CMakeFiles/Oplink.elf.dir/Src/usbd_conf.c.obj
                0x00000000080056ac                USBD_LL_PrepareReceive
 .text.USBD_LL_GetRxDataSize
                0x00000000080056c8        0xc CMakeFiles/Oplink.elf.dir/Src/usbd_conf.c.obj
                0x00000000080056c8                USBD_LL_GetRxDataSize
 .text.USBD_static_malloc
                0x00000000080056d4        0x8 CMakeFiles/Oplink.elf.dir/Src/usbd_conf.c.obj
                0x00000000080056d4                USBD_static_malloc
 .text.USBD_static_free
                0x00000000080056dc        0x4 CMakeFiles/Oplink.elf.dir/Src/usbd_conf.c.obj
                0x00000000080056dc                USBD_static_free
 .text.HAL_PCDEx_SetConnectionState
                0x00000000080056e0        0x4 CMakeFiles/Oplink.elf.dir/Src/usbd_conf.c.obj
                0x00000000080056e0                HAL_PCDEx_SetConnectionState
 .text.USBD_FS_DeviceDescriptor
                0x00000000080056e4        0xc CMakeFiles/Oplink.elf.dir/Src/usbd_desc.c.obj
                0x00000000080056e4                USBD_FS_DeviceDescriptor
 .text.USBD_FS_LangIDStrDescriptor
                0x00000000080056f0        0xc CMakeFiles/Oplink.elf.dir/Src/usbd_desc.c.obj
                0x00000000080056f0                USBD_FS_LangIDStrDescriptor
 .text.USBD_FS_ManufacturerStrDescriptor
                0x00000000080056fc       0x1c CMakeFiles/Oplink.elf.dir/Src/usbd_desc.c.obj
                0x00000000080056fc                USBD_FS_ManufacturerStrDescriptor
 .text.USBD_FS_ProductStrDescriptor
                0x0000000008005718       0x1c CMakeFiles/Oplink.elf.dir/Src/usbd_desc.c.obj
                0x0000000008005718                USBD_FS_ProductStrDescriptor
 .text.USBD_FS_SerialStrDescriptor
                0x0000000008005734       0x1c CMakeFiles/Oplink.elf.dir/Src/usbd_desc.c.obj
                0x0000000008005734                USBD_FS_SerialStrDescriptor
 .text.USBD_FS_ConfigStrDescriptor
                0x0000000008005750       0x1c CMakeFiles/Oplink.elf.dir/Src/usbd_desc.c.obj
                0x0000000008005750                USBD_FS_ConfigStrDescriptor
 .text.USBD_FS_InterfaceStrDescriptor
                0x000000000800576c       0x1c CMakeFiles/Oplink.elf.dir/Src/usbd_desc.c.obj
                0x000000000800576c                USBD_FS_InterfaceStrDescriptor
 .text.Reset_Handler
                0x0000000008005788       0x48 CMakeFiles/Oplink.elf.dir/startup/startup_stm32f103xb.s.obj
                0x0000000008005788                Reset_Handler
 .text.Default_Handler
                0x00000000080057d0        0x2 CMakeFiles/Oplink.elf.dir/startup/startup_stm32f103xb.s.obj
                0x00000000080057d0                USBWakeUp_IRQHandler
                0x00000000080057d0                EXTI2_IRQHandler
                0x00000000080057d0                TIM1_CC_IRQHandler
                0x00000000080057d0                PVD_IRQHandler
                0x00000000080057d0                EXTI3_IRQHandler
                0x00000000080057d0                I2C2_EV_IRQHandler
                0x00000000080057d0                ADC1_2_IRQHandler
                0x00000000080057d0                SPI1_IRQHandler
                0x00000000080057d0                TAMPER_IRQHandler
                0x00000000080057d0                DMA1_Channel4_IRQHandler
                0x00000000080057d0                RTC_IRQHandler
                0x00000000080057d0                DMA1_Channel7_IRQHandler
                0x00000000080057d0                CAN1_RX1_IRQHandler
                0x00000000080057d0                TIM4_IRQHandler
                0x00000000080057d0                I2C1_EV_IRQHandler
                0x00000000080057d0                DMA1_Channel6_IRQHandler
                0x00000000080057d0                TIM3_IRQHandler
                0x00000000080057d0                TIM1_TRG_COM_IRQHandler
                0x00000000080057d0                DMA1_Channel1_IRQHandler
                0x00000000080057d0                Default_Handler
                0x00000000080057d0                EXTI15_10_IRQHandler
                0x00000000080057d0                EXTI9_5_IRQHandler
                0x00000000080057d0                SPI2_IRQHandler
                0x00000000080057d0                DMA1_Channel5_IRQHandler
                0x00000000080057d0                EXTI4_IRQHandler
                0x00000000080057d0                USB_HP_CAN1_TX_IRQHandler
                0x00000000080057d0                DMA1_Channel3_IRQHandler
                0x00000000080057d0                TIM1_UP_IRQHandler
                0x00000000080057d0                WWDG_IRQHandler
                0x00000000080057d0                TIM2_IRQHandler
                0x00000000080057d0                TIM1_BRK_IRQHandler
                0x00000000080057d0                EXTI1_IRQHandler
                0x00000000080057d0                USART2_IRQHandler
                0x00000000080057d0                I2C2_ER_IRQHandler
                0x00000000080057d0                DMA1_Channel2_IRQHandler
                0x00000000080057d0                CAN1_SCE_IRQHandler
                0x00000000080057d0                FLASH_IRQHandler
                0x00000000080057d0                I2C1_ER_IRQHandler
                0x00000000080057d0                RTC_Alarm_IRQHandler
 *fill*         0x00000000080057d2        0x2 
 .text.__libc_init_array
                0x00000000080057d4       0x48 /usr/local/Caskroom/gcc-arm-embedded/8-2018-q4-major/gcc-arm-none-eabi-8-2018-q4-major/bin/../lib/gcc/arm-none-eabi/8.2.1/../../../../arm-none-eabi/lib/thumb/v7-m/nofp/libg_nano.a(lib_a-init.o)
                0x00000000080057d4                __libc_init_array
 .text.memcpy   0x000000000800581c       0x1c /usr/local/Caskroom/gcc-arm-embedded/8-2018-q4-major/gcc-arm-none-eabi-8-2018-q4-major/bin/../lib/gcc/arm-none-eabi/8.2.1/../../../../arm-none-eabi/lib/thumb/v7-m/nofp/libg_nano.a(lib_a-memcpy-stub.o)
                0x000000000800581c                memcpy
 .text.memset   0x0000000008005838       0x10 /usr/local/Caskroom/gcc-arm-embedded/8-2018-q4-major/gcc-arm-none-eabi-8-2018-q4-major/bin/../lib/gcc/arm-none-eabi/8.2.1/../../../../arm-none-eabi/lib/thumb/v7-m/nofp/libg_nano.a(lib_a-memset.o)
                0x0000000008005838                memset
 .text.__cvt    0x0000000008005848       0xba /usr/local/Caskroom/gcc-arm-embedded/8-2018-q4-major/gcc-arm-none-eabi-8-2018-q4-major/bin/../lib/gcc/arm-none-eabi/8.2.1/../../../../arm-none-eabi/lib/thumb/v7-m/nofp/libg_nano.a(lib_a-nano-vfprintf_float.o)
                0x0000000008005848                __cvt
 .text.__exponent
                0x0000000008005902       0x66 /usr/local/Caskroom/gcc-arm-embedded/8-2018-q4-major/gcc-arm-none-eabi-8-2018-q4-major/bin/../lib/gcc/arm-none-eabi/8.2.1/../../../../arm-none-eabi/lib/thumb/v7-m/nofp/libg_nano.a(lib_a-nano-vfprintf_float.o)
                0x0000000008005902                __exponent
 .text._printf_float
                0x0000000008005968      0x444 /usr/local/Caskroom/gcc-arm-embedded/8-2018-q4-major/gcc-arm-none-eabi-8-2018-q4-major/bin/../lib/gcc/arm-none-eabi/8.2.1/../../../../arm-none-eabi/lib/thumb/v7-m/nofp/libg_nano.a(lib_a-nano-vfprintf_float.o)
                0x0000000008005968                _printf_float
 .text._printf_common
                0x0000000008005dac       0xec /usr/local/Caskroom/gcc-arm-embedded/8-2018-q4-major/gcc-arm-none-eabi-8-2018-q4-major/bin/../lib/gcc/arm-none-eabi/8.2.1/../../../../arm-none-eabi/lib/thumb/v7-m/nofp/libg_nano.a(lib_a-nano-vfprintf_i.o)
                0x0000000008005dac                _printf_common
 .text._printf_i
                0x0000000008005e98      0x22c /usr/local/Caskroom/gcc-arm-embedded/8-2018-q4-major/gcc-arm-none-eabi-8-2018-q4-major/bin/../lib/gcc/arm-none-eabi/8.2.1/../../../../arm-none-eabi/lib/thumb/v7-m/nofp/libg_nano.a(lib_a-nano-vfprintf_i.o)
                0x0000000008005e98                _printf_i
 .text.sprintf  0x00000000080060c4       0x40 /usr/local/Caskroom/gcc-arm-embedded/8-2018-q4-major/gcc-arm-none-eabi-8-2018-q4-major/bin/../lib/gcc/arm-none-eabi/8.2.1/../../../../arm-none-eabi/lib/thumb/v7-m/nofp/libg_nano.a(lib_a-sprintf.o)
                0x00000000080060c4                sprintf
                0x00000000080060c4                siprintf
 .text.strncat  0x0000000008006104       0x2a /usr/local/Caskroom/gcc-arm-embedded/8-2018-q4-major/gcc-arm-none-eabi-8-2018-q4-major/bin/../lib/gcc/arm-none-eabi/8.2.1/../../../../arm-none-eabi/lib/thumb/v7-m/nofp/libg_nano.a(lib_a-strncat.o)
                0x0000000008006104                strncat
 .text.quorem   0x000000000800612e      0x118 /usr/local/Caskroom/gcc-arm-embedded/8-2018-q4-major/gcc-arm-none-eabi-8-2018-q4-major/bin/../lib/gcc/arm-none-eabi/8.2.1/../../../../arm-none-eabi/lib/thumb/v7-m/nofp/libg_nano.a(lib_a-dtoa.o)
 *fill*         0x0000000008006246        0x2 
 .text._dtoa_r  0x0000000008006248      0xb60 /usr/local/Caskroom/gcc-arm-embedded/8-2018-q4-major/gcc-arm-none-eabi-8-2018-q4-major/bin/../lib/gcc/arm-none-eabi/8.2.1/../../../../arm-none-eabi/lib/thumb/v7-m/nofp/libg_nano.a(lib_a-dtoa.o)
                0x0000000008006248                _dtoa_r
 .text._localeconv_r
                0x0000000008006da8        0x8 /usr/local/Caskroom/gcc-arm-embedded/8-2018-q4-major/gcc-arm-none-eabi-8-2018-q4-major/bin/../lib/gcc/arm-none-eabi/8.2.1/../../../../arm-none-eabi/lib/thumb/v7-m/nofp/libg_nano.a(lib_a-localeconv.o)
                0x0000000008006da8                _localeconv_r
 .text.malloc   0x0000000008006db0       0x10 /usr/local/Caskroom/gcc-arm-embedded/8-2018-q4-major/gcc-arm-none-eabi-8-2018-q4-major/bin/../lib/gcc/arm-none-eabi/8.2.1/../../../../arm-none-eabi/lib/thumb/v7-m/nofp/libg_nano.a(lib_a-malloc.o)
                0x0000000008006db0                malloc
 .text.memchr   0x0000000008006dc0       0x1c /usr/local/Caskroom/gcc-arm-embedded/8-2018-q4-major/gcc-arm-none-eabi-8-2018-q4-major/bin/../lib/gcc/arm-none-eabi/8.2.1/../../../../arm-none-eabi/lib/thumb/v7-m/nofp/libg_nano.a(lib_a-memchr-stub.o)
                0x0000000008006dc0                memchr
 .text._Balloc  0x0000000008006ddc       0x68 /usr/local/Caskroom/gcc-arm-embedded/8-2018-q4-major/gcc-arm-none-eabi-8-2018-q4-major/bin/../lib/gcc/arm-none-eabi/8.2.1/../../../../arm-none-eabi/lib/thumb/v7-m/nofp/libg_nano.a(lib_a-mprec.o)
                0x0000000008006ddc                _Balloc
 .text._Bfree   0x0000000008006e44       0x2e /usr/local/Caskroom/gcc-arm-embedded/8-2018-q4-major/gcc-arm-none-eabi-8-2018-q4-major/bin/../lib/gcc/arm-none-eabi/8.2.1/../../../../arm-none-eabi/lib/thumb/v7-m/nofp/libg_nano.a(lib_a-mprec.o)
                0x0000000008006e44                _Bfree
 .text.__multadd
                0x0000000008006e72       0x76 /usr/local/Caskroom/gcc-arm-embedded/8-2018-q4-major/gcc-arm-none-eabi-8-2018-q4-major/bin/../lib/gcc/arm-none-eabi/8.2.1/../../../../arm-none-eabi/lib/thumb/v7-m/nofp/libg_nano.a(lib_a-mprec.o)
                0x0000000008006e72                __multadd
 .text.__hi0bits
                0x0000000008006ee8       0x40 /usr/local/Caskroom/gcc-arm-embedded/8-2018-q4-major/gcc-arm-none-eabi-8-2018-q4-major/bin/../lib/gcc/arm-none-eabi/8.2.1/../../../../arm-none-eabi/lib/thumb/v7-m/nofp/libg_nano.a(lib_a-mprec.o)
                0x0000000008006ee8                __hi0bits
 .text.__lo0bits
                0x0000000008006f28       0x60 /usr/local/Caskroom/gcc-arm-embedded/8-2018-q4-major/gcc-arm-none-eabi-8-2018-q4-major/bin/../lib/gcc/arm-none-eabi/8.2.1/../../../../arm-none-eabi/lib/thumb/v7-m/nofp/libg_nano.a(lib_a-mprec.o)
                0x0000000008006f28                __lo0bits
 .text.__i2b    0x0000000008006f88       0x12 /usr/local/Caskroom/gcc-arm-embedded/8-2018-q4-major/gcc-arm-none-eabi-8-2018-q4-major/bin/../lib/gcc/arm-none-eabi/8.2.1/../../../../arm-none-eabi/lib/thumb/v7-m/nofp/libg_nano.a(lib_a-mprec.o)
                0x0000000008006f88                __i2b
 .text.__multiply
                0x0000000008006f9a      0x11e /usr/local/Caskroom/gcc-arm-embedded/8-2018-q4-major/gcc-arm-none-eabi-8-2018-q4-major/bin/../lib/gcc/arm-none-eabi/8.2.1/../../../../arm-none-eabi/lib/thumb/v7-m/nofp/libg_nano.a(lib_a-mprec.o)
                0x0000000008006f9a                __multiply
 .text.__pow5mult
                0x00000000080070b8       0x9c /usr/local/Caskroom/gcc-arm-embedded/8-2018-q4-major/gcc-arm-none-eabi-8-2018-q4-major/bin/../lib/gcc/arm-none-eabi/8.2.1/../../../../arm-none-eabi/lib/thumb/v7-m/nofp/libg_nano.a(lib_a-mprec.o)
                0x00000000080070b8                __pow5mult
 .text.__lshift
                0x0000000008007154       0xa6 /usr/local/Caskroom/gcc-arm-embedded/8-2018-q4-major/gcc-arm-none-eabi-8-2018-q4-major/bin/../lib/gcc/arm-none-eabi/8.2.1/../../../../arm-none-eabi/lib/thumb/v7-m/nofp/libg_nano.a(lib_a-mprec.o)
                0x0000000008007154                __lshift
 .text.__mcmp   0x00000000080071fa       0x34 /usr/local/Caskroom/gcc-arm-embedded/8-2018-q4-major/gcc-arm-none-eabi-8-2018-q4-major/bin/../lib/gcc/arm-none-eabi/8.2.1/../../../../arm-none-eabi/lib/thumb/v7-m/nofp/libg_nano.a(lib_a-mprec.o)
                0x00000000080071fa                __mcmp
 .text.__mdiff  0x000000000800722e       0xbc /usr/local/Caskroom/gcc-arm-embedded/8-2018-q4-major/gcc-arm-none-eabi-8-2018-q4-major/bin/../lib/gcc/arm-none-eabi/8.2.1/../../../../arm-none-eabi/lib/thumb/v7-m/nofp/libg_nano.a(lib_a-mprec.o)
                0x000000000800722e                __mdiff
 .text.__d2b    0x00000000080072ea       0x9c /usr/local/Caskroom/gcc-arm-embedded/8-2018-q4-major/gcc-arm-none-eabi-8-2018-q4-major/bin/../lib/gcc/arm-none-eabi/8.2.1/../../../../arm-none-eabi/lib/thumb/v7-m/nofp/libg_nano.a(lib_a-mprec.o)
                0x00000000080072ea                __d2b
 .text._calloc_r
                0x0000000008007386       0x1c /usr/local/Caskroom/gcc-arm-embedded/8-2018-q4-major/gcc-arm-none-eabi-8-2018-q4-major/bin/../lib/gcc/arm-none-eabi/8.2.1/../../../../arm-none-eabi/lib/thumb/v7-m/nofp/libg_nano.a(lib_a-nano-callocr.o)
                0x0000000008007386                _calloc_r
 *fill*         0x00000000080073a2        0x2 
 .text._free_r  0x00000000080073a4       0x98 /usr/local/Caskroom/gcc-arm-embedded/8-2018-q4-major/gcc-arm-none-eabi-8-2018-q4-major/bin/../lib/gcc/arm-none-eabi/8.2.1/../../../../arm-none-eabi/lib/thumb/v7-m/nofp/libg_nano.a(lib_a-nano-freer.o)
                0x00000000080073a4                _free_r
 .text._malloc_r
                0x000000000800743c       0xb4 /usr/local/Caskroom/gcc-arm-embedded/8-2018-q4-major/gcc-arm-none-eabi-8-2018-q4-major/bin/../lib/gcc/arm-none-eabi/8.2.1/../../../../arm-none-eabi/lib/thumb/v7-m/nofp/libg_nano.a(lib_a-nano-mallocr.o)
                0x000000000800743c                _malloc_r
 .text.__ssputs_r
                0x00000000080074f0       0xb6 /usr/local/Caskroom/gcc-arm-embedded/8-2018-q4-major/gcc-arm-none-eabi-8-2018-q4-major/bin/../lib/gcc/arm-none-eabi/8.2.1/../../../../arm-none-eabi/lib/thumb/v7-m/nofp/libg_nano.a(lib_a-nano-svfprintf.o)
                0x00000000080074f0                __ssputs_r
 *fill*         0x00000000080075a6        0x2 
 .text._svfprintf_r
                0x00000000080075a8      0x1f0 /usr/local/Caskroom/gcc-arm-embedded/8-2018-q4-major/gcc-arm-none-eabi-8-2018-q4-major/bin/../lib/gcc/arm-none-eabi/8.2.1/../../../../arm-none-eabi/lib/thumb/v7-m/nofp/libg_nano.a(lib_a-nano-svfprintf.o)
                0x00000000080075a8                _svfprintf_r
                0x00000000080075a8                _svfiprintf_r
 .text._sbrk_r  0x0000000008007798       0x20 /usr/local/Caskroom/gcc-arm-embedded/8-2018-q4-major/gcc-arm-none-eabi-8-2018-q4-major/bin/../lib/gcc/arm-none-eabi/8.2.1/../../../../arm-none-eabi/lib/thumb/v7-m/nofp/libg_nano.a(lib_a-sbrkr.o)
                0x0000000008007798                _sbrk_r
 .text.__ascii_mbtowc
                0x00000000080077b8       0x24 /usr/local/Caskroom/gcc-arm-embedded/8-2018-q4-major/gcc-arm-none-eabi-8-2018-q4-major/bin/../lib/gcc/arm-none-eabi/8.2.1/../../../../arm-none-eabi/lib/thumb/v7-m/nofp/libg_nano.a(lib_a-mbtowc_r.o)
                0x00000000080077b8                __ascii_mbtowc
 .text.memmove  0x00000000080077dc       0x34 /usr/local/Caskroom/gcc-arm-embedded/8-2018-q4-major/gcc-arm-none-eabi-8-2018-q4-major/bin/../lib/gcc/arm-none-eabi/8.2.1/../../../../arm-none-eabi/lib/thumb/v7-m/nofp/libg_nano.a(lib_a-memmove.o)
                0x00000000080077dc                memmove
 .text.__malloc_lock
                0x0000000008007810        0xc /usr/local/Caskroom/gcc-arm-embedded/8-2018-q4-major/gcc-arm-none-eabi-8-2018-q4-major/bin/../lib/gcc/arm-none-eabi/8.2.1/../../../../arm-none-eabi/lib/thumb/v7-m/nofp/libg_nano.a(lib_a-mlock.o)
                0x0000000008007810                __malloc_lock
 .text.__malloc_unlock
                0x000000000800781c        0xc /usr/local/Caskroom/gcc-arm-embedded/8-2018-q4-major/gcc-arm-none-eabi-8-2018-q4-major/bin/../lib/gcc/arm-none-eabi/8.2.1/../../../../arm-none-eabi/lib/thumb/v7-m/nofp/libg_nano.a(lib_a-mlock.o)
                0x000000000800781c                __malloc_unlock
 .text._realloc_r
                0x0000000008007828       0x4c /usr/local/Caskroom/gcc-arm-embedded/8-2018-q4-major/gcc-arm-none-eabi-8-2018-q4-major/bin/../lib/gcc/arm-none-eabi/8.2.1/../../../../arm-none-eabi/lib/thumb/v7-m/nofp/libg_nano.a(lib_a-nano-reallocr.o)
                0x0000000008007828                _realloc_r
 .text.__ascii_wctomb
                0x0000000008007874       0x1a /usr/local/Caskroom/gcc-arm-embedded/8-2018-q4-major/gcc-arm-none-eabi-8-2018-q4-major/bin/../lib/gcc/arm-none-eabi/8.2.1/../../../../arm-none-eabi/lib/thumb/v7-m/nofp/libg_nano.a(lib_a-wctomb_r.o)
                0x0000000008007874                __ascii_wctomb
 .text.__retarget_lock_acquire_recursive
                0x000000000800788e        0x2 /usr/local/Caskroom/gcc-arm-embedded/8-2018-q4-major/gcc-arm-none-eabi-8-2018-q4-major/bin/../lib/gcc/arm-none-eabi/8.2.1/../../../../arm-none-eabi/lib/thumb/v7-m/nofp/libg_nano.a(lib_a-lock.o)
                0x000000000800788e                __retarget_lock_acquire_recursive
 .text.__retarget_lock_release_recursive
                0x0000000008007890        0x2 /usr/local/Caskroom/gcc-arm-embedded/8-2018-q4-major/gcc-arm-none-eabi-8-2018-q4-major/bin/../lib/gcc/arm-none-eabi/8.2.1/../../../../arm-none-eabi/lib/thumb/v7-m/nofp/libg_nano.a(lib_a-lock.o)
                0x0000000008007890                __retarget_lock_release_recursive
 .text._malloc_usable_size_r
                0x0000000008007892       0x10 /usr/local/Caskroom/gcc-arm-embedded/8-2018-q4-major/gcc-arm-none-eabi-8-2018-q4-major/bin/../lib/gcc/arm-none-eabi/8.2.1/../../../../arm-none-eabi/lib/thumb/v7-m/nofp/libg_nano.a(lib_a-nano-msizer.o)
                0x0000000008007892                _malloc_usable_size_r
 *fill*         0x00000000080078a2        0x2 
 .text._sbrk    0x00000000080078a4       0x1c /usr/local/Caskroom/gcc-arm-embedded/8-2018-q4-major/gcc-arm-none-eabi-8-2018-q4-major/bin/../lib/gcc/arm-none-eabi/8.2.1/../../../../arm-none-eabi/lib/thumb/v7-m/nofp/libnosys.a(sbrk.o)
                0x00000000080078a4                _sbrk
 *(.glue_7)
 .glue_7        0x00000000080078c0        0x0 linker stubs
 *(.glue_7t)
 .glue_7t       0x00000000080078c0        0x0 linker stubs
 *(.eh_frame)
 .eh_frame      0x00000000080078c0        0x0 /usr/local/Caskroom/gcc-arm-embedded/8-2018-q4-major/gcc-arm-none-eabi-8-2018-q4-major/bin/../lib/gcc/arm-none-eabi/8.2.1/thumb/v7-m/nofp/crtbegin.o
 *(.init)
 .init          0x00000000080078c0        0x4 /usr/local/Caskroom/gcc-arm-embedded/8-2018-q4-major/gcc-arm-none-eabi-8-2018-q4-major/bin/../lib/gcc/arm-none-eabi/8.2.1/thumb/v7-m/nofp/crti.o
                0x00000000080078c0                _init
 .init          0x00000000080078c4        0x8 /usr/local/Caskroom/gcc-arm-embedded/8-2018-q4-major/gcc-arm-none-eabi-8-2018-q4-major/bin/../lib/gcc/arm-none-eabi/8.2.1/thumb/v7-m/nofp/crtn.o
 *(.fini)
 .fini          0x00000000080078cc        0x4 /usr/local/Caskroom/gcc-arm-embedded/8-2018-q4-major/gcc-arm-none-eabi-8-2018-q4-major/bin/../lib/gcc/arm-none-eabi/8.2.1/thumb/v7-m/nofp/crti.o
                0x00000000080078cc                _fini
 .fini          0x00000000080078d0        0x8 /usr/local/Caskroom/gcc-arm-embedded/8-2018-q4-major/gcc-arm-none-eabi-8-2018-q4-major/bin/../lib/gcc/arm-none-eabi/8.2.1/thumb/v7-m/nofp/crtn.o
                0x00000000080078d8                . = ALIGN (0x4)
                0x00000000080078d8                _etext = .

.vfp11_veneer   0x00000000080078d8        0x0
 .vfp11_veneer  0x00000000080078d8        0x0 linker stubs

.v4_bx          0x00000000080078d8        0x0
 .v4_bx         0x00000000080078d8        0x0 linker stubs

.iplt           0x00000000080078d8        0x0
 .iplt          0x00000000080078d8        0x0 /usr/local/Caskroom/gcc-arm-embedded/8-2018-q4-major/gcc-arm-none-eabi-8-2018-q4-major/bin/../lib/gcc/arm-none-eabi/8.2.1/thumb/v7-m/nofp/crtbegin.o

.rodata         0x00000000080078d8      0x398
                0x00000000080078d8                . = ALIGN (0x4)
 *(.rodata)
 .rodata        0x00000000080078d8       0x10 CMakeFiles/Oplink.elf.dir/Drivers/STM32F1xx_HAL_Driver/Src/stm32f1xx_hal_rcc.c.obj
 *(.rodata*)
 .rodata.main.str1.4
                0x00000000080078e8       0x82 CMakeFiles/Oplink.elf.dir/Src/main.c.obj
 *fill*         0x000000000800796a        0x2 
 .rodata.AHBPrescTable
                0x000000000800796c       0x10 CMakeFiles/Oplink.elf.dir/Src/system_stm32f1xx.c.obj
                0x000000000800796c                AHBPrescTable
 .rodata.APBPrescTable
                0x000000000800797c        0x8 CMakeFiles/Oplink.elf.dir/Src/system_stm32f1xx.c.obj
                0x000000000800797c                APBPrescTable
 .rodata.CDC_Receive_FS.str1.4
                0x0000000008007984        0x3 CMakeFiles/Oplink.elf.dir/Src/usbd_cdc_if.c.obj
 *fill*         0x0000000008007987        0x1 
 .rodata.CSWTCH.2
                0x0000000008007988        0x4 CMakeFiles/Oplink.elf.dir/Src/usbd_conf.c.obj
 .rodata.USBD_LL_Init.str1.4
                0x000000000800798c       0x2e CMakeFiles/Oplink.elf.dir/Src/usbd_conf.c.obj
 *fill*         0x00000000080079ba        0x2 
 .rodata.USBD_FS_ConfigStrDescriptor.str1.4
                0x00000000080079bc        0xb CMakeFiles/Oplink.elf.dir/Src/usbd_desc.c.obj
 *fill*         0x00000000080079c7        0x1 
 .rodata.USBD_FS_InterfaceStrDescriptor.str1.4
                0x00000000080079c8        0xe CMakeFiles/Oplink.elf.dir/Src/usbd_desc.c.obj
 *fill*         0x00000000080079d6        0x2 
 .rodata.USBD_FS_ManufacturerStrDescriptor.str1.4
                0x00000000080079d8       0x13 CMakeFiles/Oplink.elf.dir/Src/usbd_desc.c.obj
 *fill*         0x00000000080079eb        0x1 
 .rodata.USBD_FS_ProductStrDescriptor.str1.4
                0x00000000080079ec       0x16 CMakeFiles/Oplink.elf.dir/Src/usbd_desc.c.obj
 *fill*         0x0000000008007a02        0x2 
 .rodata.USBD_FS_SerialStrDescriptor.str1.4
                0x0000000008007a04       0x10 CMakeFiles/Oplink.elf.dir/Src/usbd_desc.c.obj
                                          0xd (size before relaxing)
 .rodata._printf_float.str1.1
                0x0000000008007a14       0x12 /usr/local/Caskroom/gcc-arm-embedded/8-2018-q4-major/gcc-arm-none-eabi-8-2018-q4-major/bin/../lib/gcc/arm-none-eabi/8.2.1/../../../../arm-none-eabi/lib/thumb/v7-m/nofp/libg_nano.a(lib_a-nano-vfprintf_float.o)
 .rodata._printf_i.str1.1
                0x0000000008007a26       0x22 /usr/local/Caskroom/gcc-arm-embedded/8-2018-q4-major/gcc-arm-none-eabi-8-2018-q4-major/bin/../lib/gcc/arm-none-eabi/8.2.1/../../../../arm-none-eabi/lib/thumb/v7-m/nofp/libg_nano.a(lib_a-nano-vfprintf_i.o)
 .rodata._dtoa_r.str1.1
                0x0000000008007a48        0xd /usr/local/Caskroom/gcc-arm-embedded/8-2018-q4-major/gcc-arm-none-eabi-8-2018-q4-major/bin/../lib/gcc/arm-none-eabi/8.2.1/../../../../arm-none-eabi/lib/thumb/v7-m/nofp/libg_nano.a(lib_a-dtoa.o)
                                          0xf (size before relaxing)
 *fill*         0x0000000008007a55        0x3 
 .rodata.__mprec_bigtens
                0x0000000008007a58       0x28 /usr/local/Caskroom/gcc-arm-embedded/8-2018-q4-major/gcc-arm-none-eabi-8-2018-q4-major/bin/../lib/gcc/arm-none-eabi/8.2.1/../../../../arm-none-eabi/lib/thumb/v7-m/nofp/libg_nano.a(lib_a-mprec.o)
                0x0000000008007a58                __mprec_bigtens
 .rodata.__mprec_tens
                0x0000000008007a80       0xc8 /usr/local/Caskroom/gcc-arm-embedded/8-2018-q4-major/gcc-arm-none-eabi-8-2018-q4-major/bin/../lib/gcc/arm-none-eabi/8.2.1/../../../../arm-none-eabi/lib/thumb/v7-m/nofp/libg_nano.a(lib_a-mprec.o)
                0x0000000008007a80                __mprec_tens
 .rodata.p05.6147
                0x0000000008007b48        0xc /usr/local/Caskroom/gcc-arm-embedded/8-2018-q4-major/gcc-arm-none-eabi-8-2018-q4-major/bin/../lib/gcc/arm-none-eabi/8.2.1/../../../../arm-none-eabi/lib/thumb/v7-m/nofp/libg_nano.a(lib_a-mprec.o)
 .rodata._svfprintf_r.str1.1
                0x0000000008007b54       0x11 /usr/local/Caskroom/gcc-arm-embedded/8-2018-q4-major/gcc-arm-none-eabi-8-2018-q4-major/bin/../lib/gcc/arm-none-eabi/8.2.1/../../../../arm-none-eabi/lib/thumb/v7-m/nofp/libg_nano.a(lib_a-nano-svfprintf.o)
 .rodata._setlocale_r.str1.1
                0x0000000008007b65        0x8 /usr/local/Caskroom/gcc-arm-embedded/8-2018-q4-major/gcc-arm-none-eabi-8-2018-q4-major/bin/../lib/gcc/arm-none-eabi/8.2.1/../../../../arm-none-eabi/lib/thumb/v7-m/nofp/libg_nano.a(lib_a-locale.o)
                                          0x9 (size before relaxing)
 .rodata.str1.1
                0x0000000008007b6d        0x2 /usr/local/Caskroom/gcc-arm-embedded/8-2018-q4-major/gcc-arm-none-eabi-8-2018-q4-major/bin/../lib/gcc/arm-none-eabi/8.2.1/../../../../arm-none-eabi/lib/thumb/v7-m/nofp/libg_nano.a(lib_a-locale.o)
 .rodata._ctype_
                0x0000000008007b6f      0x101 /usr/local/Caskroom/gcc-arm-embedded/8-2018-q4-major/gcc-arm-none-eabi-8-2018-q4-major/bin/../lib/gcc/arm-none-eabi/8.2.1/../../../../arm-none-eabi/lib/thumb/v7-m/nofp/libg_nano.a(lib_a-ctype_.o)
                0x0000000008007b6f                _ctype_
                0x0000000008007c70                . = ALIGN (0x4)

.rel.dyn        0x0000000008007c70        0x0
 .rel.iplt      0x0000000008007c70        0x0 /usr/local/Caskroom/gcc-arm-embedded/8-2018-q4-major/gcc-arm-none-eabi-8-2018-q4-major/bin/../lib/gcc/arm-none-eabi/8.2.1/thumb/v7-m/nofp/crtbegin.o

.ARM.extab
 *(.ARM.extab* .gnu.linkonce.armextab.*)

.ARM            0x0000000008007c70        0x0
                0x0000000008007c70                __exidx_start = .
 *(.ARM.exidx*)
                0x0000000008007c70                __exidx_end = .

.preinit_array  0x0000000008007c70        0x0
                0x0000000008007c70                PROVIDE (__preinit_array_start = .)
 *(.preinit_array*)
                0x0000000008007c70                PROVIDE (__preinit_array_end = .)

.init_array     0x0000000008007c70        0x4
                0x0000000008007c70                PROVIDE (__init_array_start = .)
 *(SORT_BY_NAME(.init_array.*))
 *(.init_array*)
 .init_array    0x0000000008007c70        0x4 /usr/local/Caskroom/gcc-arm-embedded/8-2018-q4-major/gcc-arm-none-eabi-8-2018-q4-major/bin/../lib/gcc/arm-none-eabi/8.2.1/thumb/v7-m/nofp/crtbegin.o
                0x0000000008007c74                PROVIDE (__init_array_end = .)

.fini_array     0x0000000008007c74        0x4
                [!provide]                        PROVIDE (__fini_array_start = .)
 *(SORT_BY_NAME(.fini_array.*))
 *(.fini_array*)
 .fini_array    0x0000000008007c74        0x4 /usr/local/Caskroom/gcc-arm-embedded/8-2018-q4-major/gcc-arm-none-eabi-8-2018-q4-major/bin/../lib/gcc/arm-none-eabi/8.2.1/thumb/v7-m/nofp/crtbegin.o
                [!provide]                        PROVIDE (__fini_array_end = .)
                0x0000000008007c78                _sidata = LOADADDR (.data)

.data           0x0000000020000000      0x338 load address 0x0000000008007c78
                0x0000000020000000                . = ALIGN (0x4)
                0x0000000020000000                _sdata = .
 *(.data)
 *(.data*)
 .data.uwTickFreq
                0x0000000020000000        0x1 CMakeFiles/Oplink.elf.dir/Drivers/STM32F1xx_HAL_Driver/Src/stm32f1xx_hal.c.obj
                0x0000000020000000                uwTickFreq
 *fill*         0x0000000020000001        0x3 
 .data.uwTickPrio
                0x0000000020000004        0x4 CMakeFiles/Oplink.elf.dir/Drivers/STM32F1xx_HAL_Driver/Src/stm32f1xx_hal.c.obj
                0x0000000020000004                uwTickPrio
 .data.USBD_CDC
                0x0000000020000008       0x38 CMakeFiles/Oplink.elf.dir/Middlewares/ST/STM32_USB_Device_Library/Class/CDC/Src/usbd_cdc.c.obj
                0x0000000020000008                USBD_CDC
 .data.USBD_CDC_CfgFSDesc
                0x0000000020000040       0x43 CMakeFiles/Oplink.elf.dir/Middlewares/ST/STM32_USB_Device_Library/Class/CDC/Src/usbd_cdc.c.obj
                0x0000000020000040                USBD_CDC_CfgFSDesc
 *fill*         0x0000000020000083        0x1 
 .data.USBD_CDC_CfgHSDesc
                0x0000000020000084       0x43 CMakeFiles/Oplink.elf.dir/Middlewares/ST/STM32_USB_Device_Library/Class/CDC/Src/usbd_cdc.c.obj
                0x0000000020000084                USBD_CDC_CfgHSDesc
 *fill*         0x00000000200000c7        0x1 
 .data.USBD_CDC_DeviceQualifierDesc
                0x00000000200000c8        0xa CMakeFiles/Oplink.elf.dir/Middlewares/ST/STM32_USB_Device_Library/Class/CDC/Src/usbd_cdc.c.obj
 *fill*         0x00000000200000d2        0x2 
 .data.USBD_CDC_OtherSpeedCfgDesc
                0x00000000200000d4       0x43 CMakeFiles/Oplink.elf.dir/Middlewares/ST/STM32_USB_Device_Library/Class/CDC/Src/usbd_cdc.c.obj
                0x00000000200000d4                USBD_CDC_OtherSpeedCfgDesc
 .data._mode    0x0000000020000117        0x1 CMakeFiles/Oplink.elf.dir/Src/RFM69.c.obj
                0x0000000020000117                _mode
 .data._powerLevel
                0x0000000020000118        0x1 CMakeFiles/Oplink.elf.dir/Src/RFM69.c.obj
 *fill*         0x0000000020000119        0x3 
 .data.SystemCoreClock
                0x000000002000011c        0x4 CMakeFiles/Oplink.elf.dir/Src/system_stm32f1xx.c.obj
                0x000000002000011c                SystemCoreClock
 .data.USBD_Interface_fops_FS
                0x0000000020000120       0x10 CMakeFiles/Oplink.elf.dir/Src/usbd_cdc_if.c.obj
                0x0000000020000120                USBD_Interface_fops_FS
 .data.echo     0x0000000020000130        0x1 CMakeFiles/Oplink.elf.dir/Src/usbd_cdc_if.c.obj
                0x0000000020000130                echo
 *fill*         0x0000000020000131        0x3 
 .data.FS_Desc  0x0000000020000134       0x1c CMakeFiles/Oplink.elf.dir/Src/usbd_desc.c.obj
                0x0000000020000134                FS_Desc
 .data.USBD_FS_DeviceDesc
                0x0000000020000150       0x12 CMakeFiles/Oplink.elf.dir/Src/usbd_desc.c.obj
                0x0000000020000150                USBD_FS_DeviceDesc
 *fill*         0x0000000020000162        0x2 
 .data.USBD_LangIDDesc
                0x0000000020000164        0x4 CMakeFiles/Oplink.elf.dir/Src/usbd_desc.c.obj
                0x0000000020000164                USBD_LangIDDesc
 .data._impure_ptr
                0x0000000020000168        0x4 /usr/local/Caskroom/gcc-arm-embedded/8-2018-q4-major/gcc-arm-none-eabi-8-2018-q4-major/bin/../lib/gcc/arm-none-eabi/8.2.1/../../../../arm-none-eabi/lib/thumb/v7-m/nofp/libg_nano.a(lib_a-impure.o)
                0x0000000020000168                _impure_ptr
 .data.impure_data
                0x000000002000016c       0x60 /usr/local/Caskroom/gcc-arm-embedded/8-2018-q4-major/gcc-arm-none-eabi-8-2018-q4-major/bin/../lib/gcc/arm-none-eabi/8.2.1/../../../../arm-none-eabi/lib/thumb/v7-m/nofp/libg_nano.a(lib_a-impure.o)
 .data.__global_locale
                0x00000000200001cc      0x16c /usr/local/Caskroom/gcc-arm-embedded/8-2018-q4-major/gcc-arm-none-eabi-8-2018-q4-major/bin/../lib/gcc/arm-none-eabi/8.2.1/../../../../arm-none-eabi/lib/thumb/v7-m/nofp/libg_nano.a(lib_a-locale.o)
                0x00000000200001cc                __global_locale
                0x0000000020000338                . = ALIGN (0x4)
                0x0000000020000338                _edata = .

.igot.plt       0x0000000020000338        0x0 load address 0x0000000008007fb0
 .igot.plt      0x0000000020000338        0x0 /usr/local/Caskroom/gcc-arm-embedded/8-2018-q4-major/gcc-arm-none-eabi-8-2018-q4-major/bin/../lib/gcc/arm-none-eabi/8.2.1/thumb/v7-m/nofp/crtbegin.o
                0x0000000020000338                . = ALIGN (0x4)

.bss            0x0000000020000338     0x1604 load address 0x0000000008007fb0
                0x0000000020000338                _sbss = .
                0x0000000020000338                __bss_start__ = _sbss
 *(.bss)
 .bss           0x0000000020000338       0x1c /usr/local/Caskroom/gcc-arm-embedded/8-2018-q4-major/gcc-arm-none-eabi-8-2018-q4-major/bin/../lib/gcc/arm-none-eabi/8.2.1/thumb/v7-m/nofp/crtbegin.o
 *(.bss*)
 .bss.uwTick    0x0000000020000354        0x4 CMakeFiles/Oplink.elf.dir/Drivers/STM32F1xx_HAL_Driver/Src/stm32f1xx_hal.c.obj
                0x0000000020000354                uwTick
 .bss.ifalt.7894
                0x0000000020000358        0x1 CMakeFiles/Oplink.elf.dir/Middlewares/ST/STM32_USB_Device_Library/Class/CDC/Src/usbd_cdc.c.obj
 .bss.cfgidx.7899
                0x0000000020000359        0x1 CMakeFiles/Oplink.elf.dir/Middlewares/ST/STM32_USB_Device_Library/Core/Src/usbd_ctlreq.c.obj
 .bss.ACK_RECEIVED
                0x000000002000035a        0x1 CMakeFiles/Oplink.elf.dir/Src/RFM69.c.obj
                0x000000002000035a                ACK_RECEIVED
 .bss.ACK_Requested
                0x000000002000035b        0x1 CMakeFiles/Oplink.elf.dir/Src/RFM69.c.obj
                0x000000002000035b                ACK_Requested
 .bss._address  0x000000002000035c        0x1 CMakeFiles/Oplink.elf.dir/Src/RFM69.c.obj
 .bss._promiscuousMode
                0x000000002000035d        0x1 CMakeFiles/Oplink.elf.dir/Src/RFM69.c.obj
                0x000000002000035d                _promiscuousMode
 *fill*         0x000000002000035e        0x2 
 .bss.data      0x0000000020000360       0x3d CMakeFiles/Oplink.elf.dir/Src/RFM69.c.obj
                0x0000000020000360                data
 .bss.datalen   0x000000002000039d        0x1 CMakeFiles/Oplink.elf.dir/Src/RFM69.c.obj
                0x000000002000039d                datalen
 .bss.payloadLen
                0x000000002000039e        0x1 CMakeFiles/Oplink.elf.dir/Src/RFM69.c.obj
                0x000000002000039e                payloadLen
 *fill*         0x000000002000039f        0x1 
 .bss.rssi      0x00000000200003a0        0x2 CMakeFiles/Oplink.elf.dir/Src/RFM69.c.obj
                0x00000000200003a0                rssi
 .bss.senderID  0x00000000200003a2        0x1 CMakeFiles/Oplink.elf.dir/Src/RFM69.c.obj
                0x00000000200003a2                senderID
 .bss.targetID  0x00000000200003a3        0x1 CMakeFiles/Oplink.elf.dir/Src/RFM69.c.obj
                0x00000000200003a3                targetID
 .bss.tick_time
                0x00000000200003a4        0x4 CMakeFiles/Oplink.elf.dir/Src/control_rf69.c.obj
                0x00000000200003a4                tick_time
 .bss.time_temp
                0x00000000200003a8        0x2 CMakeFiles/Oplink.elf.dir/Src/control_rf69.c.obj
                0x00000000200003a8                time_temp
 *fill*         0x00000000200003aa        0x2 
 .bss.DataRX    0x00000000200003ac       0x10 CMakeFiles/Oplink.elf.dir/Src/main.c.obj
                0x00000000200003ac                DataRX
 .bss.DataTX    0x00000000200003bc       0x10 CMakeFiles/Oplink.elf.dir/Src/main.c.obj
                0x00000000200003bc                DataTX
 .bss.hspi1     0x00000000200003cc       0x58 CMakeFiles/Oplink.elf.dir/Src/main.c.obj
                0x00000000200003cc                hspi1
 .bss.huart1    0x0000000020000424       0x40 CMakeFiles/Oplink.elf.dir/Src/main.c.obj
                0x0000000020000424                huart1
 .bss.huart3    0x0000000020000464       0x40 CMakeFiles/Oplink.elf.dir/Src/main.c.obj
                0x0000000020000464                huart3
 .bss.prit_char
                0x00000000200004a4        0x1 CMakeFiles/Oplink.elf.dir/Src/main.c.obj
                0x00000000200004a4                prit_char
 *fill*         0x00000000200004a5        0x1 
 .bss.rssiRX    0x00000000200004a6        0x2 CMakeFiles/Oplink.elf.dir/Src/main.c.obj
                0x00000000200004a6                rssiRX
 .bss.str_tx    0x00000000200004a8      0x100 CMakeFiles/Oplink.elf.dir/Src/main.c.obj
                0x00000000200004a8                str_tx
 .bss.hUsbDeviceFS
                0x00000000200005a8      0x224 CMakeFiles/Oplink.elf.dir/Src/usb_device.c.obj
                0x00000000200005a8                hUsbDeviceFS
 .bss.RX_buff   0x00000000200007cc      0x100 CMakeFiles/Oplink.elf.dir/Src/usbd_cdc_if.c.obj
                0x00000000200007cc                RX_buff
 .bss.RX_char   0x00000000200008cc        0x3 CMakeFiles/Oplink.elf.dir/Src/usbd_cdc_if.c.obj
                0x00000000200008cc                RX_char
 *fill*         0x00000000200008cf        0x1 
 .bss.UserRxBufferFS
                0x00000000200008d0      0x3e8 CMakeFiles/Oplink.elf.dir/Src/usbd_cdc_if.c.obj
                0x00000000200008d0                UserRxBufferFS
 .bss.UserTxBufferFS
                0x0000000020000cb8      0x3e8 CMakeFiles/Oplink.elf.dir/Src/usbd_cdc_if.c.obj
                0x0000000020000cb8                UserTxBufferFS
 .bss.hpcd_USB_FS
                0x00000000200010a0      0x460 CMakeFiles/Oplink.elf.dir/Src/usbd_conf.c.obj
                0x00000000200010a0                hpcd_USB_FS
 .bss.mem.8057  0x0000000020001500      0x220 CMakeFiles/Oplink.elf.dir/Src/usbd_conf.c.obj
 .bss.USBD_StrDesc
                0x0000000020001720      0x200 CMakeFiles/Oplink.elf.dir/Src/usbd_desc.c.obj
                0x0000000020001720                USBD_StrDesc
 .bss.__malloc_free_list
                0x0000000020001920        0x4 /usr/local/Caskroom/gcc-arm-embedded/8-2018-q4-major/gcc-arm-none-eabi-8-2018-q4-major/bin/../lib/gcc/arm-none-eabi/8.2.1/../../../../arm-none-eabi/lib/thumb/v7-m/nofp/libg_nano.a(lib_a-nano-mallocr.o)
                0x0000000020001920                __malloc_free_list
 .bss.__malloc_sbrk_start
                0x0000000020001924        0x4 /usr/local/Caskroom/gcc-arm-embedded/8-2018-q4-major/gcc-arm-none-eabi-8-2018-q4-major/bin/../lib/gcc/arm-none-eabi/8.2.1/../../../../arm-none-eabi/lib/thumb/v7-m/nofp/libg_nano.a(lib_a-nano-mallocr.o)
                0x0000000020001924                __malloc_sbrk_start
 .bss.heap_end.4194
                0x0000000020001928        0x4 /usr/local/Caskroom/gcc-arm-embedded/8-2018-q4-major/gcc-arm-none-eabi-8-2018-q4-major/bin/../lib/gcc/arm-none-eabi/8.2.1/../../../../arm-none-eabi/lib/thumb/v7-m/nofp/libnosys.a(sbrk.o)
 *(COMMON)
 COMMON         0x000000002000192c        0x4 /usr/local/Caskroom/gcc-arm-embedded/8-2018-q4-major/gcc-arm-none-eabi-8-2018-q4-major/bin/../lib/gcc/arm-none-eabi/8.2.1/../../../../arm-none-eabi/lib/thumb/v7-m/nofp/libg_nano.a(lib_a-reent.o)
                0x000000002000192c                errno
 COMMON         0x0000000020001930        0x9 /usr/local/Caskroom/gcc-arm-embedded/8-2018-q4-major/gcc-arm-none-eabi-8-2018-q4-major/bin/../lib/gcc/arm-none-eabi/8.2.1/../../../../arm-none-eabi/lib/thumb/v7-m/nofp/libg_nano.a(lib_a-lock.o)
                0x0000000020001930                __lock___atexit_recursive_mutex
                0x0000000020001931                __lock___arc4random_mutex
                0x0000000020001932                __lock___env_recursive_mutex
                0x0000000020001933                __lock___sinit_recursive_mutex
                0x0000000020001934                __lock___malloc_recursive_mutex
                0x0000000020001935                __lock___at_quick_exit_mutex
                0x0000000020001936                __lock___dd_hash_mutex
                0x0000000020001937                __lock___tz_mutex
                0x0000000020001938                __lock___sfp_recursive_mutex
                0x000000002000193c                . = ALIGN (0x4)
 *fill*         0x0000000020001939        0x3 
                0x000000002000193c                _ebss = .
                0x000000002000193c                __bss_end__ = _ebss

._user_heap_stack
                0x000000002000193c      0x604 load address 0x0000000008007fb0
                0x0000000020001940                . = ALIGN (0x8)
 *fill*         0x000000002000193c        0x4 
                0x0000000020001940                PROVIDE (end = .)
                [!provide]                        PROVIDE (_end = .)
                0x0000000020001b40                . = (. + _Min_Heap_Size)
 *fill*         0x0000000020001940      0x200 
                0x0000000020001f40                . = (. + _Min_Stack_Size)
 *fill*         0x0000000020001b40      0x400 
                0x0000000020001f40                . = ALIGN (0x8)

/DISCARD/
 libc.a(*)
 libm.a(*)
 libgcc.a(*)

.ARM.attributes
                0x0000000000000000       0x29
 *(.ARM.attributes)
 .ARM.attributes
                0x0000000000000000       0x1d /usr/local/Caskroom/gcc-arm-embedded/8-2018-q4-major/gcc-arm-none-eabi-8-2018-q4-major/bin/../lib/gcc/arm-none-eabi/8.2.1/thumb/v7-m/nofp/crti.o
 .ARM.attributes
                0x000000000000001d       0x2d /usr/local/Caskroom/gcc-arm-embedded/8-2018-q4-major/gcc-arm-none-eabi-8-2018-q4-major/bin/../lib/gcc/arm-none-eabi/8.2.1/thumb/v7-m/nofp/crtbegin.o
 .ARM.attributes
                0x000000000000004a       0x2d CMakeFiles/Oplink.elf.dir/Drivers/STM32F1xx_HAL_Driver/Src/stm32f1xx_hal.c.obj
 .ARM.attributes
                0x0000000000000077       0x2d CMakeFiles/Oplink.elf.dir/Drivers/STM32F1xx_HAL_Driver/Src/stm32f1xx_hal_cortex.c.obj
 .ARM.attributes
                0x00000000000000a4       0x2d CMakeFiles/Oplink.elf.dir/Drivers/STM32F1xx_HAL_Driver/Src/stm32f1xx_hal_dma.c.obj
 .ARM.attributes
                0x00000000000000d1       0x2d CMakeFiles/Oplink.elf.dir/Drivers/STM32F1xx_HAL_Driver/Src/stm32f1xx_hal_gpio.c.obj
 .ARM.attributes
                0x00000000000000fe       0x2d CMakeFiles/Oplink.elf.dir/Drivers/STM32F1xx_HAL_Driver/Src/stm32f1xx_hal_pcd.c.obj
 .ARM.attributes
                0x000000000000012b       0x2d CMakeFiles/Oplink.elf.dir/Drivers/STM32F1xx_HAL_Driver/Src/stm32f1xx_hal_pcd_ex.c.obj
 .ARM.attributes
                0x0000000000000158       0x2d CMakeFiles/Oplink.elf.dir/Drivers/STM32F1xx_HAL_Driver/Src/stm32f1xx_hal_rcc.c.obj
 .ARM.attributes
                0x0000000000000185       0x2d CMakeFiles/Oplink.elf.dir/Drivers/STM32F1xx_HAL_Driver/Src/stm32f1xx_hal_rcc_ex.c.obj
 .ARM.attributes
                0x00000000000001b2       0x2d CMakeFiles/Oplink.elf.dir/Drivers/STM32F1xx_HAL_Driver/Src/stm32f1xx_hal_spi.c.obj
 .ARM.attributes
                0x00000000000001df       0x2d CMakeFiles/Oplink.elf.dir/Drivers/STM32F1xx_HAL_Driver/Src/stm32f1xx_hal_spi_ex.c.obj
 .ARM.attributes
                0x000000000000020c       0x2d CMakeFiles/Oplink.elf.dir/Drivers/STM32F1xx_HAL_Driver/Src/stm32f1xx_hal_uart.c.obj
 .ARM.attributes
                0x0000000000000239       0x2d CMakeFiles/Oplink.elf.dir/Drivers/STM32F1xx_HAL_Driver/Src/stm32f1xx_ll_usb.c.obj
 .ARM.attributes
                0x0000000000000266       0x2d CMakeFiles/Oplink.elf.dir/Middlewares/ST/STM32_USB_Device_Library/Class/CDC/Src/usbd_cdc.c.obj
 .ARM.attributes
                0x0000000000000293       0x2d CMakeFiles/Oplink.elf.dir/Middlewares/ST/STM32_USB_Device_Library/Core/Src/usbd_core.c.obj
 .ARM.attributes
                0x00000000000002c0       0x2d CMakeFiles/Oplink.elf.dir/Middlewares/ST/STM32_USB_Device_Library/Core/Src/usbd_ctlreq.c.obj
 .ARM.attributes
                0x00000000000002ed       0x2d CMakeFiles/Oplink.elf.dir/Middlewares/ST/STM32_USB_Device_Library/Core/Src/usbd_ioreq.c.obj
 .ARM.attributes
                0x000000000000031a       0x2d CMakeFiles/Oplink.elf.dir/Src/RFM69.c.obj
 .ARM.attributes
                0x0000000000000347       0x2d CMakeFiles/Oplink.elf.dir/Src/control_rf69.c.obj
 .ARM.attributes
                0x0000000000000374       0x2d CMakeFiles/Oplink.elf.dir/Src/main.c.obj
 .ARM.attributes
                0x00000000000003a1       0x2d CMakeFiles/Oplink.elf.dir/Src/stm32f1xx_hal_msp.c.obj
 .ARM.attributes
                0x00000000000003ce       0x2d CMakeFiles/Oplink.elf.dir/Src/stm32f1xx_it.c.obj
 .ARM.attributes
                0x00000000000003fb       0x2d CMakeFiles/Oplink.elf.dir/Src/system_stm32f1xx.c.obj
 .ARM.attributes
                0x0000000000000428       0x2d CMakeFiles/Oplink.elf.dir/Src/usb_device.c.obj
 .ARM.attributes
                0x0000000000000455       0x2d CMakeFiles/Oplink.elf.dir/Src/usbd_cdc_if.c.obj
 .ARM.attributes
                0x0000000000000482       0x2d CMakeFiles/Oplink.elf.dir/Src/usbd_conf.c.obj
 .ARM.attributes
                0x00000000000004af       0x2d CMakeFiles/Oplink.elf.dir/Src/usbd_desc.c.obj
 .ARM.attributes
                0x00000000000004dc       0x21 CMakeFiles/Oplink.elf.dir/startup/startup_stm32f103xb.s.obj
 .ARM.attributes
                0x00000000000004fd       0x1d /usr/local/Caskroom/gcc-arm-embedded/8-2018-q4-major/gcc-arm-none-eabi-8-2018-q4-major/bin/../lib/gcc/arm-none-eabi/8.2.1/thumb/v7-m/nofp/libgcc.a(_arm_addsubdf3.o)
 .ARM.attributes
                0x000000000000051a       0x1d /usr/local/Caskroom/gcc-arm-embedded/8-2018-q4-major/gcc-arm-none-eabi-8-2018-q4-major/bin/../lib/gcc/arm-none-eabi/8.2.1/thumb/v7-m/nofp/libgcc.a(_arm_muldivdf3.o)
 .ARM.attributes
                0x0000000000000537       0x2d /usr/local/Caskroom/gcc-arm-embedded/8-2018-q4-major/gcc-arm-none-eabi-8-2018-q4-major/bin/../lib/gcc/arm-none-eabi/8.2.1/../../../../arm-none-eabi/lib/thumb/v7-m/nofp/libg_nano.a(lib_a-impure.o)
 .ARM.attributes
                0x0000000000000564       0x2d /usr/local/Caskroom/gcc-arm-embedded/8-2018-q4-major/gcc-arm-none-eabi-8-2018-q4-major/bin/../lib/gcc/arm-none-eabi/8.2.1/../../../../arm-none-eabi/lib/thumb/v7-m/nofp/libg_nano.a(lib_a-init.o)
 .ARM.attributes
                0x0000000000000591       0x2d /usr/local/Caskroom/gcc-arm-embedded/8-2018-q4-major/gcc-arm-none-eabi-8-2018-q4-major/bin/../lib/gcc/arm-none-eabi/8.2.1/../../../../arm-none-eabi/lib/thumb/v7-m/nofp/libg_nano.a(lib_a-memcpy-stub.o)
 .ARM.attributes
                0x00000000000005be       0x2d /usr/local/Caskroom/gcc-arm-embedded/8-2018-q4-major/gcc-arm-none-eabi-8-2018-q4-major/bin/../lib/gcc/arm-none-eabi/8.2.1/../../../../arm-none-eabi/lib/thumb/v7-m/nofp/libg_nano.a(lib_a-memset.o)
 .ARM.attributes
                0x00000000000005eb       0x2d /usr/local/Caskroom/gcc-arm-embedded/8-2018-q4-major/gcc-arm-none-eabi-8-2018-q4-major/bin/../lib/gcc/arm-none-eabi/8.2.1/../../../../arm-none-eabi/lib/thumb/v7-m/nofp/libg_nano.a(lib_a-nano-vfprintf_float.o)
 .ARM.attributes
                0x0000000000000618       0x2d /usr/local/Caskroom/gcc-arm-embedded/8-2018-q4-major/gcc-arm-none-eabi-8-2018-q4-major/bin/../lib/gcc/arm-none-eabi/8.2.1/../../../../arm-none-eabi/lib/thumb/v7-m/nofp/libg_nano.a(lib_a-nano-vfprintf_i.o)
 .ARM.attributes
                0x0000000000000645       0x2d /usr/local/Caskroom/gcc-arm-embedded/8-2018-q4-major/gcc-arm-none-eabi-8-2018-q4-major/bin/../lib/gcc/arm-none-eabi/8.2.1/../../../../arm-none-eabi/lib/thumb/v7-m/nofp/libg_nano.a(lib_a-sprintf.o)
 .ARM.attributes
                0x0000000000000672       0x17 /usr/local/Caskroom/gcc-arm-embedded/8-2018-q4-major/gcc-arm-none-eabi-8-2018-q4-major/bin/../lib/gcc/arm-none-eabi/8.2.1/../../../../arm-none-eabi/lib/thumb/v7-m/nofp/libg_nano.a(lib_a-strlen.o)
 .ARM.attributes
                0x0000000000000689       0x2d /usr/local/Caskroom/gcc-arm-embedded/8-2018-q4-major/gcc-arm-none-eabi-8-2018-q4-major/bin/../lib/gcc/arm-none-eabi/8.2.1/../../../../arm-none-eabi/lib/thumb/v7-m/nofp/libg_nano.a(lib_a-strncat.o)
 .ARM.attributes
                0x00000000000006b6       0x2d /usr/local/Caskroom/gcc-arm-embedded/8-2018-q4-major/gcc-arm-none-eabi-8-2018-q4-major/bin/../lib/gcc/arm-none-eabi/8.2.1/../../../../arm-none-eabi/lib/thumb/v7-m/nofp/libg_nano.a(lib_a-dtoa.o)
 .ARM.attributes
                0x00000000000006e3       0x2d /usr/local/Caskroom/gcc-arm-embedded/8-2018-q4-major/gcc-arm-none-eabi-8-2018-q4-major/bin/../lib/gcc/arm-none-eabi/8.2.1/../../../../arm-none-eabi/lib/thumb/v7-m/nofp/libg_nano.a(lib_a-localeconv.o)
 .ARM.attributes
                0x0000000000000710       0x2d /usr/local/Caskroom/gcc-arm-embedded/8-2018-q4-major/gcc-arm-none-eabi-8-2018-q4-major/bin/../lib/gcc/arm-none-eabi/8.2.1/../../../../arm-none-eabi/lib/thumb/v7-m/nofp/libg_nano.a(lib_a-malloc.o)
 .ARM.attributes
                0x000000000000073d       0x2d /usr/local/Caskroom/gcc-arm-embedded/8-2018-q4-major/gcc-arm-none-eabi-8-2018-q4-major/bin/../lib/gcc/arm-none-eabi/8.2.1/../../../../arm-none-eabi/lib/thumb/v7-m/nofp/libg_nano.a(lib_a-memchr-stub.o)
 .ARM.attributes
                0x000000000000076a       0x2d /usr/local/Caskroom/gcc-arm-embedded/8-2018-q4-major/gcc-arm-none-eabi-8-2018-q4-major/bin/../lib/gcc/arm-none-eabi/8.2.1/../../../../arm-none-eabi/lib/thumb/v7-m/nofp/libg_nano.a(lib_a-mprec.o)
 .ARM.attributes
                0x0000000000000797       0x2d /usr/local/Caskroom/gcc-arm-embedded/8-2018-q4-major/gcc-arm-none-eabi-8-2018-q4-major/bin/../lib/gcc/arm-none-eabi/8.2.1/../../../../arm-none-eabi/lib/thumb/v7-m/nofp/libg_nano.a(lib_a-nano-callocr.o)
 .ARM.attributes