Archive member included to satisfy reference by file (symbol)

/usr/local/Caskroom/gcc-arm-embedded/8-2018-q4-major/gcc-arm-none-eabi-8-2018-q4-major/bin/../lib/gcc/arm-none-eabi/8.2.1/../../../../arm-none-eabi/lib/thumb/v7-m/nofp/libg_nano.a(lib_a-exit.o)
                              /usr/local/Caskroom/gcc-arm-embedded/8-2018-q4-major/gcc-arm-none-eabi-8-2018-q4-major/bin/../lib/gcc/arm-none-eabi/8.2.1/../../../../arm-none-eabi/lib/thumb/v7-m/nofp/crt0.o (exit)
/usr/local/Caskroom/gcc-arm-embedded/8-2018-q4-major/gcc-arm-none-eabi-8-2018-q4-major/bin/../lib/gcc/arm-none-eabi/8.2.1/../../../../arm-none-eabi/lib/thumb/v7-m/nofp/libg_nano.a(lib_a-impure.o)
                              /usr/local/Caskroom/gcc-arm-embedded/8-2018-q4-major/gcc-arm-none-eabi-8-2018-q4-major/bin/../lib/gcc/arm-none-eabi/8.2.1/../../../../arm-none-eabi/lib/thumb/v7-m/nofp/libg_nano.a(lib_a-exit.o) (_global_impure_ptr)
/usr/local/Caskroom/gcc-arm-embedded/8-2018-q4-major/gcc-arm-none-eabi-8-2018-q4-major/bin/../lib/gcc/arm-none-eabi/8.2.1/../../../../arm-none-eabi/lib/thumb/v7-m/nofp/libg_nano.a(lib_a-init.o)
                              /usr/local/Caskroom/gcc-arm-embedded/8-2018-q4-major/gcc-arm-none-eabi-8-2018-q4-major/bin/../lib/gcc/arm-none-eabi/8.2.1/../../../../arm-none-eabi/lib/thumb/v7-m/nofp/crt0.o (__libc_init_array)
/usr/local/Caskroom/gcc-arm-embedded/8-2018-q4-major/gcc-arm-none-eabi-8-2018-q4-major/bin/../lib/gcc/arm-none-eabi/8.2.1/../../../../arm-none-eabi/lib/thumb/v7-m/nofp/libg_nano.a(lib_a-memset.o)
                              /usr/local/Caskroom/gcc-arm-embedded/8-2018-q4-major/gcc-arm-none-eabi-8-2018-q4-major/bin/../lib/gcc/arm-none-eabi/8.2.1/../../../../arm-none-eabi/lib/thumb/v7-m/nofp/crt0.o (memset)
/usr/local/Caskroom/gcc-arm-embedded/8-2018-q4-major/gcc-arm-none-eabi-8-2018-q4-major/bin/../lib/gcc/arm-none-eabi/8.2.1/../../../../arm-none-eabi/lib/thumb/v7-m/nofp/libg_nano.a(lib_a-sprintf.o)
                              CMakeFiles/Oplink.elf.dir/Src/main.c.obj (sprintf)
/usr/local/Caskroom/gcc-arm-embedded/8-2018-q4-major/gcc-arm-none-eabi-8-2018-q4-major/bin/../lib/gcc/arm-none-eabi/8.2.1/../../../../arm-none-eabi/lib/thumb/v7-m/nofp/libg_nano.a(lib_a-strlen.o)
                              CMakeFiles/Oplink.elf.dir/Src/main.c.obj (strlen)
/usr/local/Caskroom/gcc-arm-embedded/8-2018-q4-major/gcc-arm-none-eabi-8-2018-q4-major/bin/../lib/gcc/arm-none-eabi/8.2.1/../../../../arm-none-eabi/lib/thumb/v7-m/nofp/libg_nano.a(lib_a-nano-svfprintf.o)
                              /usr/local/Caskroom/gcc-arm-embedded/8-2018-q4-major/gcc-arm-none-eabi-8-2018-q4-major/bin/../lib/gcc/arm-none-eabi/8.2.1/../../../../arm-none-eabi/lib/thumb/v7-m/nofp/libg_nano.a(lib_a-sprintf.o) (_svfprintf_r)
/usr/local/Caskroom/gcc-arm-embedded/8-2018-q4-major/gcc-arm-none-eabi-8-2018-q4-major/bin/../lib/gcc/arm-none-eabi/8.2.1/../../../../arm-none-eabi/lib/thumb/v7-m/nofp/libg_nano.a(lib_a-nano-vfprintf_i.o)
                              /usr/local/Caskroom/gcc-arm-embedded/8-2018-q4-major/gcc-arm-none-eabi-8-2018-q4-major/bin/../lib/gcc/arm-none-eabi/8.2.1/../../../../arm-none-eabi/lib/thumb/v7-m/nofp/libg_nano.a(lib_a-nano-svfprintf.o) (_printf_i)
/usr/local/Caskroom/gcc-arm-embedded/8-2018-q4-major/gcc-arm-none-eabi-8-2018-q4-major/bin/../lib/gcc/arm-none-eabi/8.2.1/../../../../arm-none-eabi/lib/thumb/v7-m/nofp/libg_nano.a(lib_a-memchr-stub.o)
                              /usr/local/Caskroom/gcc-arm-embedded/8-2018-q4-major/gcc-arm-none-eabi-8-2018-q4-major/bin/../lib/gcc/arm-none-eabi/8.2.1/../../../../arm-none-eabi/lib/thumb/v7-m/nofp/libg_nano.a(lib_a-nano-svfprintf.o) (memchr)
/usr/local/Caskroom/gcc-arm-embedded/8-2018-q4-major/gcc-arm-none-eabi-8-2018-q4-major/bin/../lib/gcc/arm-none-eabi/8.2.1/../../../../arm-none-eabi/lib/thumb/v7-m/nofp/libg_nano.a(lib_a-memcpy-stub.o)
                              /usr/local/Caskroom/gcc-arm-embedded/8-2018-q4-major/gcc-arm-none-eabi-8-2018-q4-major/bin/../lib/gcc/arm-none-eabi/8.2.1/../../../../arm-none-eabi/lib/thumb/v7-m/nofp/libg_nano.a(lib_a-nano-svfprintf.o) (memcpy)
/usr/local/Caskroom/gcc-arm-embedded/8-2018-q4-major/gcc-arm-none-eabi-8-2018-q4-major/bin/../lib/gcc/arm-none-eabi/8.2.1/../../../../arm-none-eabi/lib/thumb/v7-m/nofp/libg_nano.a(lib_a-memmove.o)
                              /usr/local/Caskroom/gcc-arm-embedded/8-2018-q4-major/gcc-arm-none-eabi-8-2018-q4-major/bin/../lib/gcc/arm-none-eabi/8.2.1/../../../../arm-none-eabi/lib/thumb/v7-m/nofp/libg_nano.a(lib_a-nano-svfprintf.o) (memmove)
/usr/local/Caskroom/gcc-arm-embedded/8-2018-q4-major/gcc-arm-none-eabi-8-2018-q4-major/bin/../lib/gcc/arm-none-eabi/8.2.1/../../../../arm-none-eabi/lib/thumb/v7-m/nofp/libg_nano.a(lib_a-nano-freer.o)
                              /usr/local/Caskroom/gcc-arm-embedded/8-2018-q4-major/gcc-arm-none-eabi-8-2018-q4-major/bin/../lib/gcc/arm-none-eabi/8.2.1/../../../../arm-none-eabi/lib/thumb/v7-m/nofp/libg_nano.a(lib_a-nano-svfprintf.o) (_free_r)
[...]
Memory Configuration

Name             Origin             Length             Attributes
RAM              0x0000000020000000 0x0000000000005000 xrw
FLASH            0x0000000008000000 0x0000000000020000 xr
*default*        0x0000000000000000 0xffffffffffffffff

Linker script and memory map

LOAD /usr/local/Caskroom/gcc-arm-embedded/8-2018-q4-major/gcc-arm-none-eabi-8-2018-q4-major/bin/../lib/gcc/arm-none-eabi/8.2.1/thumb/v7-m/nofp/crti.o
LOAD /usr/local/Caskroom/gcc-arm-embedded/8-2018-q4-major/gcc-arm-none-eabi-8-2018-q4-major/bin/../lib/gcc/arm-none-eabi/8.2.1/thumb/v7-m/nofp/crtbegin.o
LOAD /usr/local/Caskroom/gcc-arm-embedded/8-2018-q4-major/gcc-arm-none-eabi-8-2018-q4-major/bin/../lib/gcc/arm-none-eabi/8.2.1/../../../../arm-none-eabi/lib/thumb/v7-m/nofp/crt0.o
LOAD CMakeFiles/Oplink.elf.dir/Drivers/STM32F1xx_HAL_Driver/Src/stm32f1xx_hal.c.obj
LOAD CMakeFiles/Oplink.elf.dir/Drivers/STM32F1xx_HAL_Driver/Src/stm32f1xx_hal_cortex.c.obj
LOAD CMakeFiles/Oplink.elf.dir/Drivers/STM32F1xx_HAL_Driver/Src/stm32f1xx_hal_dma.c.obj
LOAD CMakeFiles/Oplink.elf.dir/Drivers/STM32F1xx_HAL_Driver/Src/stm32f1xx_hal_flash.c.obj
LOAD CMakeFiles/Oplink.elf.dir/Drivers/STM32F1xx_HAL_Driver/Src/stm32f1xx_hal_flash_ex.c.obj
LOAD CMakeFiles/Oplink.elf.dir/Drivers/STM32F1xx_HAL_Driver/Src/stm32f1xx_hal_gpio.c.obj
LOAD CMakeFiles/Oplink.elf.dir/Drivers/STM32F1xx_HAL_Driver/Src/stm32f1xx_hal_gpio_ex.c.obj
LOAD CMakeFiles/Oplink.elf.dir/Drivers/STM32F1xx_HAL_Driver/Src/stm32f1xx_hal_pcd.c.obj
LOAD CMakeFiles/Oplink.elf.dir/Drivers/STM32F1xx_HAL_Driver/Src/stm32f1xx_hal_pcd_ex.c.obj
LOAD CMakeFiles/Oplink.elf.dir/Drivers/STM32F1xx_HAL_Driver/Src/stm32f1xx_hal_pwr.c.obj
LOAD CMakeFiles/Oplink.elf.dir/Drivers/STM32F1xx_HAL_Driver/Src/stm32f1xx_hal_rcc.c.obj
LOAD CMakeFiles/Oplink.elf.dir/Drivers/STM32F1xx_HAL_Driver/Src/stm32f1xx_hal_rcc_ex.c.obj
LOAD CMakeFiles/Oplink.elf.dir/Drivers/STM32F1xx_HAL_Driver/Src/stm32f1xx_hal_spi.c.obj
LOAD CMakeFiles/Oplink.elf.dir/Drivers/STM32F1xx_HAL_Driver/Src/stm32f1xx_hal_spi_ex.c.obj
LOAD CMakeFiles/Oplink.elf.dir/Drivers/STM32F1xx_HAL_Driver/Src/stm32f1xx_hal_tim.c.obj
LOAD CMakeFiles/Oplink.elf.dir/Drivers/STM32F1xx_HAL_Driver/Src/stm32f1xx_hal_tim_ex.c.obj
LOAD CMakeFiles/Oplink.elf.dir/Drivers/STM32F1xx_HAL_Driver/Src/stm32f1xx_hal_uart.c.obj
LOAD CMakeFiles/Oplink.elf.dir/Drivers/STM32F1xx_HAL_Driver/Src/stm32f1xx_ll_usb.c.obj
LOAD CMakeFiles/Oplink.elf.dir/Middlewares/ST/STM32_USB_Device_Library/Class/CDC/Src/usbd_cdc.c.obj
LOAD CMakeFiles/Oplink.elf.dir/Middlewares/ST/STM32_USB_Device_Library/Core/Src/usbd_core.c.obj
LOAD CMakeFiles/Oplink.elf.dir/Middlewares/ST/STM32_USB_Device_Library/Core/Src/usbd_ctlreq.c.obj
LOAD CMakeFiles/Oplink.elf.dir/Middlewares/ST/STM32_USB_Device_Library/Core/Src/usbd_ioreq.c.obj
LOAD CMakeFiles/Oplink.elf.dir/Src/main.c.obj
LOAD CMakeFiles/Oplink.elf.dir/Src/stm32f1xx_hal_msp.c.obj
LOAD CMakeFiles/Oplink.elf.dir/Src/stm32f1xx_it.c.obj
LOAD CMakeFiles/Oplink.elf.dir/Src/system_stm32f1xx.c.obj
LOAD CMakeFiles/Oplink.elf.dir/Src/usb_device.c.obj
LOAD CMakeFiles/Oplink.elf.dir/Src/usbd_cdc_if.c.obj
LOAD CMakeFiles/Oplink.elf.dir/Src/usbd_conf.c.obj
LOAD CMakeFiles/Oplink.elf.dir/Src/usbd_desc.c.obj
LOAD CMakeFiles/Oplink.elf.dir/startup/startup_stm32f103xb.s.obj
START GROUP
LOAD /usr/local/Caskroom/gcc-arm-embedded/8-2018-q4-major/gcc-arm-none-eabi-8-2018-q4-major/bin/../lib/gcc/arm-none-eabi/8.2.1/thumb/v7-m/nofp/libgcc.a
LOAD /usr/local/Caskroom/gcc-arm-embedded/8-2018-q4-major/gcc-arm-none-eabi-8-2018-q4-major/bin/../lib/gcc/arm-none-eabi/8.2.1/../../../../arm-none-eabi/lib/thumb/v7-m/nofp/libg_nano.a
LOAD /usr/local/Caskroom/gcc-arm-embedded/8-2018-q4-major/gcc-arm-none-eabi-8-2018-q4-major/bin/../lib/gcc/arm-none-eabi/8.2.1/../../../../arm-none-eabi/lib/thumb/v7-m/nofp/libc_nano.a
END GROUP
START GROUP
LOAD /usr/local/Caskroom/gcc-arm-embedded/8-2018-q4-major/gcc-arm-none-eabi-8-2018-q4-major/bin/../lib/gcc/arm-none-eabi/8.2.1/thumb/v7-m/nofp/libgcc.a
LOAD /usr/local/Caskroom/gcc-arm-embedded/8-2018-q4-major/gcc-arm-none-eabi-8-2018-q4-major/bin/../lib/gcc/arm-none-eabi/8.2.1/../../../../arm-none-eabi/lib/thumb/v7-m/nofp/libc_nano.a
LOAD /usr/local/Caskroom/gcc-arm-embedded/8-2018-q4-major/gcc-arm-none-eabi-8-2018-q4-major/bin/../lib/gcc/arm-none-eabi/8.2.1/../../../../arm-none-eabi/lib/thumb/v7-m/nofp/libnosys.a
END GROUP
START GROUP
LOAD /usr/local/Caskroom/gcc-arm-embedded/8-2018-q4-major/gcc-arm-none-eabi-8-2018-q4-major/bin/../lib/gcc/arm-none-eabi/8.2.1/thumb/v7-m/nofp/libgcc.a
LOAD /usr/local/Caskroom/gcc-arm-embedded/8-2018-q4-major/gcc-arm-none-eabi-8-2018-q4-major/bin/../lib/gcc/arm-none-eabi/8.2.1/../../../../arm-none-eabi/lib/thumb/v7-m/nofp/libc_nano.a
LOAD /usr/local/Caskroom/gcc-arm-embedded/8-2018-q4-major/gcc-arm-none-eabi-8-2018-q4-major/bin/../lib/gcc/arm-none-eabi/8.2.1/../../../../arm-none-eabi/lib/thumb/v7-m/nofp/libnosys.a
END GROUP
LOAD /usr/local/Caskroom/gcc-arm-embedded/8-2018-q4-major/gcc-arm-none-eabi-8-2018-q4-major/bin/../lib/gcc/arm-none-eabi/8.2.1/thumb/v7-m/nofp/crtend.o
LOAD /usr/local/Caskroom/gcc-arm-embedded/8-2018-q4-major/gcc-arm-none-eabi-8-2018-q4-major/bin/../lib/gcc/arm-none-eabi/8.2.1/thumb/v7-m/nofp/crtn.o
                0x0000000020005000                _estack = 0x20005000
                0x0000000000000200                _Min_Heap_Size = 0x200
                0x0000000000000400                _Min_Stack_Size = 0x400

.isr_vector     0x0000000008000000      0x10c
                0x0000000008000000                . = ALIGN (0x4)
 *(.isr_vector)
 .isr_vector    0x0000000008000000      0x10c CMakeFiles/Oplink.elf.dir/startup/startup_stm32f103xb.s.obj
                0x0000000008000000                g_pfnVectors
                0x000000000800010c                . = ALIGN (0x4)

.text           0x000000000800010c     0x3ea0
                0x000000000800010c                . = ALIGN (0x4)
 *(.text)
 .text          0x000000000800010c       0x40 /usr/local/Caskroom/gcc-arm-embedded/8-2018-q4-major/gcc-arm-none-eabi-8-2018-q4-major/bin/../lib/gcc/arm-none-eabi/8.2.1/thumb/v7-m/nofp/crtbegin.o
 .text          0x000000000800014c       0x10 /usr/local/Caskroom/gcc-arm-embedded/8-2018-q4-major/gcc-arm-none-eabi-8-2018-q4-major/bin/../lib/gcc/arm-none-eabi/8.2.1/../../../../arm-none-eabi/lib/thumb/v7-m/nofp/libg_nano.a(lib_a-strlen.o)
                0x000000000800014c                strlen
 *(.text*)
 .text.HAL_InitTick
                0x000000000800015c       0x48 CMakeFiles/Oplink.elf.dir/Drivers/STM32F1xx_HAL_Driver/Src/stm32f1xx_hal.c.obj
                0x000000000800015c                HAL_InitTick
 .text.HAL_Init
                0x00000000080001a4       0x24 CMakeFiles/Oplink.elf.dir/Drivers/STM32F1xx_HAL_Driver/Src/stm32f1xx_hal.c.obj
                0x00000000080001a4                HAL_Init
 .text.HAL_IncTick
                0x00000000080001c8       0x18 CMakeFiles/Oplink.elf.dir/Drivers/STM32F1xx_HAL_Driver/Src/stm32f1xx_hal.c.obj
                0x00000000080001c8                HAL_IncTick
 .text.HAL_GetTick
                0x00000000080001e0        0xc CMakeFiles/Oplink.elf.dir/Drivers/STM32F1xx_HAL_Driver/Src/stm32f1xx_hal.c.obj
                0x00000000080001e0                HAL_GetTick
 .text.HAL_Delay
                0x00000000080001ec       0x24 CMakeFiles/Oplink.elf.dir/Drivers/STM32F1xx_HAL_Driver/Src/stm32f1xx_hal.c.obj
                0x00000000080001ec                HAL_Delay
 .text.HAL_NVIC_SetPriorityGrouping
                0x0000000008000210       0x24 CMakeFiles/Oplink.elf.dir/Drivers/STM32F1xx_HAL_Driver/Src/stm32f1xx_hal_cortex.c.obj
                0x0000000008000210                HAL_NVIC_SetPriorityGrouping
 .text.HAL_NVIC_SetPriority
                0x0000000008000234       0x6c CMakeFiles/Oplink.elf.dir/Drivers/STM32F1xx_HAL_Driver/Src/stm32f1xx_hal_cortex.c.obj
                0x0000000008000234                HAL_NVIC_SetPriority
 .text.HAL_NVIC_EnableIRQ
                0x00000000080002a0       0x18 CMakeFiles/Oplink.elf.dir/Drivers/STM32F1xx_HAL_Driver/Src/stm32f1xx_hal_cortex.c.obj
                0x00000000080002a0                HAL_NVIC_EnableIRQ
 .text.HAL_SYSTICK_Config
                0x00000000080002b8       0x30 CMakeFiles/Oplink.elf.dir/Drivers/STM32F1xx_HAL_Driver/Src/stm32f1xx_hal_cortex.c.obj
                0x00000000080002b8                HAL_SYSTICK_Config
 .text.HAL_SYSTICK_CLKSourceConfig
                0x00000000080002e8       0x18 CMakeFiles/Oplink.elf.dir/Drivers/STM32F1xx_HAL_Driver/Src/stm32f1xx_hal_cortex.c.obj
                0x00000000080002e8                HAL_SYSTICK_CLKSourceConfig
 .text.HAL_SYSTICK_Callback
                0x0000000008000300        0x4 CMakeFiles/Oplink.elf.dir/Drivers/STM32F1xx_HAL_Driver/Src/stm32f1xx_hal_cortex.c.obj
                0x0000000008000300                HAL_SYSTICK_Callback
 .text.HAL_SYSTICK_IRQHandler
                0x0000000008000304        0x8 CMakeFiles/Oplink.elf.dir/Drivers/STM32F1xx_HAL_Driver/Src/stm32f1xx_hal_cortex.c.obj
                0x0000000008000304                HAL_SYSTICK_IRQHandler
 .text.HAL_DMA_Abort_IT
                0x000000000800030c       0x94 CMakeFiles/Oplink.elf.dir/Drivers/STM32F1xx_HAL_Driver/Src/stm32f1xx_hal_dma.c.obj
                0x000000000800030c                HAL_DMA_Abort_IT
 .text.HAL_GPIO_Init
                0x00000000080003a0      0x1dc CMakeFiles/Oplink.elf.dir/Drivers/STM32F1xx_HAL_Driver/Src/stm32f1xx_hal_gpio.c.obj
                0x00000000080003a0                HAL_GPIO_Init
 .text.HAL_GPIO_ReadPin
                0x000000000800057c        0xc CMakeFiles/Oplink.elf.dir/Drivers/STM32F1xx_HAL_Driver/Src/stm32f1xx_hal_gpio.c.obj
                0x000000000800057c                HAL_GPIO_ReadPin
 .text.HAL_GPIO_WritePin
                0x0000000008000588        0x8 CMakeFiles/Oplink.elf.dir/Drivers/STM32F1xx_HAL_Driver/Src/stm32f1xx_hal_gpio.c.obj
                0x0000000008000588                HAL_GPIO_WritePin
 .text.HAL_GPIO_EXTI_Callback
                0x0000000008000590        0x4 CMakeFiles/Oplink.elf.dir/Drivers/STM32F1xx_HAL_Driver/Src/stm32f1xx_hal_gpio.c.obj
                0x0000000008000590                HAL_GPIO_EXTI_Callback
 .text.HAL_GPIO_EXTI_IRQHandler
                0x0000000008000594       0x18 CMakeFiles/Oplink.elf.dir/Drivers/STM32F1xx_HAL_Driver/Src/stm32f1xx_hal_gpio.c.obj
                0x0000000008000594                HAL_GPIO_EXTI_IRQHandler
 .text.HAL_PCD_Init
                0x00000000080005ac      0x314 CMakeFiles/Oplink.elf.dir/Drivers/STM32F1xx_HAL_Driver/Src/stm32f1xx_hal_pcd.c.obj
                0x00000000080005ac                HAL_PCD_Init
 .text.HAL_PCD_Start
                0x00000000080008c0       0x30 CMakeFiles/Oplink.elf.dir/Drivers/STM32F1xx_HAL_Driver/Src/stm32f1xx_hal_pcd.c.obj
                0x00000000080008c0                HAL_PCD_Start
 .text.HAL_PCD_IRQHandler
                0x00000000080008f0      0x5a4 CMakeFiles/Oplink.elf.dir/Drivers/STM32F1xx_HAL_Driver/Src/stm32f1xx_hal_pcd.c.obj
                0x00000000080008f0                HAL_PCD_IRQHandler
 .text.HAL_PCD_SetAddress
                0x0000000008000e94       0x28 CMakeFiles/Oplink.elf.dir/Drivers/STM32F1xx_HAL_Driver/Src/stm32f1xx_hal_pcd.c.obj
                0x0000000008000e94                HAL_PCD_SetAddress
 .text.HAL_PCD_EP_Open
                0x0000000008000ebc       0x48 CMakeFiles/Oplink.elf.dir/Drivers/STM32F1xx_HAL_Driver/Src/stm32f1xx_hal_pcd.c.obj
                0x0000000008000ebc                HAL_PCD_EP_Open
 .text.HAL_PCD_EP_Close
                0x0000000008000f04       0x44 CMakeFiles/Oplink.elf.dir/Drivers/STM32F1xx_HAL_Driver/Src/stm32f1xx_hal_pcd.c.obj
                0x0000000008000f04                HAL_PCD_EP_Close
 .text.HAL_PCD_EP_Receive
                0x0000000008000f48       0x2c CMakeFiles/Oplink.elf.dir/Drivers/STM32F1xx_HAL_Driver/Src/stm32f1xx_hal_pcd.c.obj
                0x0000000008000f48                HAL_PCD_EP_Receive
 .text.HAL_PCD_EP_GetRxCount
                0x0000000008000f74       0x10 CMakeFiles/Oplink.elf.dir/Drivers/STM32F1xx_HAL_Driver/Src/stm32f1xx_hal_pcd.c.obj
                0x0000000008000f74                HAL_PCD_EP_GetRxCount
 .text.HAL_PCD_EP_Transmit
                0x0000000008000f84       0x2c CMakeFiles/Oplink.elf.dir/Drivers/STM32F1xx_HAL_Driver/Src/stm32f1xx_hal_pcd.c.obj
                0x0000000008000f84                HAL_PCD_EP_Transmit
 .text.HAL_PCD_EP_SetStall
                0x0000000008000fb0       0x54 CMakeFiles/Oplink.elf.dir/Drivers/STM32F1xx_HAL_Driver/Src/stm32f1xx_hal_pcd.c.obj
                0x0000000008000fb0                HAL_PCD_EP_SetStall
 .text.HAL_PCD_EP_ClrStall
                0x0000000008001004       0x48 CMakeFiles/Oplink.elf.dir/Drivers/STM32F1xx_HAL_Driver/Src/stm32f1xx_hal_pcd.c.obj
                0x0000000008001004                HAL_PCD_EP_ClrStall
 .text.HAL_PCDEx_PMAConfig
                0x000000000800104c       0x34 CMakeFiles/Oplink.elf.dir/Drivers/STM32F1xx_HAL_Driver/Src/stm32f1xx_hal_pcd_ex.c.obj
                0x000000000800104c                HAL_PCDEx_PMAConfig
 .text.HAL_RCC_OscConfig
                0x0000000008001080      0x3d0 CMakeFiles/Oplink.elf.dir/Drivers/STM32F1xx_HAL_Driver/Src/stm32f1xx_hal_rcc.c.obj
                0x0000000008001080                HAL_RCC_OscConfig
 .text.HAL_RCC_ClockConfig
                0x0000000008001450      0x1b0 CMakeFiles/Oplink.elf.dir/Drivers/STM32F1xx_HAL_Driver/Src/stm32f1xx_hal_rcc.c.obj
                0x0000000008001450                HAL_RCC_ClockConfig
 .text.HAL_RCC_GetHCLKFreq
                0x0000000008001600        0xc CMakeFiles/Oplink.elf.dir/Drivers/STM32F1xx_HAL_Driver/Src/stm32f1xx_hal_rcc.c.obj
                0x0000000008001600                HAL_RCC_GetHCLKFreq
 .text.HAL_RCC_GetPCLK1Freq
                0x000000000800160c       0x20 CMakeFiles/Oplink.elf.dir/Drivers/STM32F1xx_HAL_Driver/Src/stm32f1xx_hal_rcc.c.obj
                0x000000000800160c                HAL_RCC_GetPCLK1Freq
 .text.HAL_RCC_GetPCLK2Freq
                0x000000000800162c       0x20 CMakeFiles/Oplink.elf.dir/Drivers/STM32F1xx_HAL_Driver/Src/stm32f1xx_hal_rcc.c.obj
                0x000000000800162c                HAL_RCC_GetPCLK2Freq
 .text.HAL_RCCEx_PeriphCLKConfig
                0x000000000800164c      0x10c CMakeFiles/Oplink.elf.dir/Drivers/STM32F1xx_HAL_Driver/Src/stm32f1xx_hal_rcc_ex.c.obj
                0x000000000800164c                HAL_RCCEx_PeriphCLKConfig
 .text.HAL_SPI_Init
                0x0000000008001758       0x7c CMakeFiles/Oplink.elf.dir/Drivers/STM32F1xx_HAL_Driver/Src/stm32f1xx_hal_spi_ex.c.obj
                0x0000000008001758                HAL_SPI_Init
 .text.UART_SetConfig
                0x00000000080017d4      0x170 CMakeFiles/Oplink.elf.dir/Drivers/STM32F1xx_HAL_Driver/Src/stm32f1xx_hal_uart.c.obj
 .text.HAL_UART_Init
                0x0000000008001944       0x60 CMakeFiles/Oplink.elf.dir/Drivers/STM32F1xx_HAL_Driver/Src/stm32f1xx_hal_uart.c.obj
                0x0000000008001944                HAL_UART_Init
 .text.HAL_UART_TxCpltCallback
                0x00000000080019a4        0x4 CMakeFiles/Oplink.elf.dir/Drivers/STM32F1xx_HAL_Driver/Src/stm32f1xx_hal_uart.c.obj
                0x00000000080019a4                HAL_UART_TxCpltCallback
 .text.HAL_UART_RxCpltCallback
                0x00000000080019a8        0x4 CMakeFiles/Oplink.elf.dir/Drivers/STM32F1xx_HAL_Driver/Src/stm32f1xx_hal_uart.c.obj
                0x00000000080019a8                HAL_UART_RxCpltCallback
 .text.UART_Receive_IT.part.1
                0x00000000080019ac       0x70 CMakeFiles/Oplink.elf.dir/Drivers/STM32F1xx_HAL_Driver/Src/stm32f1xx_hal_uart.c.obj
 .text.HAL_UART_ErrorCallback
                0x0000000008001a1c        0x4 CMakeFiles/Oplink.elf.dir/Drivers/STM32F1xx_HAL_Driver/Src/stm32f1xx_hal_uart.c.obj
                0x0000000008001a1c                HAL_UART_ErrorCallback
 .text.HAL_UART_IRQHandler
                0x0000000008001a20      0x188 CMakeFiles/Oplink.elf.dir/Drivers/STM32F1xx_HAL_Driver/Src/stm32f1xx_hal_uart.c.obj
                0x0000000008001a20                HAL_UART_IRQHandler
 .text.UART_DMAAbortOnError
                0x0000000008001ba8       0x14 CMakeFiles/Oplink.elf.dir/Drivers/STM32F1xx_HAL_Driver/Src/stm32f1xx_hal_uart.c.obj
 .text.USB_CoreInit
                0x0000000008001bbc       0x10 CMakeFiles/Oplink.elf.dir/Drivers/STM32F1xx_HAL_Driver/Src/stm32f1xx_ll_usb.c.obj
                0x0000000008001bbc                USB_CoreInit
 .text.USB_EnableGlobalInt
                0x0000000008001bcc       0x14 CMakeFiles/Oplink.elf.dir/Drivers/STM32F1xx_HAL_Driver/Src/stm32f1xx_ll_usb.c.obj
                0x0000000008001bcc                USB_EnableGlobalInt
 .text.USB_DisableGlobalInt
                0x0000000008001be0       0x14 CMakeFiles/Oplink.elf.dir/Drivers/STM32F1xx_HAL_Driver/Src/stm32f1xx_ll_usb.c.obj
                0x0000000008001be0                USB_DisableGlobalInt
 .text.USB_SetCurrentMode
                0x0000000008001bf4        0x4 CMakeFiles/Oplink.elf.dir/Drivers/STM32F1xx_HAL_Driver/Src/stm32f1xx_ll_usb.c.obj
                0x0000000008001bf4                USB_SetCurrentMode
 .text.USB_DevInit
                0x0000000008001bf8       0x34 CMakeFiles/Oplink.elf.dir/Drivers/STM32F1xx_HAL_Driver/Src/stm32f1xx_ll_usb.c.obj
                0x0000000008001bf8                USB_DevInit
 .text.USB_ActivateEndpoint
                0x0000000008001c2c      0x2d4 CMakeFiles/Oplink.elf.dir/Drivers/STM32F1xx_HAL_Driver/Src/stm32f1xx_ll_usb.c.obj
                0x0000000008001c2c                USB_ActivateEndpoint
 .text.USB_DeactivateEndpoint
                0x0000000008001f00      0x190 CMakeFiles/Oplink.elf.dir/Drivers/STM32F1xx_HAL_Driver/Src/stm32f1xx_ll_usb.c.obj
                0x0000000008001f00                USB_DeactivateEndpoint
 .text.USB_EPStartXfer
                0x0000000008002090      0x1f4 CMakeFiles/Oplink.elf.dir/Drivers/STM32F1xx_HAL_Driver/Src/stm32f1xx_ll_usb.c.obj
                0x0000000008002090                USB_EPStartXfer
 .text.USB_EPSetStall
                0x0000000008002284       0x64 CMakeFiles/Oplink.elf.dir/Drivers/STM32F1xx_HAL_Driver/Src/stm32f1xx_ll_usb.c.obj
                0x0000000008002284                USB_EPSetStall
 .text.USB_EPClearStall
                0x00000000080022e8       0x94 CMakeFiles/Oplink.elf.dir/Drivers/STM32F1xx_HAL_Driver/Src/stm32f1xx_ll_usb.c.obj
                0x00000000080022e8                USB_EPClearStall
 .text.USB_SetDevAddress
                0x000000000800237c        0xc CMakeFiles/Oplink.elf.dir/Drivers/STM32F1xx_HAL_Driver/Src/stm32f1xx_ll_usb.c.obj
                0x000000000800237c                USB_SetDevAddress
 .text.USB_DevConnect
                0x0000000008002388        0x4 CMakeFiles/Oplink.elf.dir/Drivers/STM32F1xx_HAL_Driver/Src/stm32f1xx_ll_usb.c.obj
                0x0000000008002388                USB_DevConnect
 .text.USB_DevDisconnect
                0x000000000800238c        0x4 CMakeFiles/Oplink.elf.dir/Drivers/STM32F1xx_HAL_Driver/Src/stm32f1xx_ll_usb.c.obj
                0x000000000800238c                USB_DevDisconnect
 .text.USB_ReadInterrupts
                0x0000000008002390        0x8 CMakeFiles/Oplink.elf.dir/Drivers/STM32F1xx_HAL_Driver/Src/stm32f1xx_ll_usb.c.obj
                0x0000000008002390                USB_ReadInterrupts
 .text.USB_EP0_OutStart
                0x0000000008002398        0x4 CMakeFiles/Oplink.elf.dir/Drivers/STM32F1xx_HAL_Driver/Src/stm32f1xx_ll_usb.c.obj
                0x0000000008002398                USB_EP0_OutStart
 .text.USB_WritePMA
                0x000000000800239c       0x1c CMakeFiles/Oplink.elf.dir/Drivers/STM32F1xx_HAL_Driver/Src/stm32f1xx_ll_usb.c.obj
                0x000000000800239c                USB_WritePMA
 .text.USB_ReadPMA
                0x00000000080023b8       0x1c CMakeFiles/Oplink.elf.dir/Drivers/STM32F1xx_HAL_Driver/Src/stm32f1xx_ll_usb.c.obj
                0x00000000080023b8                USB_ReadPMA
 .text.USBD_CDC_DataIn
                0x00000000080023d4       0x14 CMakeFiles/Oplink.elf.dir/Middlewares/ST/STM32_USB_Device_Library/Class/CDC/Src/usbd_cdc.c.obj
 .text.USBD_CDC_EP0_RxReady
                0x00000000080023e8       0x2c CMakeFiles/Oplink.elf.dir/Middlewares/ST/STM32_USB_Device_Library/Class/CDC/Src/usbd_cdc.c.obj
 .text.USBD_CDC_GetFSCfgDesc
                0x0000000008002414        0xc CMakeFiles/Oplink.elf.dir/Middlewares/ST/STM32_USB_Device_Library/Class/CDC/Src/usbd_cdc.c.obj
 .text.USBD_CDC_GetHSCfgDesc
                0x0000000008002420        0xc CMakeFiles/Oplink.elf.dir/Middlewares/ST/STM32_USB_Device_Library/Class/CDC/Src/usbd_cdc.c.obj
 .text.USBD_CDC_GetOtherSpeedCfgDesc
                0x000000000800242c        0xc CMakeFiles/Oplink.elf.dir/Middlewares/ST/STM32_USB_Device_Library/Class/CDC/Src/usbd_cdc.c.obj
 .text.USBD_CDC_GetDeviceQualifierDescriptor
                0x0000000008002438        0xc CMakeFiles/Oplink.elf.dir/Middlewares/ST/STM32_USB_Device_Library/Class/CDC/Src/usbd_cdc.c.obj
                0x0000000008002438                USBD_CDC_GetDeviceQualifierDescriptor
 .text.USBD_CDC_DataOut
                0x0000000008002444       0x30 CMakeFiles/Oplink.elf.dir/Middlewares/ST/STM32_USB_Device_Library/Class/CDC/Src/usbd_cdc.c.obj
 .text.USBD_CDC_Setup
                0x0000000008002474       0x6c CMakeFiles/Oplink.elf.dir/Middlewares/ST/STM32_USB_Device_Library/Class/CDC/Src/usbd_cdc.c.obj
 .text.USBD_CDC_DeInit
                0x00000000080024e0       0x3c CMakeFiles/Oplink.elf.dir/Middlewares/ST/STM32_USB_Device_Library/Class/CDC/Src/usbd_cdc.c.obj
 .text.USBD_CDC_Init
                0x000000000800251c       0x90 CMakeFiles/Oplink.elf.dir/Middlewares/ST/STM32_USB_Device_Library/Class/CDC/Src/usbd_cdc.c.obj
 .text.USBD_CDC_RegisterInterface
                0x00000000080025ac       0x10 CMakeFiles/Oplink.elf.dir/Middlewares/ST/STM32_USB_Device_Library/Class/CDC/Src/usbd_cdc.c.obj
                0x00000000080025ac                USBD_CDC_RegisterInterface
 .text.USBD_CDC_SetTxBuffer
                0x00000000080025bc       0x10 CMakeFiles/Oplink.elf.dir/Middlewares/ST/STM32_USB_Device_Library/Class/CDC/Src/usbd_cdc.c.obj
                0x00000000080025bc                USBD_CDC_SetTxBuffer
 .text.USBD_CDC_SetRxBuffer
                0x00000000080025cc        0xc CMakeFiles/Oplink.elf.dir/Middlewares/ST/STM32_USB_Device_Library/Class/CDC/Src/usbd_cdc.c.obj
                0x00000000080025cc                USBD_CDC_SetRxBuffer
 .text.USBD_CDC_TransmitPacket
                0x00000000080025d8       0x30 CMakeFiles/Oplink.elf.dir/Middlewares/ST/STM32_USB_Device_Library/Class/CDC/Src/usbd_cdc.c.obj
                0x00000000080025d8                USBD_CDC_TransmitPacket
 .text.USBD_CDC_ReceivePacket
                0x0000000008002608       0x30 CMakeFiles/Oplink.elf.dir/Middlewares/ST/STM32_USB_Device_Library/Class/CDC/Src/usbd_cdc.c.obj
                0x0000000008002608                USBD_CDC_ReceivePacket
 .text.USBD_Init
                0x0000000008002638       0x2c CMakeFiles/Oplink.elf.dir/Middlewares/ST/STM32_USB_Device_Library/Core/Src/usbd_core.c.obj
                0x0000000008002638                USBD_Init
 .text.USBD_RegisterClass
                0x0000000008002664       0x10 CMakeFiles/Oplink.elf.dir/Middlewares/ST/STM32_USB_Device_Library/Core/Src/usbd_core.c.obj
                0x0000000008002664                USBD_RegisterClass
 .text.USBD_Start
                0x0000000008002674        0xc CMakeFiles/Oplink.elf.dir/Middlewares/ST/STM32_USB_Device_Library/Core/Src/usbd_core.c.obj
                0x0000000008002674                USBD_Start
 .text.USBD_SetClassConfig
                0x0000000008002680       0x14 CMakeFiles/Oplink.elf.dir/Middlewares/ST/STM32_USB_Device_Library/Core/Src/usbd_core.c.obj
                0x0000000008002680                USBD_SetClassConfig
 .text.USBD_ClrClassConfig
                0x0000000008002694       0x10 CMakeFiles/Oplink.elf.dir/Middlewares/ST/STM32_USB_Device_Library/Core/Src/usbd_core.c.obj
                0x0000000008002694                USBD_ClrClassConfig
 .text.USBD_LL_SetupStage
                0x00000000080026a4       0x5c CMakeFiles/Oplink.elf.dir/Middlewares/ST/STM32_USB_Device_Library/Core/Src/usbd_core.c.obj
                0x00000000080026a4                USBD_LL_SetupStage
 .text.USBD_LL_DataOutStage
                0x0000000008002700       0x68 CMakeFiles/Oplink.elf.dir/Middlewares/ST/STM32_USB_Device_Library/Core/Src/usbd_core.c.obj
                0x0000000008002700                USBD_LL_DataOutStage
 .text.USBD_LL_DataInStage
                0x0000000008002768       0xa0 CMakeFiles/Oplink.elf.dir/Middlewares/ST/STM32_USB_Device_Library/Core/Src/usbd_core.c.obj
                0x0000000008002768                USBD_LL_DataInStage
 .text.USBD_LL_Reset
                0x0000000008002808       0x40 CMakeFiles/Oplink.elf.dir/Middlewares/ST/STM32_USB_Device_Library/Core/Src/usbd_core.c.obj
                0x0000000008002808                USBD_LL_Reset
 .text.USBD_LL_SetSpeed
                0x0000000008002848        0x8 CMakeFiles/Oplink.elf.dir/Middlewares/ST/STM32_USB_Device_Library/Core/Src/usbd_core.c.obj
                0x0000000008002848                USBD_LL_SetSpeed
 .text.USBD_LL_Suspend
                0x0000000008002850       0x14 CMakeFiles/Oplink.elf.dir/Middlewares/ST/STM32_USB_Device_Library/Core/Src/usbd_core.c.obj
                0x0000000008002850                USBD_LL_Suspend
 .text.USBD_LL_Resume
                0x0000000008002864       0x10 CMakeFiles/Oplink.elf.dir/Middlewares/ST/STM32_USB_Device_Library/Core/Src/usbd_core.c.obj
                0x0000000008002864                USBD_LL_Resume
 .text.USBD_LL_SOF
                0x0000000008002874       0x1c CMakeFiles/Oplink.elf.dir/Middlewares/ST/STM32_USB_Device_Library/Core/Src/usbd_core.c.obj
                0x0000000008002874                USBD_LL_SOF
 .text.USBD_StdDevReq
                0x0000000008002890      0x294 CMakeFiles/Oplink.elf.dir/Middlewares/ST/STM32_USB_Device_Library/Core/Src/usbd_ctlreq.c.obj
                0x0000000008002890                USBD_StdDevReq
 .text.USBD_StdItfReq
                0x0000000008002b24       0x3c CMakeFiles/Oplink.elf.dir/Middlewares/ST/STM32_USB_Device_Library/Core/Src/usbd_ctlreq.c.obj
                0x0000000008002b24                USBD_StdItfReq
 .text.USBD_StdEPReq
                0x0000000008002b60       0xd4 CMakeFiles/Oplink.elf.dir/Middlewares/ST/STM32_USB_Device_Library/Core/Src/usbd_ctlreq.c.obj
                0x0000000008002b60                USBD_StdEPReq
 .text.USBD_ParseSetupRequest
                0x0000000008002c34       0x28 CMakeFiles/Oplink.elf.dir/Middlewares/ST/STM32_USB_Device_Library/Core/Src/usbd_ctlreq.c.obj
                0x0000000008002c34                USBD_ParseSetupRequest
 .text.USBD_GetString
                0x0000000008002c5c       0x50 CMakeFiles/Oplink.elf.dir/Middlewares/ST/STM32_USB_Device_Library/Core/Src/usbd_ctlreq.c.obj
                0x0000000008002c5c                USBD_GetString
 .text.USBD_CtlSendData
                0x0000000008002cac       0x1c CMakeFiles/Oplink.elf.dir/Middlewares/ST/STM32_USB_Device_Library/Core/Src/usbd_ioreq.c.obj
                0x0000000008002cac                USBD_CtlSendData
 .text.USBD_CtlContinueSendData
                0x0000000008002cc8       0x10 CMakeFiles/Oplink.elf.dir/Middlewares/ST/STM32_USB_Device_Library/Core/Src/usbd_ioreq.c.obj
                0x0000000008002cc8                USBD_CtlContinueSendData
 .text.USBD_CtlPrepareRx
                0x0000000008002cd8       0x1c CMakeFiles/Oplink.elf.dir/Middlewares/ST/STM32_USB_Device_Library/Core/Src/usbd_ioreq.c.obj
                0x0000000008002cd8                USBD_CtlPrepareRx
 .text.USBD_CtlContinueRx
                0x0000000008002cf4       0x10 CMakeFiles/Oplink.elf.dir/Middlewares/ST/STM32_USB_Device_Library/Core/Src/usbd_ioreq.c.obj
                0x0000000008002cf4                USBD_CtlContinueRx
 .text.USBD_CtlSendStatus
                0x0000000008002d04       0x18 CMakeFiles/Oplink.elf.dir/Middlewares/ST/STM32_USB_Device_Library/Core/Src/usbd_ioreq.c.obj
                0x0000000008002d04                USBD_CtlSendStatus
 .text.USBD_CtlReceiveStatus
                0x0000000008002d1c       0x18 CMakeFiles/Oplink.elf.dir/Middlewares/ST/STM32_USB_Device_Library/Core/Src/usbd_ioreq.c.obj
                0x0000000008002d1c                USBD_CtlReceiveStatus
 .text.SystemClock_Config
                0x0000000008002d34       0x90 CMakeFiles/Oplink.elf.dir/Src/main.c.obj
                0x0000000008002d34                SystemClock_Config
 .text.LED_INIT
                0x0000000008002dc4       0x74 CMakeFiles/Oplink.elf.dir/Src/main.c.obj
                0x0000000008002dc4                LED_INIT
 .text.startup.main
                0x0000000008002e38      0x204 CMakeFiles/Oplink.elf.dir/Src/main.c.obj
                0x0000000008002e38                main
 .text._Error_Handler
                0x000000000800303c        0x4 CMakeFiles/Oplink.elf.dir/Src/main.c.obj
                0x000000000800303c                _Error_Handler
 .text.HAL_MspInit
                0x0000000008003040       0xb0 CMakeFiles/Oplink.elf.dir/Src/stm32f1xx_hal_msp.c.obj
                0x0000000008003040                HAL_MspInit
 .text.HAL_SPI_MspInit
                0x00000000080030f0       0x58 CMakeFiles/Oplink.elf.dir/Src/stm32f1xx_hal_msp.c.obj
                0x00000000080030f0                HAL_SPI_MspInit
 .text.HAL_UART_MspInit
                0x0000000008003148       0xd4 CMakeFiles/Oplink.elf.dir/Src/stm32f1xx_hal_msp.c.obj
                0x0000000008003148                HAL_UART_MspInit
 .text.NMI_Handler
                0x000000000800321c        0x4 CMakeFiles/Oplink.elf.dir/Src/stm32f1xx_it.c.obj
                0x000000000800321c                NMI_Handler
 .text.HardFault_Handler
                0x0000000008003220        0x4 CMakeFiles/Oplink.elf.dir/Src/stm32f1xx_it.c.obj
                0x0000000008003220                HardFault_Handler
 .text.MemManage_Handler
                0x0000000008003224        0x4 CMakeFiles/Oplink.elf.dir/Src/stm32f1xx_it.c.obj
                0x0000000008003224                MemManage_Handler
 .text.BusFault_Handler
                0x0000000008003228        0x4 CMakeFiles/Oplink.elf.dir/Src/stm32f1xx_it.c.obj
                0x0000000008003228                BusFault_Handler
 .text.UsageFault_Handler
                0x000000000800322c        0x4 CMakeFiles/Oplink.elf.dir/Src/stm32f1xx_it.c.obj
                0x000000000800322c                UsageFault_Handler
 .text.SVC_Handler
                0x0000000008003230        0x4 CMakeFiles/Oplink.elf.dir/Src/stm32f1xx_it.c.obj
                0x0000000008003230                SVC_Handler
 .text.DebugMon_Handler
                0x0000000008003234        0x4 CMakeFiles/Oplink.elf.dir/Src/stm32f1xx_it.c.obj
                0x0000000008003234                DebugMon_Handler
 .text.PendSV_Handler
                0x0000000008003238        0x4 CMakeFiles/Oplink.elf.dir/Src/stm32f1xx_it.c.obj
                0x0000000008003238                PendSV_Handler
 .text.SysTick_Handler
                0x000000000800323c       0x10 CMakeFiles/Oplink.elf.dir/Src/stm32f1xx_it.c.obj
                0x000000000800323c                SysTick_Handler
 .text.RCC_IRQHandler
                0x000000000800324c        0x4 CMakeFiles/Oplink.elf.dir/Src/stm32f1xx_it.c.obj
                0x000000000800324c                RCC_IRQHandler
 .text.EXTI0_IRQHandler
                0x0000000008003250        0x8 CMakeFiles/Oplink.elf.dir/Src/stm32f1xx_it.c.obj
                0x0000000008003250                EXTI0_IRQHandler
 .text.USB_LP_CAN1_RX0_IRQHandler
                0x0000000008003258        0xc CMakeFiles/Oplink.elf.dir/Src/stm32f1xx_it.c.obj
                0x0000000008003258                USB_LP_CAN1_RX0_IRQHandler
 .text.USART1_IRQHandler
                0x0000000008003264        0xc CMakeFiles/Oplink.elf.dir/Src/stm32f1xx_it.c.obj
                0x0000000008003264                USART1_IRQHandler
 .text.USART3_IRQHandler
                0x0000000008003270        0xc CMakeFiles/Oplink.elf.dir/Src/stm32f1xx_it.c.obj
                0x0000000008003270                USART3_IRQHandler
 .text.SystemInit
                0x000000000800327c       0x50 CMakeFiles/Oplink.elf.dir/Src/system_stm32f1xx.c.obj
                0x000000000800327c                SystemInit
 .text.MX_USB_DEVICE_Init
                0x00000000080032cc       0x38 CMakeFiles/Oplink.elf.dir/Src/usb_device.c.obj
                0x00000000080032cc                MX_USB_DEVICE_Init
 .text.CDC_DeInit_FS
                0x0000000008003304        0x4 CMakeFiles/Oplink.elf.dir/Src/usbd_cdc_if.c.obj
 .text.CDC_Control_FS
                0x0000000008003308        0x4 CMakeFiles/Oplink.elf.dir/Src/usbd_cdc_if.c.obj
 .text.CDC_Receive_FS
                0x000000000800330c       0x1c CMakeFiles/Oplink.elf.dir/Src/usbd_cdc_if.c.obj
 .text.CDC_Init_FS
                0x0000000008003328       0x28 CMakeFiles/Oplink.elf.dir/Src/usbd_cdc_if.c.obj
 .text.CDC_Transmit_FS
                0x0000000008003350       0x2c CMakeFiles/Oplink.elf.dir/Src/usbd_cdc_if.c.obj
                0x0000000008003350                CDC_Transmit_FS
 .text.HAL_PCD_MspInit
                0x000000000800337c       0x40 CMakeFiles/Oplink.elf.dir/Src/usbd_conf.c.obj
                0x000000000800337c                HAL_PCD_MspInit
 .text.HAL_PCD_SetupStageCallback
                0x00000000080033bc        0xc CMakeFiles/Oplink.elf.dir/Src/usbd_conf.c.obj
                0x00000000080033bc                HAL_PCD_SetupStageCallback
 .text.HAL_PCD_DataOutStageCallback
                0x00000000080033c8       0x10 CMakeFiles/Oplink.elf.dir/Src/usbd_conf.c.obj
                0x00000000080033c8                HAL_PCD_DataOutStageCallback
 .text.HAL_PCD_DataInStageCallback
                0x00000000080033d8       0x10 CMakeFiles/Oplink.elf.dir/Src/usbd_conf.c.obj
                0x00000000080033d8                HAL_PCD_DataInStageCallback
 .text.HAL_PCD_SOFCallback
                0x00000000080033e8        0x8 CMakeFiles/Oplink.elf.dir/Src/usbd_conf.c.obj
                0x00000000080033e8                HAL_PCD_SOFCallback
 .text.HAL_PCD_ResetCallback
                0x00000000080033f0       0x1c CMakeFiles/Oplink.elf.dir/Src/usbd_conf.c.obj
                0x00000000080033f0                HAL_PCD_ResetCallback
 .text.HAL_PCD_SuspendCallback
                0x000000000800340c       0x20 CMakeFiles/Oplink.elf.dir/Src/usbd_conf.c.obj
                0x000000000800340c                HAL_PCD_SuspendCallback
 .text.HAL_PCD_ResumeCallback
                0x000000000800342c        0x8 CMakeFiles/Oplink.elf.dir/Src/usbd_conf.c.obj
                0x000000000800342c                HAL_PCD_ResumeCallback
 .text.USBD_LL_Init
                0x0000000008003434       0x9c CMakeFiles/Oplink.elf.dir/Src/usbd_conf.c.obj
                0x0000000008003434                USBD_LL_Init
 .text.USBD_LL_Start
                0x00000000080034d0       0x1c CMakeFiles/Oplink.elf.dir/Src/usbd_conf.c.obj
                0x00000000080034d0                USBD_LL_Start
 .text.USBD_LL_OpenEP
                0x00000000080034ec       0x20 CMakeFiles/Oplink.elf.dir/Src/usbd_conf.c.obj
                0x00000000080034ec                USBD_LL_OpenEP
 .text.USBD_LL_CloseEP
                0x000000000800350c       0x1c CMakeFiles/Oplink.elf.dir/Src/usbd_conf.c.obj
                0x000000000800350c                USBD_LL_CloseEP
 .text.USBD_LL_StallEP
                0x0000000008003528       0x1c CMakeFiles/Oplink.elf.dir/Src/usbd_conf.c.obj
                0x0000000008003528                USBD_LL_StallEP
 .text.USBD_LL_ClearStallEP
                0x0000000008003544       0x1c CMakeFiles/Oplink.elf.dir/Src/usbd_conf.c.obj
                0x0000000008003544                USBD_LL_ClearStallEP
 .text.USBD_LL_IsStallEP
                0x0000000008003560       0x20 CMakeFiles/Oplink.elf.dir/Src/usbd_conf.c.obj
                0x0000000008003560                USBD_LL_IsStallEP
 .text.USBD_LL_SetUSBAddress
                0x0000000008003580       0x1c CMakeFiles/Oplink.elf.dir/Src/usbd_conf.c.obj
                0x0000000008003580                USBD_LL_SetUSBAddress
 .text.USBD_LL_Transmit
                0x000000000800359c       0x1c CMakeFiles/Oplink.elf.dir/Src/usbd_conf.c.obj
                0x000000000800359c                USBD_LL_Transmit
 .text.USBD_LL_PrepareReceive
                0x00000000080035b8       0x1c CMakeFiles/Oplink.elf.dir/Src/usbd_conf.c.obj
                0x00000000080035b8                USBD_LL_PrepareReceive
 .text.USBD_LL_GetRxDataSize
                0x00000000080035d4        0xc CMakeFiles/Oplink.elf.dir/Src/usbd_conf.c.obj
                0x00000000080035d4                USBD_LL_GetRxDataSize
 .text.USBD_static_malloc
                0x00000000080035e0        0x8 CMakeFiles/Oplink.elf.dir/Src/usbd_conf.c.obj
                0x00000000080035e0                USBD_static_malloc
 .text.USBD_static_free
                0x00000000080035e8        0x4 CMakeFiles/Oplink.elf.dir/Src/usbd_conf.c.obj
                0x00000000080035e8                USBD_static_free
 .text.HAL_PCDEx_SetConnectionState
                0x00000000080035ec        0x4 CMakeFiles/Oplink.elf.dir/Src/usbd_conf.c.obj
                0x00000000080035ec                HAL_PCDEx_SetConnectionState
 .text.USBD_FS_DeviceDescriptor
                0x00000000080035f0        0xc CMakeFiles/Oplink.elf.dir/Src/usbd_desc.c.obj
                0x00000000080035f0                USBD_FS_DeviceDescriptor
 .text.USBD_FS_LangIDStrDescriptor
                0x00000000080035fc        0xc CMakeFiles/Oplink.elf.dir/Src/usbd_desc.c.obj
                0x00000000080035fc                USBD_FS_LangIDStrDescriptor
 .text.USBD_FS_ManufacturerStrDescriptor
                0x0000000008003608       0x1c CMakeFiles/Oplink.elf.dir/Src/usbd_desc.c.obj
                0x0000000008003608                USBD_FS_ManufacturerStrDescriptor
 .text.USBD_FS_ProductStrDescriptor
                0x0000000008003624       0x1c CMakeFiles/Oplink.elf.dir/Src/usbd_desc.c.obj
                0x0000000008003624                USBD_FS_ProductStrDescriptor
 .text.USBD_FS_SerialStrDescriptor
                0x0000000008003640       0x1c CMakeFiles/Oplink.elf.dir/Src/usbd_desc.c.obj
                0x0000000008003640                USBD_FS_SerialStrDescriptor
 .text.USBD_FS_ConfigStrDescriptor
                0x000000000800365c       0x1c CMakeFiles/Oplink.elf.dir/Src/usbd_desc.c.obj
                0x000000000800365c                USBD_FS_ConfigStrDescriptor
 .text.USBD_FS_InterfaceStrDescriptor
                0x0000000008003678       0x1c CMakeFiles/Oplink.elf.dir/Src/usbd_desc.c.obj
                0x0000000008003678                USBD_FS_InterfaceStrDescriptor
 .text.Reset_Handler
                0x0000000008003694       0x48 CMakeFiles/Oplink.elf.dir/startup/startup_stm32f103xb.s.obj
                0x0000000008003694                Reset_Handler
 .text.Default_Handler
                0x00000000080036dc        0x2 CMakeFiles/Oplink.elf.dir/startup/startup_stm32f103xb.s.obj
                0x00000000080036dc                USBWakeUp_IRQHandler
                0x00000000080036dc                EXTI2_IRQHandler
                0x00000000080036dc                TIM1_CC_IRQHandler
                0x00000000080036dc                PVD_IRQHandler
                0x00000000080036dc                EXTI3_IRQHandler
                0x00000000080036dc                I2C2_EV_IRQHandler
                0x00000000080036dc                ADC1_2_IRQHandler
                0x00000000080036dc                SPI1_IRQHandler
                0x00000000080036dc                TAMPER_IRQHandler
                0x00000000080036dc                DMA1_Channel4_IRQHandler
                0x00000000080036dc                RTC_IRQHandler
                0x00000000080036dc                DMA1_Channel7_IRQHandler
                0x00000000080036dc                CAN1_RX1_IRQHandler
                0x00000000080036dc                TIM4_IRQHandler
                0x00000000080036dc                I2C1_EV_IRQHandler
                0x00000000080036dc                DMA1_Channel6_IRQHandler
                0x00000000080036dc                TIM3_IRQHandler
                0x00000000080036dc                TIM1_TRG_COM_IRQHandler
                0x00000000080036dc                DMA1_Channel1_IRQHandler
                0x00000000080036dc                Default_Handler
                0x00000000080036dc                EXTI15_10_IRQHandler
                0x00000000080036dc                EXTI9_5_IRQHandler
                0x00000000080036dc                SPI2_IRQHandler
                0x00000000080036dc                DMA1_Channel5_IRQHandler
                0x00000000080036dc                EXTI4_IRQHandler
                0x00000000080036dc                USB_HP_CAN1_TX_IRQHandler
                0x00000000080036dc                DMA1_Channel3_IRQHandler
                0x00000000080036dc                TIM1_UP_IRQHandler
                0x00000000080036dc                WWDG_IRQHandler
                0x00000000080036dc                TIM2_IRQHandler
                0x00000000080036dc                TIM1_BRK_IRQHandler
                0x00000000080036dc                EXTI1_IRQHandler
                0x00000000080036dc                USART2_IRQHandler
                0x00000000080036dc                I2C2_ER_IRQHandler
                0x00000000080036dc                DMA1_Channel2_IRQHandler
                0x00000000080036dc                CAN1_SCE_IRQHandler
                0x00000000080036dc                FLASH_IRQHandler
                0x00000000080036dc                I2C1_ER_IRQHandler
                0x00000000080036dc                RTC_Alarm_IRQHandler
 *fill*         0x00000000080036de        0x2 
 .text.__libc_init_array
                0x00000000080036e0       0x48 /usr/local/Caskroom/gcc-arm-embedded/8-2018-q4-major/gcc-arm-none-eabi-8-2018-q4-major/bin/../lib/gcc/arm-none-eabi/8.2.1/../../../../arm-none-eabi/lib/thumb/v7-m/nofp/libg_nano.a(lib_a-init.o)
                0x00000000080036e0                __libc_init_array
 .text.sprintf  0x0000000008003728       0x40 /usr/local/Caskroom/gcc-arm-embedded/8-2018-q4-major/gcc-arm-none-eabi-8-2018-q4-major/bin/../lib/gcc/arm-none-eabi/8.2.1/../../../../arm-none-eabi/lib/thumb/v7-m/nofp/libg_nano.a(lib_a-sprintf.o)
                0x0000000008003728                sprintf
                0x0000000008003728                siprintf
 .text.__ssputs_r
                0x0000000008003768       0xb6 /usr/local/Caskroom/gcc-arm-embedded/8-2018-q4-major/gcc-arm-none-eabi-8-2018-q4-major/bin/../lib/gcc/arm-none-eabi/8.2.1/../../../../arm-none-eabi/lib/thumb/v7-m/nofp/libg_nano.a(lib_a-nano-svfprintf.o)
                0x0000000008003768                __ssputs_r
 *fill*         0x000000000800381e        0x2 
 .text._svfprintf_r
                0x0000000008003820      0x1f0 /usr/local/Caskroom/gcc-arm-embedded/8-2018-q4-major/gcc-arm-none-eabi-8-2018-q4-major/bin/../lib/gcc/arm-none-eabi/8.2.1/../../../../arm-none-eabi/lib/thumb/v7-m/nofp/libg_nano.a(lib_a-nano-svfprintf.o)
                0x0000000008003820                _svfprintf_r
                0x0000000008003820                _svfiprintf_r
 .text._printf_common
                0x0000000008003a10       0xec /usr/local/Caskroom/gcc-arm-embedded/8-2018-q4-major/gcc-arm-none-eabi-8-2018-q4-major/bin/../lib/gcc/arm-none-eabi/8.2.1/../../../../arm-none-eabi/lib/thumb/v7-m/nofp/libg_nano.a(lib_a-nano-vfprintf_i.o)
                0x0000000008003a10                _printf_common
 .text._printf_i
                0x0000000008003afc      0x22c /usr/local/Caskroom/gcc-arm-embedded/8-2018-q4-major/gcc-arm-none-eabi-8-2018-q4-major/bin/../lib/gcc/arm-none-eabi/8.2.1/../../../../arm-none-eabi/lib/thumb/v7-m/nofp/libg_nano.a(lib_a-nano-vfprintf_i.o)
                0x0000000008003afc                _printf_i
 .text.memchr   0x0000000008003d28       0x1c /usr/local/Caskroom/gcc-arm-embedded/8-2018-q4-major/gcc-arm-none-eabi-8-2018-q4-major/bin/../lib/gcc/arm-none-eabi/8.2.1/../../../../arm-none-eabi/lib/thumb/v7-m/nofp/libg_nano.a(lib_a-memchr-stub.o)
                0x0000000008003d28                memchr
 .text.memcpy   0x0000000008003d44       0x1c /usr/local/Caskroom/gcc-arm-embedded/8-2018-q4-major/gcc-arm-none-eabi-8-2018-q4-major/bin/../lib/gcc/arm-none-eabi/8.2.1/../../../../arm-none-eabi/lib/thumb/v7-m/nofp/libg_nano.a(lib_a-memcpy-stub.o)
                0x0000000008003d44                memcpy
 .text.memmove  0x0000000008003d60       0x34 /usr/local/Caskroom/gcc-arm-embedded/8-2018-q4-major/gcc-arm-none-eabi-8-2018-q4-major/bin/../lib/gcc/arm-none-eabi/8.2.1/../../../../arm-none-eabi/lib/thumb/v7-m/nofp/libg_nano.a(lib_a-memmove.o)
                0x0000000008003d60                memmove
 .text._free_r  0x0000000008003d94       0x98 /usr/local/Caskroom/gcc-arm-embedded/8-2018-q4-major/gcc-arm-none-eabi-8-2018-q4-major/bin/../lib/gcc/arm-none-eabi/8.2.1/../../../../arm-none-eabi/lib/thumb/v7-m/nofp/libg_nano.a(lib_a-nano-freer.o)
                0x0000000008003d94                _free_r
 .text._malloc_r
                0x0000000008003e2c       0xb4 /usr/local/Caskroom/gcc-arm-embedded/8-2018-q4-major/gcc-arm-none-eabi-8-2018-q4-major/bin/../lib/gcc/arm-none-eabi/8.2.1/../../../../arm-none-eabi/lib/thumb/v7-m/nofp/libg_nano.a(lib_a-nano-mallocr.o)
                0x0000000008003e2c                _malloc_r
 .text._realloc_r
                0x0000000008003ee0       0x4c /usr/local/Caskroom/gcc-arm-embedded/8-2018-q4-major/gcc-arm-none-eabi-8-2018-q4-major/bin/../lib/gcc/arm-none-eabi/8.2.1/../../../../arm-none-eabi/lib/thumb/v7-m/nofp/libg_nano.a(lib_a-nano-reallocr.o)
                0x0000000008003ee0                _realloc_r
 .text._sbrk_r  0x0000000008003f2c       0x20 /usr/local/Caskroom/gcc-arm-embedded/8-2018-q4-major/gcc-arm-none-eabi-8-2018-q4-major/bin/../lib/gcc/arm-none-eabi/8.2.1/../../../../arm-none-eabi/lib/thumb/v7-m/nofp/libg_nano.a(lib_a-sbrkr.o)
                0x0000000008003f2c                _sbrk_r
 .text.__malloc_lock
                0x0000000008003f4c        0xc /usr/local/Caskroom/gcc-arm-embedded/8-2018-q4-major/gcc-arm-none-eabi-8-2018-q4-major/bin/../lib/gcc/arm-none-eabi/8.2.1/../../../../arm-none-eabi/lib/thumb/v7-m/nofp/libg_nano.a(lib_a-mlock.o)
                0x0000000008003f4c                __malloc_lock
 .text.__malloc_unlock
                0x0000000008003f58        0xc /usr/local/Caskroom/gcc-arm-embedded/8-2018-q4-major/gcc-arm-none-eabi-8-2018-q4-major/bin/../lib/gcc/arm-none-eabi/8.2.1/../../../../arm-none-eabi/lib/thumb/v7-m/nofp/libg_nano.a(lib_a-mlock.o)
                0x0000000008003f58                __malloc_unlock
 .text._malloc_usable_size_r
                0x0000000008003f64       0x10 /usr/local/Caskroom/gcc-arm-embedded/8-2018-q4-major/gcc-arm-none-eabi-8-2018-q4-major/bin/../lib/gcc/arm-none-eabi/8.2.1/../../../../arm-none-eabi/lib/thumb/v7-m/nofp/libg_nano.a(lib_a-nano-msizer.o)
                0x0000000008003f64                _malloc_usable_size_r
 .text.__retarget_lock_acquire_recursive
                0x0000000008003f74        0x2 /usr/local/Caskroom/gcc-arm-embedded/8-2018-q4-major/gcc-arm-none-eabi-8-2018-q4-major/bin/../lib/gcc/arm-none-eabi/8.2.1/../../../../arm-none-eabi/lib/thumb/v7-m/nofp/libg_nano.a(lib_a-lock.o)
                0x0000000008003f74                __retarget_lock_acquire_recursive
 .text.__retarget_lock_release_recursive
                0x0000000008003f76        0x2 /usr/local/Caskroom/gcc-arm-embedded/8-2018-q4-major/gcc-arm-none-eabi-8-2018-q4-major/bin/../lib/gcc/arm-none-eabi/8.2.1/../../../../arm-none-eabi/lib/thumb/v7-m/nofp/libg_nano.a(lib_a-lock.o)
                0x0000000008003f76                __retarget_lock_release_recursive
 .text._sbrk    0x0000000008003f78       0x1c /usr/local/Caskroom/gcc-arm-embedded/8-2018-q4-major/gcc-arm-none-eabi-8-2018-q4-major/bin/../lib/gcc/arm-none-eabi/8.2.1/../../../../arm-none-eabi/lib/thumb/v7-m/nofp/libnosys.a(sbrk.o)
                0x0000000008003f78                _sbrk
 *(.glue_7)
 .glue_7        0x0000000008003f94        0x0 linker stubs
 *(.glue_7t)
 .glue_7t       0x0000000008003f94        0x0 linker stubs
 *(.eh_frame)
 .eh_frame      0x0000000008003f94        0x0 /usr/local/Caskroom/gcc-arm-embedded/8-2018-q4-major/gcc-arm-none-eabi-8-2018-q4-major/bin/../lib/gcc/arm-none-eabi/8.2.1/thumb/v7-m/nofp/crtbegin.o
 *(.init)
 .init          0x0000000008003f94        0x4 /usr/local/Caskroom/gcc-arm-embedded/8-2018-q4-major/gcc-arm-none-eabi-8-2018-q4-major/bin/../lib/gcc/arm-none-eabi/8.2.1/thumb/v7-m/nofp/crti.o
                0x0000000008003f94                _init
 .init          0x0000000008003f98        0x8 /usr/local/Caskroom/gcc-arm-embedded/8-2018-q4-major/gcc-arm-none-eabi-8-2018-q4-major/bin/../lib/gcc/arm-none-eabi/8.2.1/thumb/v7-m/nofp/crtn.o
 *(.fini)
 .fini          0x0000000008003fa0        0x4 /usr/local/Caskroom/gcc-arm-embedded/8-2018-q4-major/gcc-arm-none-eabi-8-2018-q4-major/bin/../lib/gcc/arm-none-eabi/8.2.1/thumb/v7-m/nofp/crti.o
                0x0000000008003fa0                _fini
 .fini          0x0000000008003fa4        0x8 /usr/local/Caskroom/gcc-arm-embedded/8-2018-q4-major/gcc-arm-none-eabi-8-2018-q4-major/bin/../lib/gcc/arm-none-eabi/8.2.1/thumb/v7-m/nofp/crtn.o
                0x0000000008003fac                . = ALIGN (0x4)
                0x0000000008003fac                _etext = .

.vfp11_veneer   0x0000000008003fac        0x0
 .vfp11_veneer  0x0000000008003fac        0x0 linker stubs

.v4_bx          0x0000000008003fac        0x0
 .v4_bx         0x0000000008003fac        0x0 linker stubs

.iplt           0x0000000008003fac        0x0
 .iplt          0x0000000008003fac        0x0 /usr/local/Caskroom/gcc-arm-embedded/8-2018-q4-major/gcc-arm-none-eabi-8-2018-q4-major/bin/../lib/gcc/arm-none-eabi/8.2.1/thumb/v7-m/nofp/crtbegin.o

.rodata         0x0000000008003fac       0xfc
                0x0000000008003fac                . = ALIGN (0x4)
 *(.rodata)
 .rodata        0x0000000008003fac       0x10 CMakeFiles/Oplink.elf.dir/Drivers/STM32F1xx_HAL_Driver/Src/stm32f1xx_hal_rcc.c.obj
 *(.rodata*)
 .rodata.main.str1.4
                0x0000000008003fbc       0x12 CMakeFiles/Oplink.elf.dir/Src/main.c.obj
 *fill*         0x0000000008003fce        0x2 
 .rodata.AHBPrescTable
                0x0000000008003fd0       0x10 CMakeFiles/Oplink.elf.dir/Src/system_stm32f1xx.c.obj
                0x0000000008003fd0                AHBPrescTable
 .rodata.APBPrescTable
                0x0000000008003fe0        0x8 CMakeFiles/Oplink.elf.dir/Src/system_stm32f1xx.c.obj
                0x0000000008003fe0                APBPrescTable
 .rodata.CSWTCH.2
                0x0000000008003fe8        0x4 CMakeFiles/Oplink.elf.dir/Src/usbd_conf.c.obj
 .rodata.USBD_LL_Init.str1.4
                0x0000000008003fec       0x2e CMakeFiles/Oplink.elf.dir/Src/usbd_conf.c.obj
 *fill*         0x000000000800401a        0x2 
 .rodata.USBD_FS_ConfigStrDescriptor.str1.4
                0x000000000800401c        0xb CMakeFiles/Oplink.elf.dir/Src/usbd_desc.c.obj
 *fill*         0x0000000008004027        0x1 
 .rodata.USBD_FS_InterfaceStrDescriptor.str1.4
                0x0000000008004028        0xe CMakeFiles/Oplink.elf.dir/Src/usbd_desc.c.obj
 *fill*         0x0000000008004036        0x2 
 .rodata.USBD_FS_ManufacturerStrDescriptor.str1.4
                0x0000000008004038       0x13 CMakeFiles/Oplink.elf.dir/Src/usbd_desc.c.obj
 *fill*         0x000000000800404b        0x1 
 .rodata.USBD_FS_ProductStrDescriptor.str1.4
                0x000000000800404c       0x16 CMakeFiles/Oplink.elf.dir/Src/usbd_desc.c.obj
 *fill*         0x0000000008004062        0x2 
 .rodata.USBD_FS_SerialStrDescriptor.str1.4
                0x0000000008004064       0x10 CMakeFiles/Oplink.elf.dir/Src/usbd_desc.c.obj
                                          0xd (size before relaxing)
 .rodata._svfprintf_r.str1.1
                0x0000000008004074       0x11 /usr/local/Caskroom/gcc-arm-embedded/8-2018-q4-major/gcc-arm-none-eabi-8-2018-q4-major/bin/../lib/gcc/arm-none-eabi/8.2.1/../../../../arm-none-eabi/lib/thumb/v7-m/nofp/libg_nano.a(lib_a-nano-svfprintf.o)
 .rodata._printf_i.str1.1
                0x0000000008004085       0x22 /usr/local/Caskroom/gcc-arm-embedded/8-2018-q4-major/gcc-arm-none-eabi-8-2018-q4-major/bin/../lib/gcc/arm-none-eabi/8.2.1/../../../../arm-none-eabi/lib/thumb/v7-m/nofp/libg_nano.a(lib_a-nano-vfprintf_i.o)
                0x00000000080040a8                . = ALIGN (0x4)
 *fill*         0x00000000080040a7        0x1 

.rel.dyn        0x00000000080040a8        0x0
 .rel.iplt      0x00000000080040a8        0x0 /usr/local/Caskroom/gcc-arm-embedded/8-2018-q4-major/gcc-arm-none-eabi-8-2018-q4-major/bin/../lib/gcc/arm-none-eabi/8.2.1/thumb/v7-m/nofp/crtbegin.o

.ARM.extab
 *(.ARM.extab* .gnu.linkonce.armextab.*)

.ARM            0x00000000080040a8        0x0
                0x00000000080040a8                __exidx_start = .
 *(.ARM.exidx*)
                0x00000000080040a8                __exidx_end = .

.preinit_array  0x00000000080040a8        0x0
                0x00000000080040a8                PROVIDE (__preinit_array_start = .)
 *(.preinit_array*)
                0x00000000080040a8                PROVIDE (__preinit_array_end = .)

.init_array     0x00000000080040a8        0x4
                0x00000000080040a8                PROVIDE (__init_array_start = .)
 *(SORT_BY_NAME(.init_array.*))
 *(.init_array*)
 .init_array    0x00000000080040a8        0x4 /usr/local/Caskroom/gcc-arm-embedded/8-2018-q4-major/gcc-arm-none-eabi-8-2018-q4-major/bin/../lib/gcc/arm-none-eabi/8.2.1/thumb/v7-m/nofp/crtbegin.o
                0x00000000080040ac                PROVIDE (__init_array_end = .)

.fini_array     0x00000000080040ac        0x4
                [!provide]                        PROVIDE (__fini_array_start = .)
 *(SORT_BY_NAME(.fini_array.*))
 *(.fini_array*)
 .fini_array    0x00000000080040ac        0x4 /usr/local/Caskroom/gcc-arm-embedded/8-2018-q4-major/gcc-arm-none-eabi-8-2018-q4-major/bin/../lib/gcc/arm-none-eabi/8.2.1/thumb/v7-m/nofp/crtbegin.o
                [!provide]                        PROVIDE (__fini_array_end = .)
                0x00000000080040b0                _sidata = LOADADDR (.data)

.data           0x0000000020000000      0x1c4 load address 0x00000000080040b0
                0x0000000020000000                . = ALIGN (0x4)
                0x0000000020000000                _sdata = .
 *(.data)
 *(.data*)
 .data.uwTickFreq
                0x0000000020000000        0x1 CMakeFiles/Oplink.elf.dir/Drivers/STM32F1xx_HAL_Driver/Src/stm32f1xx_hal.c.obj
                0x0000000020000000                uwTickFreq
 *fill*         0x0000000020000001        0x3 
 .data.uwTickPrio
                0x0000000020000004        0x4 CMakeFiles/Oplink.elf.dir/Drivers/STM32F1xx_HAL_Driver/Src/stm32f1xx_hal.c.obj
                0x0000000020000004                uwTickPrio
 .data.USBD_CDC
                0x0000000020000008       0x38 CMakeFiles/Oplink.elf.dir/Middlewares/ST/STM32_USB_Device_Library/Class/CDC/Src/usbd_cdc.c.obj
                0x0000000020000008                USBD_CDC
 .data.USBD_CDC_CfgFSDesc
                0x0000000020000040       0x43 CMakeFiles/Oplink.elf.dir/Middlewares/ST/STM32_USB_Device_Library/Class/CDC/Src/usbd_cdc.c.obj
                0x0000000020000040                USBD_CDC_CfgFSDesc
 *fill*         0x0000000020000083        0x1 
 .data.USBD_CDC_CfgHSDesc
                0x0000000020000084       0x43 CMakeFiles/Oplink.elf.dir/Middlewares/ST/STM32_USB_Device_Library/Class/CDC/Src/usbd_cdc.c.obj
                0x0000000020000084                USBD_CDC_CfgHSDesc
 *fill*         0x00000000200000c7        0x1 
 .data.USBD_CDC_DeviceQualifierDesc
                0x00000000200000c8        0xa CMakeFiles/Oplink.elf.dir/Middlewares/ST/STM32_USB_Device_Library/Class/CDC/Src/usbd_cdc.c.obj
 *fill*         0x00000000200000d2        0x2 
 .data.USBD_CDC_OtherSpeedCfgDesc
                0x00000000200000d4       0x43 CMakeFiles/Oplink.elf.dir/Middlewares/ST/STM32_USB_Device_Library/Class/CDC/Src/usbd_cdc.c.obj
                0x00000000200000d4                USBD_CDC_OtherSpeedCfgDesc
 *fill*         0x0000000020000117        0x1 
 .data.SystemCoreClock
                0x0000000020000118        0x4 CMakeFiles/Oplink.elf.dir/Src/system_stm32f1xx.c.obj
                0x0000000020000118                SystemCoreClock
 .data.USBD_Interface_fops_FS
                0x000000002000011c       0x10 CMakeFiles/Oplink.elf.dir/Src/usbd_cdc_if.c.obj
                0x000000002000011c                USBD_Interface_fops_FS
 .data.FS_Desc  0x000000002000012c       0x1c CMakeFiles/Oplink.elf.dir/Src/usbd_desc.c.obj
                0x000000002000012c                FS_Desc
 .data.USBD_FS_DeviceDesc
                0x0000000020000148       0x12 CMakeFiles/Oplink.elf.dir/Src/usbd_desc.c.obj
                0x0000000020000148                USBD_FS_DeviceDesc
 *fill*         0x000000002000015a        0x2 
 .data.USBD_LangIDDesc
                0x000000002000015c        0x4 CMakeFiles/Oplink.elf.dir/Src/usbd_desc.c.obj
                0x000000002000015c                USBD_LangIDDesc
 .data._impure_ptr
                0x0000000020000160        0x4 /usr/local/Caskroom/gcc-arm-embedded/8-2018-q4-major/gcc-arm-none-eabi-8-2018-q4-major/bin/../lib/gcc/arm-none-eabi/8.2.1/../../../../arm-none-eabi/lib/thumb/v7-m/nofp/libg_nano.a(lib_a-impure.o)
                0x0000000020000160                _impure_ptr
 .data.impure_data
                0x0000000020000164       0x60 /usr/local/Caskroom/gcc-arm-embedded/8-2018-q4-major/gcc-arm-none-eabi-8-2018-q4-major/bin/../lib/gcc/arm-none-eabi/8.2.1/../../../../arm-none-eabi/lib/thumb/v7-m/nofp/libg_nano.a(lib_a-impure.o)
                0x00000000200001c4                . = ALIGN (0x4)
                0x00000000200001c4                _edata = .

.igot.plt       0x00000000200001c4        0x0 load address 0x0000000008004274
 .igot.plt      0x00000000200001c4        0x0 /usr/local/Caskroom/gcc-arm-embedded/8-2018-q4-major/gcc-arm-none-eabi-8-2018-q4-major/bin/../lib/gcc/arm-none-eabi/8.2.1/thumb/v7-m/nofp/crtbegin.o
                0x00000000200001c4                . = ALIGN (0x4)

.bss            0x00000000200001c8      0xc74 load address 0x0000000008004274
                0x00000000200001c8                _sbss = .
                0x00000000200001c8                __bss_start__ = _sbss
 *(.bss)
 .bss           0x00000000200001c8       0x1c /usr/local/Caskroom/gcc-arm-embedded/8-2018-q4-major/gcc-arm-none-eabi-8-2018-q4-major/bin/../lib/gcc/arm-none-eabi/8.2.1/thumb/v7-m/nofp/crtbegin.o
 *(.bss*)
 .bss.uwTick    0x00000000200001e4        0x4 CMakeFiles/Oplink.elf.dir/Drivers/STM32F1xx_HAL_Driver/Src/stm32f1xx_hal.c.obj
                0x00000000200001e4                uwTick
 .bss.ifalt.7894
                0x00000000200001e8        0x1 CMakeFiles/Oplink.elf.dir/Middlewares/ST/STM32_USB_Device_Library/Class/CDC/Src/usbd_cdc.c.obj
 .bss.cfgidx.7899
                0x00000000200001e9        0x1 CMakeFiles/Oplink.elf.dir/Middlewares/ST/STM32_USB_Device_Library/Core/Src/usbd_ctlreq.c.obj
 *fill*         0x00000000200001ea        0x2 
 .bss.hspi1     0x00000000200001ec       0x58 CMakeFiles/Oplink.elf.dir/Src/main.c.obj
                0x00000000200001ec                hspi1
 .bss.huart1    0x0000000020000244       0x40 CMakeFiles/Oplink.elf.dir/Src/main.c.obj
                0x0000000020000244                huart1
 .bss.huart3    0x0000000020000284       0x40 CMakeFiles/Oplink.elf.dir/Src/main.c.obj
                0x0000000020000284                huart3
 .bss.i         0x00000000200002c4        0x2 CMakeFiles/Oplink.elf.dir/Src/main.c.obj
                0x00000000200002c4                i
 *fill*         0x00000000200002c6        0x2 
 .bss.str_rx    0x00000000200002c8       0x15 CMakeFiles/Oplink.elf.dir/Src/main.c.obj
                0x00000000200002c8                str_rx
 *fill*         0x00000000200002dd        0x3 
 .bss.str_tx    0x00000000200002e0       0x15 CMakeFiles/Oplink.elf.dir/Src/main.c.obj
                0x00000000200002e0                str_tx
 *fill*         0x00000000200002f5        0x3 
 .bss.hUsbDeviceFS
                0x00000000200002f8      0x224 CMakeFiles/Oplink.elf.dir/Src/usb_device.c.obj
                0x00000000200002f8                hUsbDeviceFS
 .bss.UserRxBufferFS
                0x000000002000051c       0x40 CMakeFiles/Oplink.elf.dir/Src/usbd_cdc_if.c.obj
                0x000000002000051c                UserRxBufferFS
 .bss.UserTxBufferFS
                0x000000002000055c       0x40 CMakeFiles/Oplink.elf.dir/Src/usbd_cdc_if.c.obj
                0x000000002000055c                UserTxBufferFS
 *fill*         0x000000002000059c        0x4 
 .bss.hpcd_USB_FS
                0x00000000200005a0      0x460 CMakeFiles/Oplink.elf.dir/Src/usbd_conf.c.obj
                0x00000000200005a0                hpcd_USB_FS
 .bss.mem.8057  0x0000000020000a00      0x220 CMakeFiles/Oplink.elf.dir/Src/usbd_conf.c.obj
 .bss.USBD_StrDesc
                0x0000000020000c20      0x200 CMakeFiles/Oplink.elf.dir/Src/usbd_desc.c.obj
                0x0000000020000c20                USBD_StrDesc
 .bss.__malloc_free_list
                0x0000000020000e20        0x4 /usr/local/Caskroom/gcc-arm-embedded/8-2018-q4-major/gcc-arm-none-eabi-8-2018-q4-major/bin/../lib/gcc/arm-none-eabi/8.2.1/../../../../arm-none-eabi/lib/thumb/v7-m/nofp/libg_nano.a(lib_a-nano-mallocr.o)
                0x0000000020000e20                __malloc_free_list
 .bss.__malloc_sbrk_start
                0x0000000020000e24        0x4 /usr/local/Caskroom/gcc-arm-embedded/8-2018-q4-major/gcc-arm-none-eabi-8-2018-q4-major/bin/../lib/gcc/arm-none-eabi/8.2.1/../../../../arm-none-eabi/lib/thumb/v7-m/nofp/libg_nano.a(lib_a-nano-mallocr.o)
                0x0000000020000e24                __malloc_sbrk_start
 .bss.heap_end.4194
                0x0000000020000e28        0x4 /usr/local/Caskroom/gcc-arm-embedded/8-2018-q4-major/gcc-arm-none-eabi-8-2018-q4-major/bin/../lib/gcc/arm-none-eabi/8.2.1/../../../../arm-none-eabi/lib/thumb/v7-m/nofp/libnosys.a(sbrk.o)
 *(COMMON)
 COMMON         0x0000000020000e2c        0x4 /usr/local/Caskroom/gcc-arm-embedded/8-2018-q4-major/gcc-arm-none-eabi-8-2018-q4-major/bin/../lib/gcc/arm-none-eabi/8.2.1/../../../../arm-none-eabi/lib/thumb/v7-m/nofp/libg_nano.a(lib_a-reent.o)
                0x0000000020000e2c                errno
 COMMON         0x0000000020000e30        0x9 /usr/local/Caskroom/gcc-arm-embedded/8-2018-q4-major/gcc-arm-none-eabi-8-2018-q4-major/bin/../lib/gcc/arm-none-eabi/8.2.1/../../../../arm-none-eabi/lib/thumb/v7-m/nofp/libg_nano.a(lib_a-lock.o)
                0x0000000020000e30                __lock___atexit_recursive_mutex
                0x0000000020000e31                __lock___arc4random_mutex
                0x0000000020000e32                __lock___env_recursive_mutex
                0x0000000020000e33                __lock___sinit_recursive_mutex
                0x0000000020000e34                __lock___malloc_recursive_mutex
                0x0000000020000e35                __lock___at_quick_exit_mutex
                0x0000000020000e36                __lock___dd_hash_mutex
                0x0000000020000e37                __lock___tz_mutex
                0x0000000020000e38                __lock___sfp_recursive_mutex
                0x0000000020000e3c                . = ALIGN (0x4)
 *fill*         0x0000000020000e39        0x3 
                0x0000000020000e3c                _ebss = .
                0x0000000020000e3c                __bss_end__ = _ebss

._user_heap_stack
                0x0000000020000e3c      0x604 load address 0x0000000008004274
                0x0000000020000e40                . = ALIGN (0x8)
 *fill*         0x0000000020000e3c        0x4 
                0x0000000020000e40                PROVIDE (end = .)
                [!provide]                        PROVIDE (_end = .)
                0x0000000020001040                . = (. + _Min_Heap_Size)
 *fill*         0x0000000020000e40      0x200 
                0x0000000020001440                . = (. + _Min_Stack_Size)
 *fill*         0x0000000020001040      0x400 
                0x0000000020001440                . = ALIGN (0x8)

/DISCARD/
 libc.a(*)
 libm.a(*)
 libgcc.a(*)

.ARM.attributes
                0x0000000000000000       0x29
 *(.ARM.attributes)
 .ARM.attributes
                0x0000000000000000       0x1d /usr/local/Caskroom/gcc-arm-embedded/8-2018-q4-major/gcc-arm-none-eabi-8-2018-q4-major/bin/../lib/gcc/arm-none-eabi/8.2.1/thumb/v7-m/nofp/crti.o
 .ARM.attributes
                0x000000000000001d       0x2d /usr/local/Caskroom/gcc-arm-embedded/8-2018-q4-major/gcc-arm-none-eabi-8-2018-q4-major/bin/../lib/gcc/arm-none-eabi/8.2.1/thumb/v7-m/nofp/crtbegin.o
 .ARM.attributes
                0x000000000000004a       0x2d CMakeFiles/Oplink.elf.dir/Drivers/STM32F1xx_HAL_Driver/Src/stm32f1xx_hal.c.obj
 .ARM.attributes
                0x0000000000000077       0x2d CMakeFiles/Oplink.elf.dir/Drivers/STM32F1xx_HAL_Driver/Src/stm32f1xx_hal_cortex.c.obj
 .ARM.attributes
                0x00000000000000a4       0x2d CMakeFiles/Oplink.elf.dir/Drivers/STM32F1xx_HAL_Driver/Src/stm32f1xx_hal_dma.c.obj
 .ARM.attributes
                0x00000000000000d1       0x2d CMakeFiles/Oplink.elf.dir/Drivers/STM32F1xx_HAL_Driver/Src/stm32f1xx_hal_gpio.c.obj
 .ARM.attributes
                0x00000000000000fe       0x2d CMakeFiles/Oplink.elf.dir/Drivers/STM32F1xx_HAL_Driver/Src/stm32f1xx_hal_pcd.c.obj
 .ARM.attributes
                0x000000000000012b       0x2d CMakeFiles/Oplink.elf.dir/Drivers/STM32F1xx_HAL_Driver/Src/stm32f1xx_hal_pcd_ex.c.obj
 .ARM.attributes
                0x0000000000000158       0x2d CMakeFiles/Oplink.elf.dir/Drivers/STM32F1xx_HAL_Driver/Src/stm32f1xx_hal_rcc.c.obj
 .ARM.attributes
                0x0000000000000185       0x2d CMakeFiles/Oplink.elf.dir/Drivers/STM32F1xx_HAL_Driver/Src/stm32f1xx_hal_rcc_ex.c.obj
 .ARM.attributes
                0x00000000000001b2       0x2d CMakeFiles/Oplink.elf.dir/Drivers/STM32F1xx_HAL_Driver/Src/stm32f1xx_hal_spi_ex.c.obj
 .ARM.attributes
                0x00000000000001df       0x2d CMakeFiles/Oplink.elf.dir/Drivers/STM32F1xx_HAL_Driver/Src/stm32f1xx_hal_uart.c.obj
 .ARM.attributes
                0x000000000000020c       0x2d CMakeFiles/Oplink.elf.dir/Drivers/STM32F1xx_HAL_Driver/Src/stm32f1xx_ll_usb.c.obj
 .ARM.attributes
                0x0000000000000239       0x2d CMakeFiles/Oplink.elf.dir/Middlewares/ST/STM32_USB_Device_Library/Class/CDC/Src/usbd_cdc.c.obj
 .ARM.attributes
                0x0000000000000266       0x2d CMakeFiles/Oplink.elf.dir/Middlewares/ST/STM32_USB_Device_Library/Core/Src/usbd_core.c.obj
 .ARM.attributes
                0x0000000000000293       0x2d CMakeFiles/Oplink.elf.dir/Middlewares/ST/STM32_USB_Device_Library/Core/Src/usbd_ctlreq.c.obj
 .ARM.attributes
                0x00000000000002c0       0x2d CMakeFiles/Oplink.elf.dir/Middlewares/ST/STM32_USB_Device_Library/Core/Src/usbd_ioreq.c.obj
 .ARM.attributes
                0x00000000000002ed       0x2d CMakeFiles/Oplink.elf.dir/Src/main.c.obj
 .ARM.attributes
                0x000000000000031a       0x2d CMakeFiles/Oplink.elf.dir/Src/stm32f1xx_hal_msp.c.obj
 .ARM.attributes
                0x0000000000000347       0x2d CMakeFiles/Oplink.elf.dir/Src/stm32f1xx_it.c.obj
 .ARM.attributes
                0x0000000000000374       0x2d CMakeFiles/Oplink.elf.dir/Src/system_stm32f1xx.c.obj
 .ARM.attributes
                0x00000000000003a1       0x2d CMakeFiles/Oplink.elf.dir/Src/usb_device.c.obj
 .ARM.attributes
                0x00000000000003ce       0x2d CMakeFiles/Oplink.elf.dir/Src/usbd_cdc_if.c.obj
 .ARM.attributes
                0x00000000000003fb       0x2d CMakeFiles/Oplink.elf.dir/Src/usbd_conf.c.obj
 .ARM.attributes
                0x0000000000000428       0x2d CMakeFiles/Oplink.elf.dir/Src/usbd_desc.c.obj
 .ARM.attributes
                0x0000000000000455       0x21 CMakeFiles/Oplink.elf.dir/startup/startup_stm32f103xb.s.obj
 .ARM.attributes
                0x0000000000000476       0x2d /usr/local/Caskroom/gcc-arm-embedded/8-2018-q4-major/gcc-arm-none-eabi-8-2018-q4-major/bin/../lib/gcc/arm-none-eabi/8.2.1/../../../../arm-none-eabi/lib/thumb/v7-m/nofp/libg_nano.a(lib_a-impure.o)
 .ARM.attributes
                0x00000000000004a3       0x2d /usr/local/Caskroom/gcc-arm-embedded/8-2018-q4-major/gcc-arm-none-eabi-8-2018-q4-major/bin/../lib/gcc/arm-none-eabi/8.2.1/../../../../arm-none-eabi/lib/thumb/v7-m/nofp/libg_nano.a(lib_a-init.o)
 .ARM.attributes
                0x00000000000004d0       0x2d /usr/local/Caskroom/gcc-arm-embedded/8-2018-q4-major/gcc-arm-none-eabi-8-2018-q4-major/bin/../lib/gcc/arm-none-eabi/8.2.1/../../../../arm-none-eabi/lib/thumb/v7-m/nofp/libg_nano.a(lib_a-sprintf.o)
 .ARM.attributes
                0x00000000000004fd       0x17 /usr/local/Caskroom/gcc-arm-embedded/8-2018-q4-major/gcc-arm-none-eabi-8-2018-q4-major/bin/../lib/gcc/arm-none-eabi/8.2.1/../../../../arm-none-eabi/lib/thumb/v7-m/nofp/libg_nano.a(lib_a-strlen.o)
 .ARM.attributes
                0x0000000000000514       0x2d /usr/local/Caskroom/gcc-arm-embedded/8-2018-q4-major/gcc-arm-none-eabi-8-2018-q4-major/bin/../lib/gcc/arm-none-eabi/8.2.1/../../../../arm-none-eabi/lib/thumb/v7-m/nofp/libg_nano.a(lib_a-nano-svfprintf.o)
 .ARM.attributes
                0x0000000000000541       0x2d /usr/local/Caskroom/gcc-arm-embedded/8-2018-q4-major/gcc-arm-none-eabi-8-2018-q4-major/bin/../lib/gcc/arm-none-eabi/8.2.1/../../../../arm-none-eabi/lib/thumb/v7-m/nofp/libg_nano.a(lib_a-nano-vfprintf_i.o)
 .ARM.attributes
                0x000000000000056e       0x2d /usr/local/Caskroom/gcc-arm-embedded/8-2018-q4-major/gcc-arm-none-eabi-8-2018-q4-major/bin/../lib/gcc/arm-none-eabi/8.2.1/../../../../arm-none-eabi/lib/thumb/v7-m/nofp/libg_nano.a(lib_a-memchr-stub.o)
 .ARM.attributes
                0x000000000000059b       0x2d /usr/local/Caskroom/gcc-arm-embedded/8-2018-q4-major/gcc-arm-none-eabi-8-2018-q4-major/bin/../lib/gcc/arm-none-eabi/8.2.1/../../../../arm-none-eabi/lib/thumb/v7-m/nofp/libg_nano.a(lib_a-memcpy-stub.o)
 .ARM.attributes
                0x00000000000005c8       0x2d /usr/local/Caskroom/gcc-arm-embedded/8-2018-q4-major/gcc-arm-none-eabi-8-2018-q4-major/bin/../lib/gcc/arm-none-eabi/8.2.1/../../../../arm-none-eabi/lib/thumb/v7-m/nofp/libg_nano.a(lib_a-memmove.o)
 .ARM.attributes
                0x00000000000005f5       0x2d /usr/local/Caskroom/gcc-arm-embedded/8-2018-q4-major/gcc-arm-none-eabi-8-2018-q4-major/bin/../lib/gcc/arm-none-eabi/8.2.1/../../../../arm-none-eabi/lib/thumb/v7-m/nofp/libg_nano.a(lib_a-nano-freer.o)
 .ARM.attributes
                0x0000000000000622       0x2d /usr/local/Caskroom/gcc-arm-embedded/8-2018-q4-major/gcc-arm-none-eabi-8-2018-q4-major/bin/../lib/gcc/arm-none-eabi/8.2.1/../../../../arm-none-eabi/lib/thumb/v7-m/nofp/libg_nano.a(lib_a-nano-mallocr.o)
 .ARM.attributes
                0x000000000000064f       0x2d /usr/local/Caskroom/gcc-arm-embedded/8-2018-q4-major/gcc-arm-none-eabi-8-2018-q4-major/bin/../lib/gcc/arm-none-eabi/8.2.1/../../../../arm-none-eabi/lib/thumb/v7-m/nofp/libg_nano.a(lib_a-nano-reallocr.o)
 .ARM.attributes
                0x000000000000067c       0x2d /usr/local/Caskroom/gcc-arm-embedded/8-2018-q4-major/gcc-arm-none-eabi-8-2018-q4-major/bin/../lib/gcc/arm-none-eabi/8.2.1/../../../../arm-none-eabi/lib/thumb/v7-m/nofp/libg_nano.a(lib_a-sbrkr.o)
 .ARM.attributes
                0x00000000000006a9       0x2d /usr/local/Caskroom/gcc-arm-embedded/8-2018-q4-major/gcc-arm-none-eabi-8-2018-q4-major/bin/../lib/gcc/arm-none-eabi/8.2.1/../../../../arm-none-eabi/lib/thumb/v7-m/nofp/libg_nano.a(lib_a-mlock.o)
 .ARM.attributes
                0x00000000000006d6       0x2d /usr/local/Caskroom/gcc-arm-embedded/8-2018-q4-major/gcc-arm-none-eabi-8-2018-q4-major/bin/../lib/gcc/arm-none-eabi/8.2.1/../../../../arm-none-eabi/lib/thumb/v7-m/nofp/libg_nano.a(lib_a-nano-msizer.o)
 .ARM.attributes
                0x0000000000000703       0x2d /usr/local/Caskroom/gcc-arm-embedded/8-2018-q4-major/gcc-arm-none-eabi-8-2018-q4-major/bin/../lib/gcc/arm-none-eabi/8.2.1/../../../../arm-none-eabi/lib/thumb/v7-m/nofp/libg_nano.a(lib_a-reent.o)
 .ARM.attributes
                0x0000000000000730       0x2d /usr/local/Caskroom/gcc-arm-embedded/8-2018-q4-major/gcc-arm-none-eabi-8-2018-q4-major/bin/../lib/gcc/arm-none-eabi/8.2.1/../../../../arm-none-eabi/lib/thumb/v7-m/nofp/libg_nano.a(lib_a-lock.o)
 .ARM.attributes
                0x000000000000075d       0x2d /usr/local/Caskroom/gcc-arm-embedded/8-2018-q4-major/gcc-arm-none-eabi-8-2018-q4-major/bin/../lib/gcc/arm-none-eabi/8.2.1/../../../../arm-none-eabi/lib/thumb/v7-m/nofp/libnosys.a(sbrk.o)
 .ARM.attributes
                0x000000000000078a       0x1d /usr/local/Caskroom/gcc-arm-embedded/8-2018-q4-major/gcc-arm-none-eabi-8-2018-q4-major/bin/../lib/gcc/arm-none-eabi/8.2.1/thumb/v7-m/nofp/crtn.o
OUTPUT(Oplink.elf elf32-littlearm)

.debug_info     0x0000000000000000    0x1e4b4
 .debug_info    0x0000000000000000     0x10bb CMakeFiles/Oplink.elf.dir/Drivers/STM32F1xx_HAL_Driver/Src/stm32f1xx_hal.c.obj
 .debug_info    0x00000000000010bb     0x166a CMakeFiles/Oplink.elf.dir/Drivers/STM32F1xx_HAL_Driver/Src/stm32f1xx_hal_cortex.c.obj
 .debug_info    0x0000000000002725     0x119d CMakeFiles/Oplink.elf.dir/Drivers/STM32F1xx_HAL_Driver/Src/stm32f1xx_hal_dma.c.obj
 .debug_info    0x00000000000038c2      0xfa1 CMakeFiles/Oplink.elf.dir/Drivers/STM32F1xx_HAL_Driver/Src/stm32f1xx_hal_gpio.c.obj
 .debug_info    0x0000000000004863     0x1d0c CMakeFiles/Oplink.elf.dir/Drivers/STM32F1xx_HAL_Driver/Src/stm32f1xx_hal_pcd.c.obj
 .debug_info    0x000000000000656f      0xef4 CMakeFiles/Oplink.elf.dir/Drivers/STM32F1xx_HAL_Driver/Src/stm32f1xx_hal_pcd_ex.c.obj
 .debug_info    0x0000000000007463     0x13dc CMakeFiles/Oplink.elf.dir/Drivers/STM32F1xx_HAL_Driver/Src/stm32f1xx_hal_rcc.c.obj
 .debug_info    0x000000000000883f      0xd3d CMakeFiles/Oplink.elf.dir/Drivers/STM32F1xx_HAL_Driver/Src/stm32f1xx_hal_rcc_ex.c.obj
 .debug_info    0x000000000000957c      0xefe CMakeFiles/Oplink.elf.dir/Drivers/STM32F1xx_HAL_Driver/Src/stm32f1xx_hal_spi_ex.c.obj
 .debug_info    0x000000000000a47a     0x2256 CMakeFiles/Oplink.elf.dir/Drivers/STM32F1xx_HAL_Driver/Src/stm32f1xx_hal_uart.c.obj
 .debug_info    0x000000000000c6d0     0x1a9e CMakeFiles/Oplink.elf.dir/Drivers/STM32F1xx_HAL_Driver/Src/stm32f1xx_ll_usb.c.obj
 .debug_info    0x000000000000e16e     0x171b CMakeFiles/Oplink.elf.dir/Middlewares/ST/STM32_USB_Device_Library/Class/CDC/Src/usbd_cdc.c.obj
 .debug_info    0x000000000000f889     0x161b CMakeFiles/Oplink.elf.dir/Middlewares/ST/STM32_USB_Device_Library/Core/Src/usbd_core.c.obj
 .debug_info    0x0000000000010ea4     0x17da CMakeFiles/Oplink.elf.dir/Middlewares/ST/STM32_USB_Device_Library/Core/Src/usbd_ctlreq.c.obj
 .debug_info    0x000000000001267e     0x10f1 CMakeFiles/Oplink.elf.dir/Middlewares/ST/STM32_USB_Device_Library/Core/Src/usbd_ioreq.c.obj
 .debug_info    0x000000000001376f     0x21b7 CMakeFiles/Oplink.elf.dir/Src/main.c.obj
 .debug_info    0x0000000000015926     0x1820 CMakeFiles/Oplink.elf.dir/Src/stm32f1xx_hal_msp.c.obj
 .debug_info    0x0000000000017146     0x13ae CMakeFiles/Oplink.elf.dir/Src/stm32f1xx_it.c.obj
 .debug_info    0x00000000000184f4      0xccc CMakeFiles/Oplink.elf.dir/Src/system_stm32f1xx.c.obj
 .debug_info    0x00000000000191c0      0xf61 CMakeFiles/Oplink.elf.dir/Src/usb_device.c.obj
 .debug_info    0x000000000001a121     0x11a3 CMakeFiles/Oplink.elf.dir/Src/usbd_cdc_if.c.obj
 .debug_info    0x000000000001b2c4     0x2359 CMakeFiles/Oplink.elf.dir/Src/usbd_conf.c.obj
 .debug_info    0x000000000001d61d      0xe97 CMakeFiles/Oplink.elf.dir/Src/usbd_desc.c.obj

.debug_abbrev   0x0000000000000000     0x459c
 .debug_abbrev  0x0000000000000000      0x35e CMakeFiles/Oplink.elf.dir/Drivers/STM32F1xx_HAL_Driver/Src/stm32f1xx_hal.c.obj
 .debug_abbrev  0x000000000000035e      0x426 CMakeFiles/Oplink.elf.dir/Drivers/STM32F1xx_HAL_Driver/Src/stm32f1xx_hal_cortex.c.obj
 .debug_abbrev  0x0000000000000784      0x2fa CMakeFiles/Oplink.elf.dir/Drivers/STM32F1xx_HAL_Driver/Src/stm32f1xx_hal_dma.c.obj
 .debug_abbrev  0x0000000000000a7e      0x2ae CMakeFiles/Oplink.elf.dir/Drivers/STM32F1xx_HAL_Driver/Src/stm32f1xx_hal_gpio.c.obj
 .debug_abbrev  0x0000000000000d2c      0x422 CMakeFiles/Oplink.elf.dir/Drivers/STM32F1xx_HAL_Driver/Src/stm32f1xx_hal_pcd.c.obj
 .debug_abbrev  0x000000000000114e      0x22b CMakeFiles/Oplink.elf.dir/Drivers/STM32F1xx_HAL_Driver/Src/stm32f1xx_hal_pcd_ex.c.obj
 .debug_abbrev  0x0000000000001379      0x3f9 CMakeFiles/Oplink.elf.dir/Drivers/STM32F1xx_HAL_Driver/Src/stm32f1xx_hal_rcc.c.obj
 .debug_abbrev  0x0000000000001772      0x2bb CMakeFiles/Oplink.elf.dir/Drivers/STM32F1xx_HAL_Driver/Src/stm32f1xx_hal_rcc_ex.c.obj
 .debug_abbrev  0x0000000000001a2d      0x1f9 CMakeFiles/Oplink.elf.dir/Drivers/STM32F1xx_HAL_Driver/Src/stm32f1xx_hal_spi_ex.c.obj
 .debug_abbrev  0x0000000000001c26      0x3e9 CMakeFiles/Oplink.elf.dir/Drivers/STM32F1xx_HAL_Driver/Src/stm32f1xx_hal_uart.c.obj
 .debug_abbrev  0x000000000000200f      0x377 CMakeFiles/Oplink.elf.dir/Drivers/STM32F1xx_HAL_Driver/Src/stm32f1xx_ll_usb.c.obj
 .debug_abbrev  0x0000000000002386      0x330 CMakeFiles/Oplink.elf.dir/Middlewares/ST/STM32_USB_Device_Library/Class/CDC/Src/usbd_cdc.c.obj
 .debug_abbrev  0x00000000000026b6      0x343 CMakeFiles/Oplink.elf.dir/Middlewares/ST/STM32_USB_Device_Library/Core/Src/usbd_core.c.obj
 .debug_abbrev  0x00000000000029f9      0x420 CMakeFiles/Oplink.elf.dir/Middlewares/ST/STM32_USB_Device_Library/Core/Src/usbd_ctlreq.c.obj
 .debug_abbrev  0x0000000000002e19      0x20a CMakeFiles/Oplink.elf.dir/Middlewares/ST/STM32_USB_Device_Library/Core/Src/usbd_ioreq.c.obj
 .debug_abbrev  0x0000000000003023      0x370 CMakeFiles/Oplink.elf.dir/Src/main.c.obj
 .debug_abbrev  0x0000000000003393      0x283 CMakeFiles/Oplink.elf.dir/Src/stm32f1xx_hal_msp.c.obj
 .debug_abbrev  0x0000000000003616      0x27b CMakeFiles/Oplink.elf.dir/Src/stm32f1xx_it.c.obj
 .debug_abbrev  0x0000000000003891      0x21f CMakeFiles/Oplink.elf.dir/Src/system_stm32f1xx.c.obj
 .debug_abbrev  0x0000000000003ab0      0x208 CMakeFiles/Oplink.elf.dir/Src/usb_device.c.obj
 .debug_abbrev  0x0000000000003cb8      0x2e7 CMakeFiles/Oplink.elf.dir/Src/usbd_cdc_if.c.obj
 .debug_abbrev  0x0000000000003f9f      0x335 CMakeFiles/Oplink.elf.dir/Src/usbd_conf.c.obj
 .debug_abbrev  0x00000000000042d4      0x2c8 CMakeFiles/Oplink.elf.dir/Src/usbd_desc.c.obj

.debug_loc      0x0000000000000000     0x8b2f
 .debug_loc     0x0000000000000000      0x142 CMakeFiles/Oplink.elf.dir/Drivers/STM32F1xx_HAL_Driver/Src/stm32f1xx_hal.c.obj
 .debug_loc     0x0000000000000142      0x725 CMakeFiles/Oplink.elf.dir/Drivers/STM32F1xx_HAL_Driver/Src/stm32f1xx_hal_cortex.c.obj
 .debug_loc     0x0000000000000867      0xb03 CMakeFiles/Oplink.elf.dir/Drivers/STM32F1xx_HAL_Driver/Src/stm32f1xx_hal_dma.c.obj
 .debug_loc     0x000000000000136a      0x4af CMakeFiles/Oplink.elf.dir/Drivers/STM32F1xx_HAL_Driver/Src/stm32f1xx_hal_gpio.c.obj
 .debug_loc     0x0000000000001819      0xe02 CMakeFiles/Oplink.elf.dir/Drivers/STM32F1xx_HAL_Driver/Src/stm32f1xx_hal_pcd.c.obj
 .debug_loc     0x000000000000261b      0x123 CMakeFiles/Oplink.elf.dir/Drivers/STM32F1xx_HAL_Driver/Src/stm32f1xx_hal_pcd_ex.c.obj
 .debug_loc     0x000000000000273e      0x6ec CMakeFiles/Oplink.elf.dir/Drivers/STM32F1xx_HAL_Driver/Src/stm32f1xx_hal_rcc.c.obj
 .debug_loc     0x0000000000002e2a      0x339 CMakeFiles/Oplink.elf.dir/Drivers/STM32F1xx_HAL_Driver/Src/stm32f1xx_hal_rcc_ex.c.obj
 .debug_loc     0x0000000000003163       0x59 CMakeFiles/Oplink.elf.dir/Drivers/STM32F1xx_HAL_Driver/Src/stm32f1xx_hal_spi_ex.c.obj
 .debug_loc     0x00000000000031bc     0x1678 CMakeFiles/Oplink.elf.dir/Drivers/STM32F1xx_HAL_Driver/Src/stm32f1xx_hal_uart.c.obj
 .debug_loc     0x0000000000004834     0x1438 CMakeFiles/Oplink.elf.dir/Drivers/STM32F1xx_HAL_Driver/Src/stm32f1xx_ll_usb.c.obj
 .debug_loc     0x0000000000005c6c      0x6cf CMakeFiles/Oplink.elf.dir/Middlewares/ST/STM32_USB_Device_Library/Class/CDC/Src/usbd_cdc.c.obj
 .debug_loc     0x000000000000633b      0x7fa CMakeFiles/Oplink.elf.dir/Middlewares/ST/STM32_USB_Device_Library/Core/Src/usbd_core.c.obj
 .debug_loc     0x0000000000006b35      0xcea CMakeFiles/Oplink.elf.dir/Middlewares/ST/STM32_USB_Device_Library/Core/Src/usbd_ctlreq.c.obj
 .debug_loc     0x000000000000781f      0x284 CMakeFiles/Oplink.elf.dir/Middlewares/ST/STM32_USB_Device_Library/Core/Src/usbd_ioreq.c.obj
 .debug_loc     0x0000000000007aa3       0x2a CMakeFiles/Oplink.elf.dir/Src/main.c.obj
 .debug_loc     0x0000000000007acd       0xe3 CMakeFiles/Oplink.elf.dir/Src/stm32f1xx_hal_msp.c.obj
 .debug_loc     0x0000000000007bb0       0xe7 CMakeFiles/Oplink.elf.dir/Src/system_stm32f1xx.c.obj
 .debug_loc     0x0000000000007c97      0x114 CMakeFiles/Oplink.elf.dir/Src/usbd_cdc_if.c.obj
 .debug_loc     0x0000000000007dab      0xabf CMakeFiles/Oplink.elf.dir/Src/usbd_conf.c.obj
 .debug_loc     0x000000000000886a      0x2c5 CMakeFiles/Oplink.elf.dir/Src/usbd_desc.c.obj

.debug_aranges  0x0000000000000000      0xac0
 .debug_aranges
                0x0000000000000000       0xc8 CMakeFiles/Oplink.elf.dir/Drivers/STM32F1xx_HAL_Driver/Src/stm32f1xx_hal.c.obj
 .debug_aranges
                0x00000000000000c8       0x90 CMakeFiles/Oplink.elf.dir/Drivers/STM32F1xx_HAL_Driver/Src/stm32f1xx_hal_cortex.c.obj
 .debug_aranges
                0x0000000000000158       0x78 CMakeFiles/Oplink.elf.dir/Drivers/STM32F1xx_HAL_Driver/Src/stm32f1xx_hal_dma.c.obj
 .debug_aranges
                0x00000000000001d0       0x58 CMakeFiles/Oplink.elf.dir/Drivers/STM32F1xx_HAL_Driver/Src/stm32f1xx_hal_gpio.c.obj
 .debug_aranges
                0x0000000000000228       0xc0 CMakeFiles/Oplink.elf.dir/Drivers/STM32F1xx_HAL_Driver/Src/stm32f1xx_hal_pcd.c.obj
 .debug_aranges
                0x00000000000002e8       0x28 CMakeFiles/Oplink.elf.dir/Drivers/STM32F1xx_HAL_Driver/Src/stm32f1xx_hal_pcd_ex.c.obj
 .debug_aranges
                0x0000000000000310       0x88 CMakeFiles/Oplink.elf.dir/Drivers/STM32F1xx_HAL_Driver/Src/stm32f1xx_hal_rcc.c.obj
 .debug_aranges
                0x0000000000000398       0x30 CMakeFiles/Oplink.elf.dir/Drivers/STM32F1xx_HAL_Driver/Src/stm32f1xx_hal_rcc_ex.c.obj
 .debug_aranges
                0x00000000000003c8       0x20 CMakeFiles/Oplink.elf.dir/Drivers/STM32F1xx_HAL_Driver/Src/stm32f1xx_hal_spi_ex.c.obj
 .debug_aranges
                0x00000000000003e8      0x160 CMakeFiles/Oplink.elf.dir/Drivers/STM32F1xx_HAL_Driver/Src/stm32f1xx_hal_uart.c.obj
 .debug_aranges
                0x0000000000000548       0xe0 CMakeFiles/Oplink.elf.dir/Drivers/STM32F1xx_HAL_Driver/Src/stm32f1xx_ll_usb.c.obj
 .debug_aranges
                0x0000000000000628       0x90 CMakeFiles/Oplink.elf.dir/Middlewares/ST/STM32_USB_Device_Library/Class/CDC/Src/usbd_cdc.c.obj
 .debug_aranges
                0x00000000000006b8       0xa8 CMakeFiles/Oplink.elf.dir/Middlewares/ST/STM32_USB_Device_Library/Core/Src/usbd_core.c.obj
 .debug_aranges
                0x0000000000000760       0x48 CMakeFiles/Oplink.elf.dir/Middlewares/ST/STM32_USB_Device_Library/Core/Src/usbd_ctlreq.c.obj
 .debug_aranges
                0x00000000000007a8       0x50 CMakeFiles/Oplink.elf.dir/Middlewares/ST/STM32_USB_Device_Library/Core/Src/usbd_ioreq.c.obj
 .debug_aranges
                0x00000000000007f8       0x38 CMakeFiles/Oplink.elf.dir/Src/main.c.obj
 .debug_aranges
                0x0000000000000830       0x40 CMakeFiles/Oplink.elf.dir/Src/stm32f1xx_hal_msp.c.obj
 .debug_aranges
                0x0000000000000870       0x68 CMakeFiles/Oplink.elf.dir/Src/stm32f1xx_it.c.obj
 .debug_aranges
                0x00000000000008d8       0x28 CMakeFiles/Oplink.elf.dir/Src/system_stm32f1xx.c.obj
 .debug_aranges
                0x0000000000000900       0x20 CMakeFiles/Oplink.elf.dir/Src/usb_device.c.obj
 .debug_aranges
                0x0000000000000920       0x40 CMakeFiles/Oplink.elf.dir/Src/usbd_cdc_if.c.obj
 .debug_aranges
                0x0000000000000960      0x110 CMakeFiles/Oplink.elf.dir/Src/usbd_conf.c.obj
 .debug_aranges
                0x0000000000000a70       0x50 CMakeFiles/Oplink.elf.dir/Src/usbd_desc.c.obj

.debug_ranges   0x0000000000000000     0x1258
 .debug_ranges  0x0000000000000000       0xb8 CMakeFiles/Oplink.elf.dir/Drivers/STM32F1xx_HAL_Driver/Src/stm32f1xx_hal.c.obj
 .debug_ranges  0x00000000000000b8      0x180 CMakeFiles/Oplink.elf.dir/Drivers/STM32F1xx_HAL_Driver/Src/stm32f1xx_hal_cortex.c.obj
 .debug_ranges  0x0000000000000238       0xc8 CMakeFiles/Oplink.elf.dir/Drivers/STM32F1xx_HAL_Driver/Src/stm32f1xx_hal_dma.c.obj
 .debug_ranges  0x0000000000000300       0x60 CMakeFiles/Oplink.elf.dir/Drivers/STM32F1xx_HAL_Driver/Src/stm32f1xx_hal_gpio.c.obj
 .debug_ranges  0x0000000000000360      0x138 CMakeFiles/Oplink.elf.dir/Drivers/STM32F1xx_HAL_Driver/Src/stm32f1xx_hal_pcd.c.obj
 .debug_ranges  0x0000000000000498       0x18 CMakeFiles/Oplink.elf.dir/Drivers/STM32F1xx_HAL_Driver/Src/stm32f1xx_hal_pcd_ex.c.obj
 .debug_ranges  0x00000000000004b0      0x138 CMakeFiles/Oplink.elf.dir/Drivers/STM32F1xx_HAL_Driver/Src/stm32f1xx_hal_rcc.c.obj
 .debug_ranges  0x00000000000005e8       0x60 CMakeFiles/Oplink.elf.dir/Drivers/STM32F1xx_HAL_Driver/Src/stm32f1xx_hal_rcc_ex.c.obj
 .debug_ranges  0x0000000000000648       0x10 CMakeFiles/Oplink.elf.dir/Drivers/STM32F1xx_HAL_Driver/Src/stm32f1xx_hal_spi_ex.c.obj
 .debug_ranges  0x0000000000000658      0x2a8 CMakeFiles/Oplink.elf.dir/Drivers/STM32F1xx_HAL_Driver/Src/stm32f1xx_hal_uart.c.obj
 .debug_ranges  0x0000000000000900      0x2f8 CMakeFiles/Oplink.elf.dir/Drivers/STM32F1xx_HAL_Driver/Src/stm32f1xx_ll_usb.c.obj
 .debug_ranges  0x0000000000000bf8       0x80 CMakeFiles/Oplink.elf.dir/Middlewares/ST/STM32_USB_Device_Library/Class/CDC/Src/usbd_cdc.c.obj
 .debug_ranges  0x0000000000000c78       0x98 CMakeFiles/Oplink.elf.dir/Middlewares/ST/STM32_USB_Device_Library/Core/Src/usbd_core.c.obj
 .debug_ranges  0x0000000000000d10       0xf8 CMakeFiles/Oplink.elf.dir/Middlewares/ST/STM32_USB_Device_Library/Core/Src/usbd_ctlreq.c.obj
 .debug_ranges  0x0000000000000e08       0x40 CMakeFiles/Oplink.elf.dir/Middlewares/ST/STM32_USB_Device_Library/Core/Src/usbd_ioreq.c.obj
 .debug_ranges  0x0000000000000e48       0x98 CMakeFiles/Oplink.elf.dir/Src/main.c.obj
 .debug_ranges  0x0000000000000ee0       0xf0 CMakeFiles/Oplink.elf.dir/Src/stm32f1xx_hal_msp.c.obj
 .debug_ranges  0x0000000000000fd0       0x58 CMakeFiles/Oplink.elf.dir/Src/stm32f1xx_it.c.obj
 .debug_ranges  0x0000000000001028       0x18 CMakeFiles/Oplink.elf.dir/Src/system_stm32f1xx.c.obj
 .debug_ranges  0x0000000000001040       0x10 CMakeFiles/Oplink.elf.dir/Src/usb_device.c.obj
 .debug_ranges  0x0000000000001050       0x30 CMakeFiles/Oplink.elf.dir/Src/usbd_cdc_if.c.obj
 .debug_ranges  0x0000000000001080      0x138 CMakeFiles/Oplink.elf.dir/Src/usbd_conf.c.obj
 .debug_ranges  0x00000000000011b8       0xa0 CMakeFiles/Oplink.elf.dir/Src/usbd_desc.c.obj

.debug_line     0x0000000000000000     0xd1a1
 .debug_line    0x0000000000000000      0x67d CMakeFiles/Oplink.elf.dir/Drivers/STM32F1xx_HAL_Driver/Src/stm32f1xx_hal.c.obj
 .debug_line    0x000000000000067d      0x7ad CMakeFiles/Oplink.elf.dir/Drivers/STM32F1xx_HAL_Driver/Src/stm32f1xx_hal_cortex.c.obj
 .debug_line    0x0000000000000e2a      0xe31 CMakeFiles/Oplink.elf.dir/Drivers/STM32F1xx_HAL_Driver/Src/stm32f1xx_hal_dma.c.obj
 .debug_line    0x0000000000001c5b      0x84a CMakeFiles/Oplink.elf.dir/Drivers/STM32F1xx_HAL_Driver/Src/stm32f1xx_hal_gpio.c.obj
 .debug_line    0x00000000000024a5     0x1195 CMakeFiles/Oplink.elf.dir/Drivers/STM32F1xx_HAL_Driver/Src/stm32f1xx_hal_pcd.c.obj
 .debug_line    0x000000000000363a      0x3df CMakeFiles/Oplink.elf.dir/Drivers/STM32F1xx_HAL_Driver/Src/stm32f1xx_hal_pcd_ex.c.obj
 .debug_line    0x0000000000003a19      0xedf CMakeFiles/Oplink.elf.dir/Drivers/STM32F1xx_HAL_Driver/Src/stm32f1xx_hal_rcc.c.obj
 .debug_line    0x00000000000048f8      0x674 CMakeFiles/Oplink.elf.dir/Drivers/STM32F1xx_HAL_Driver/Src/stm32f1xx_hal_rcc_ex.c.obj
 .debug_line    0x0000000000004f6c      0x410 CMakeFiles/Oplink.elf.dir/Drivers/STM32F1xx_HAL_Driver/Src/stm32f1xx_hal_spi_ex.c.obj
 .debug_line    0x000000000000537c     0x1fba CMakeFiles/Oplink.elf.dir/Drivers/STM32F1xx_HAL_Driver/Src/stm32f1xx_hal_uart.c.obj
 .debug_line    0x0000000000007336     0x1066 CMakeFiles/Oplink.elf.dir/Drivers/STM32F1xx_HAL_Driver/Src/stm32f1xx_ll_usb.c.obj
 .debug_line    0x000000000000839c      0x88d CMakeFiles/Oplink.elf.dir/Middlewares/ST/STM32_USB_Device_Library/Class/CDC/Src/usbd_cdc.c.obj
 .debug_line    0x0000000000008c29      0x899 CMakeFiles/Oplink.elf.dir/Middlewares/ST/STM32_USB_Device_Library/Core/Src/usbd_core.c.obj
 .debug_line    0x00000000000094c2      0x91f CMakeFiles/Oplink.elf.dir/Middlewares/ST/STM32_USB_Device_Library/Core/Src/usbd_ctlreq.c.obj
 .debug_line    0x0000000000009de1      0x4d5 CMakeFiles/Oplink.elf.dir/Middlewares/ST/STM32_USB_Device_Library/Core/Src/usbd_ioreq.c.obj
 .debug_line    0x000000000000a2b6      0x8ba CMakeFiles/Oplink.elf.dir/Src/main.c.obj
 .debug_line    0x000000000000ab70      0x5e9 CMakeFiles/Oplink.elf.dir/Src/stm32f1xx_hal_msp.c.obj
 .debug_line    0x000000000000b159      0x4ab CMakeFiles/Oplink.elf.dir/Src/stm32f1xx_it.c.obj
 .debug_line    0x000000000000b604      0x3c5 CMakeFiles/Oplink.elf.dir/Src/system_stm32f1xx.c.obj
 .debug_line    0x000000000000b9c9      0x460 CMakeFiles/Oplink.elf.dir/Src/usb_device.c.obj
 .debug_line    0x000000000000be29      0x4c7 CMakeFiles/Oplink.elf.dir/Src/usbd_cdc_if.c.obj
 .debug_line    0x000000000000c2f0      0x9d6 CMakeFiles/Oplink.elf.dir/Src/usbd_conf.c.obj
 .debug_line    0x000000000000ccc6      0x4db CMakeFiles/Oplink.elf.dir/Src/usbd_desc.c.obj

.debug_str      0x0000000000000000     0x3bd5
 .debug_str     0x0000000000000000      0xbff CMakeFiles/Oplink.elf.dir/Drivers/STM32F1xx_HAL_Driver/Src/stm32f1xx_hal.c.obj
                                        0xcab (size before relaxing)
 .debug_str     0x0000000000000bff      0x2fc CMakeFiles/Oplink.elf.dir/Drivers/STM32F1xx_HAL_Driver/Src/stm32f1xx_hal_cortex.c.obj
                                        0xd59 (size before relaxing)
 .debug_str     0x0000000000000efb      0x40b CMakeFiles/Oplink.elf.dir/Drivers/STM32F1xx_HAL_Driver/Src/stm32f1xx_hal_dma.c.obj
                                        0xabd (size before relaxing)
 .debug_str     0x0000000000001306      0x1df CMakeFiles/Oplink.elf.dir/Drivers/STM32F1xx_HAL_Driver/Src/stm32f1xx_hal_gpio.c.obj
                                        0x8c6 (size before relaxing)
 .debug_str     0x00000000000014e5      0x7b8 CMakeFiles/Oplink.elf.dir/Drivers/STM32F1xx_HAL_Driver/Src/stm32f1xx_hal_pcd.c.obj
                                        0xec0 (size before relaxing)
 .debug_str     0x0000000000001c9d       0x72 CMakeFiles/Oplink.elf.dir/Drivers/STM32F1xx_HAL_Driver/Src/stm32f1xx_hal_pcd_ex.c.obj
                                        0x9eb (size before relaxing)
 .debug_str     0x0000000000001d0f      0x33a CMakeFiles/Oplink.elf.dir/Drivers/STM32F1xx_HAL_Driver/Src/stm32f1xx_hal_rcc.c.obj
                                        0xa9d (size before relaxing)
 .debug_str     0x0000000000002049      0x146 CMakeFiles/Oplink.elf.dir/Drivers/STM32F1xx_HAL_Driver/Src/stm32f1xx_hal_rcc_ex.c.obj
                                        0x881 (size before relaxing)
 .debug_str     0x000000000000218f      0x21f CMakeFiles/Oplink.elf.dir/Drivers/STM32F1xx_HAL_Driver/Src/stm32f1xx_hal_spi_ex.c.obj
                                        0xa81 (size before relaxing)
 .debug_str     0x00000000000023ae      0x6a5 CMakeFiles/Oplink.elf.dir/Drivers/STM32F1xx_HAL_Driver/Src/stm32f1xx_hal_uart.c.obj
                                       0x100e (size before relaxing)
 .debug_str     0x0000000000002a53      0x16a CMakeFiles/Oplink.elf.dir/Drivers/STM32F1xx_HAL_Driver/Src/stm32f1xx_ll_usb.c.obj
                                        0xbbe (size before relaxing)
 .debug_str     0x0000000000002bbd      0x65a CMakeFiles/Oplink.elf.dir/Middlewares/ST/STM32_USB_Device_Library/Class/CDC/Src/usbd_cdc.c.obj
                                        0xd6a (size before relaxing)
 .debug_str     0x0000000000003217      0x2bb CMakeFiles/Oplink.elf.dir/Middlewares/ST/STM32_USB_Device_Library/Core/Src/usbd_core.c.obj
                                        0xcdc (size before relaxing)
 .debug_str     0x00000000000034d2      0x149 CMakeFiles/Oplink.elf.dir/Middlewares/ST/STM32_USB_Device_Library/Core/Src/usbd_ctlreq.c.obj
                                        0xbf6 (size before relaxing)
 .debug_str     0x000000000000361b       0x6c CMakeFiles/Oplink.elf.dir/Middlewares/ST/STM32_USB_Device_Library/Core/Src/usbd_ioreq.c.obj
                                        0xb23 (size before relaxing)
 .debug_str     0x0000000000003687      0x128 CMakeFiles/Oplink.elf.dir/Src/main.c.obj
                                       0x164d (size before relaxing)
 .debug_str     0x00000000000037af       0x48 CMakeFiles/Oplink.elf.dir/Src/stm32f1xx_hal_msp.c.obj
                                        0xfb0 (size before relaxing)
 .debug_str     0x00000000000037f7      0x12c CMakeFiles/Oplink.elf.dir/Src/stm32f1xx_it.c.obj
                                        0xddf (size before relaxing)
 .debug_str     0x0000000000003923       0x68 CMakeFiles/Oplink.elf.dir/Src/system_stm32f1xx.c.obj
                                        0x72f (size before relaxing)
 .debug_str     0x000000000000398b       0x2f CMakeFiles/Oplink.elf.dir/Src/usb_device.c.obj
                                        0xabc (size before relaxing)
 .debug_str     0x00000000000039ba       0x86 CMakeFiles/Oplink.elf.dir/Src/usbd_cdc_if.c.obj
                                        0xbb6 (size before relaxing)
 .debug_str     0x0000000000003a40       0x6c CMakeFiles/Oplink.elf.dir/Src/usbd_conf.c.obj
                                       0x15bd (size before relaxing)
 .debug_str     0x0000000000003aac      0x129 CMakeFiles/Oplink.elf.dir/Src/usbd_desc.c.obj
                                        0x897 (size before relaxing)

.comment        0x0000000000000000       0x75
 .comment       0x0000000000000000       0x75 CMakeFiles/Oplink.elf.dir/Drivers/STM32F1xx_HAL_Driver/Src/stm32f1xx_hal.c.obj
                                         0x76 (size before relaxing)